LiquidCristal.cpp:36:6:void LiquidCrystal(GPIO_TypeDef*, uint16_t, uint16_t, uint16_t, uint16_t, uint16_t, uint16_t, uint16_t)	64	static
LiquidCristal.cpp:45:6:void init(uint8_t, GPIO_TypeDef*, uint16_t, uint16_t, uint16_t, uint16_t, uint16_t, uint16_t, uint16_t, uint16_t, uint16_t, uint16_t, uint16_t)	24	static
LiquidCristal.cpp:71:6:void begin(uint8_t, uint8_t)	40	static
LiquidCristal.cpp:165:6:void enableClock()	32	static
LiquidCristal.cpp:185:6:void setRowOffsets(int, int, int, int)	24	static
LiquidCristal.cpp:194:6:void clear()	8	static
LiquidCristal.cpp:200:6:void home()	8	static
LiquidCristal.cpp:206:6:void setCursor(uint8_t, uint8_t)	24	static
LiquidCristal.cpp:220:6:void noDisplay()	8	static
LiquidCristal.cpp:224:6:void display()	8	static
LiquidCristal.cpp:230:6:void noCursor()	8	static
LiquidCristal.cpp:234:6:void cursor()	8	static
LiquidCristal.cpp:240:6:void noBlink()	8	static
LiquidCristal.cpp:244:6:void blink()	8	static
LiquidCristal.cpp:250:6:void scrollDisplayLeft()	8	static
LiquidCristal.cpp:253:6:void scrollDisplayRight()	8	static
LiquidCristal.cpp:258:6:void leftToRight()	8	static
LiquidCristal.cpp:264:6:void rightToLeft()	8	static
LiquidCristal.cpp:270:6:void autoscroll()	8	static
LiquidCristal.cpp:276:6:void noAutoscroll()	8	static
LiquidCristal.cpp:282:8:size_t print(const char*)	32	static
LiquidCristal.cpp:298:6:void createChar(uint8_t, uint8_t*)	24	static
LiquidCristal.cpp:308:13:void command(uint8_t)	16	static
LiquidCristal.cpp:312:15:size_t write(uint8_t)	16	static
LiquidCristal.cpp:320:6:void send_(uint8_t, GPIO_PinState)	16	static
LiquidCristal.cpp:336:6:void pulseEnable()	8	static
LiquidCristal.cpp:345:6:void write4bits(uint8_t)	24	static
LiquidCristal.cpp:353:6:void write8bits(uint8_t)	24	static
