gthr-default.h:229:1:int __gthread_key_delete(__gthread_key_t)	16	static
PacketFields.h:55:2:ValueField::ValueField()	16	static
SLMPPacket.h:11:8:SLMPPacket::SLMPPacket()	16	static
SLMPResponceParser.cpp:7:12:SLMPPacket parseResponse(unsigned char*, unsigned int)	32	static
stl_vector.h:259:7:std::vector<_Tp, _Alloc>::vector() [with _Tp = unsigned char; _Alloc = std::allocator<unsigned char>]	16	static
PacketFields.h:22:2:Field<ValueType, DumpSize>::Field() [with ValueType = short unsigned int; unsigned int DumpSize = 2]	16	static
PacketFields.h:22:2:Field<ValueType, DumpSize>::Field() [with ValueType = unsigned char; unsigned int DumpSize = 1]	16	static
PacketFields.h:22:2:Field<ValueType, DumpSize>::Field() [with ValueType = unsigned int; unsigned int DumpSize = 3]	16	static
PacketFields.h:31:7:void Field<ValueType, DumpSize>::getFromDump(unsigned char*) [with ValueType = short unsigned int; unsigned int DumpSize = 2]	24	static
PacketFields.h:31:7:void Field<ValueType, DumpSize>::getFromDump(unsigned char*) [with ValueType = unsigned char; unsigned int DumpSize = 1]	24	static
stl_vector.h:126:7:std::_Vector_base<_Tp, _Alloc>::_Vector_base() [with _Tp = unsigned char; _Alloc = std::allocator<unsigned char>]	16	static
cpp_type_traits.h:408:5:_Iterator std::__miter_base(_Iterator) [with _Iterator = unsigned char*]	16	static
stl_algobase.h:446:5:_OI std::copy(_II, _II, _OI) [with _II = unsigned char*; _OI = unsigned char*]	32	static
array:126:7:std::array<_Tp, _Nm>::value_type* std::array<_Tp, _Nm>::begin() [with _Tp = unsigned char; unsigned int _Nm = 2]	16	static
array:126:7:std::array<_Tp, _Nm>::value_type* std::array<_Tp, _Nm>::begin() [with _Tp = unsigned char; unsigned int _Nm = 1]	16	static
stl_vector.h:88:2:std::_Vector_base<_Tp, _Alloc>::_Vector_impl::_Vector_impl() [with _Tp = unsigned char; _Alloc = std::allocator<unsigned char>]	16	static
stl_algobase.h:277:5:_Iterator std::__niter_base(_Iterator) [with _Iterator = unsigned char*]	16	static
stl_algobase.h:375:5:_OI std::__copy_move_a(_II, _II, _OI) [with bool _IsMove = false; _II = unsigned char*; _OI = unsigned char*]	32	static
stl_algobase.h:420:5:_OI std::__copy_move_a2(_II, _II, _OI) [with bool _IsMove = false; _II = unsigned char*; _OI = unsigned char*]	32	static
array:234:7:std::array<_Tp, _Nm>::value_type* std::array<_Tp, _Nm>::data() [with _Tp = unsigned char; unsigned int _Nm = 2]	16	static
array:234:7:std::array<_Tp, _Nm>::value_type* std::array<_Tp, _Nm>::data() [with _Tp = unsigned char; unsigned int _Nm = 1]	16	static
allocator.h:131:7:std::allocator< <template-parameter-1-1> >::allocator() [with _Tp = unsigned char]	16	static
stl_algobase.h:357:9:static _Tp* std::__copy_move<_IsMove, true, std::random_access_iterator_tag>::__copy_m(const _Tp*, const _Tp*, _Tp*) [with _Tp = unsigned char; bool _IsMove = false]	32	static
array:59:7:static constexpr _Tp* std::__array_traits<_Tp, _Nm>::_S_ptr(const _Tp (&)[_Nm]) [with _Tp = unsigned char; unsigned int _Nm = 2]	16	static
array:59:7:static constexpr _Tp* std::__array_traits<_Tp, _Nm>::_S_ptr(const _Tp (&)[_Nm]) [with _Tp = unsigned char; unsigned int _Nm = 1]	16	static
new_allocator.h:79:7:__gnu_cxx::new_allocator<_Tp>::new_allocator() [with _Tp = unsigned char]	16	static
