Archive member included to satisfy reference by file (symbol)

/opt/st/stm32cubeide_1.1.0/plugins/com.st.stm32cube.ide.mcu.externaltools.gnu-tools-for-stm32.7-2018-q2-update.linux64_1.0.0.201904181610/tools/bin/../lib/gcc/arm-none-eabi/7.3.1/../../../../arm-none-eabi/lib/thumb/v7e-m/fpv4-sp/hard/libstdc++_nano.a(del_ops.o)
                              Src/SocketClient.o (operator delete(void*, unsigned int))
/opt/st/stm32cubeide_1.1.0/plugins/com.st.stm32cube.ide.mcu.externaltools.gnu-tools-for-stm32.7-2018-q2-update.linux64_1.0.0.201904181610/tools/bin/../lib/gcc/arm-none-eabi/7.3.1/../../../../arm-none-eabi/lib/thumb/v7e-m/fpv4-sp/hard/libstdc++_nano.a(new_op.o)
                              Src/SocketClient.o (operator new(unsigned int))
/opt/st/stm32cubeide_1.1.0/plugins/com.st.stm32cube.ide.mcu.externaltools.gnu-tools-for-stm32.7-2018-q2-update.linux64_1.0.0.201904181610/tools/bin/../lib/gcc/arm-none-eabi/7.3.1/../../../../arm-none-eabi/lib/thumb/v7e-m/fpv4-sp/hard/libstdc++_nano.a(new_handler.o)
                              /opt/st/stm32cubeide_1.1.0/plugins/com.st.stm32cube.ide.mcu.externaltools.gnu-tools-for-stm32.7-2018-q2-update.linux64_1.0.0.201904181610/tools/bin/../lib/gcc/arm-none-eabi/7.3.1/../../../../arm-none-eabi/lib/thumb/v7e-m/fpv4-sp/hard/libstdc++_nano.a(new_op.o) (std::get_new_handler())
/opt/st/stm32cubeide_1.1.0/plugins/com.st.stm32cube.ide.mcu.externaltools.gnu-tools-for-stm32.7-2018-q2-update.linux64_1.0.0.201904181610/tools/bin/../lib/gcc/arm-none-eabi/7.3.1/../../../../arm-none-eabi/lib/thumb/v7e-m/fpv4-sp/hard/libstdc++_nano.a(del_op.o)
                              Src/mainpp.o (operator delete(void*))
/opt/st/stm32cubeide_1.1.0/plugins/com.st.stm32cube.ide.mcu.externaltools.gnu-tools-for-stm32.7-2018-q2-update.linux64_1.0.0.201904181610/tools/bin/../lib/gcc/arm-none-eabi/7.3.1/../../../../arm-none-eabi/lib/thumb/v7e-m/fpv4-sp/hard/libstdc++_nano.a(functexcept.o)
                              Src/mainpp.o (std::__throw_bad_alloc())
/opt/st/stm32cubeide_1.1.0/plugins/com.st.stm32cube.ide.mcu.externaltools.gnu-tools-for-stm32.7-2018-q2-update.linux64_1.0.0.201904181610/tools/bin/../lib/gcc/arm-none-eabi/7.3.1/../../../../arm-none-eabi/lib/thumb/v7e-m/fpv4-sp/hard/libstdc++_nano.a(snprintf_lite.o)
                              /opt/st/stm32cubeide_1.1.0/plugins/com.st.stm32cube.ide.mcu.externaltools.gnu-tools-for-stm32.7-2018-q2-update.linux64_1.0.0.201904181610/tools/bin/../lib/gcc/arm-none-eabi/7.3.1/../../../../arm-none-eabi/lib/thumb/v7e-m/fpv4-sp/hard/libstdc++_nano.a(functexcept.o) (__gnu_cxx::__snprintf_lite(char*, unsigned int, char const*, std::__va_list))
/opt/st/stm32cubeide_1.1.0/plugins/com.st.stm32cube.ide.mcu.externaltools.gnu-tools-for-stm32.7-2018-q2-update.linux64_1.0.0.201904181610/tools/bin/../lib/gcc/arm-none-eabi/7.3.1/../../../../arm-none-eabi/lib/thumb/v7e-m/fpv4-sp/hard/libc_nano.a(lib_a-abort.o)
                              /opt/st/stm32cubeide_1.1.0/plugins/com.st.stm32cube.ide.mcu.externaltools.gnu-tools-for-stm32.7-2018-q2-update.linux64_1.0.0.201904181610/tools/bin/../lib/gcc/arm-none-eabi/7.3.1/../../../../arm-none-eabi/lib/thumb/v7e-m/fpv4-sp/hard/libstdc++_nano.a(new_op.o) (abort)
/opt/st/stm32cubeide_1.1.0/plugins/com.st.stm32cube.ide.mcu.externaltools.gnu-tools-for-stm32.7-2018-q2-update.linux64_1.0.0.201904181610/tools/bin/../lib/gcc/arm-none-eabi/7.3.1/../../../../arm-none-eabi/lib/thumb/v7e-m/fpv4-sp/hard/libc_nano.a(lib_a-errno.o)
                              Src/syscalls.o (__errno)
/opt/st/stm32cubeide_1.1.0/plugins/com.st.stm32cube.ide.mcu.externaltools.gnu-tools-for-stm32.7-2018-q2-update.linux64_1.0.0.201904181610/tools/bin/../lib/gcc/arm-none-eabi/7.3.1/../../../../arm-none-eabi/lib/thumb/v7e-m/fpv4-sp/hard/libc_nano.a(lib_a-exit.o)
                              /opt/st/stm32cubeide_1.1.0/plugins/com.st.stm32cube.ide.mcu.externaltools.gnu-tools-for-stm32.7-2018-q2-update.linux64_1.0.0.201904181610/tools/bin/../lib/gcc/arm-none-eabi/7.3.1/../../../../arm-none-eabi/lib/thumb/v7e-m/fpv4-sp/hard/crt0.o (exit)
/opt/st/stm32cubeide_1.1.0/plugins/com.st.stm32cube.ide.mcu.externaltools.gnu-tools-for-stm32.7-2018-q2-update.linux64_1.0.0.201904181610/tools/bin/../lib/gcc/arm-none-eabi/7.3.1/../../../../arm-none-eabi/lib/thumb/v7e-m/fpv4-sp/hard/libc_nano.a(lib_a-impure.o)
                              /opt/st/stm32cubeide_1.1.0/plugins/com.st.stm32cube.ide.mcu.externaltools.gnu-tools-for-stm32.7-2018-q2-update.linux64_1.0.0.201904181610/tools/bin/../lib/gcc/arm-none-eabi/7.3.1/../../../../arm-none-eabi/lib/thumb/v7e-m/fpv4-sp/hard/libc_nano.a(lib_a-exit.o) (_global_impure_ptr)
/opt/st/stm32cubeide_1.1.0/plugins/com.st.stm32cube.ide.mcu.externaltools.gnu-tools-for-stm32.7-2018-q2-update.linux64_1.0.0.201904181610/tools/bin/../lib/gcc/arm-none-eabi/7.3.1/../../../../arm-none-eabi/lib/thumb/v7e-m/fpv4-sp/hard/libc_nano.a(lib_a-init.o)
[...]
Memory Configuration

Name             Origin             Length             Attributes
RAM              0x0000000020000000 0x0000000000018000 xrw
FLASH            0x0000000008000000 0x0000000000080000 xr
*default*        0x0000000000000000 0xffffffffffffffff

Linker script and memory map

LOAD /opt/st/stm32cubeide_1.1.0/plugins/com.st.stm32cube.ide.mcu.externaltools.gnu-tools-for-stm32.7-2018-q2-update.linux64_1.0.0.201904181610/tools/bin/../lib/gcc/arm-none-eabi/7.3.1/thumb/v7e-m/fpv4-sp/hard/crti.o
LOAD /opt/st/stm32cubeide_1.1.0/plugins/com.st.stm32cube.ide.mcu.externaltools.gnu-tools-for-stm32.7-2018-q2-update.linux64_1.0.0.201904181610/tools/bin/../lib/gcc/arm-none-eabi/7.3.1/thumb/v7e-m/fpv4-sp/hard/crtbegin.o
LOAD /opt/st/stm32cubeide_1.1.0/plugins/com.st.stm32cube.ide.mcu.externaltools.gnu-tools-for-stm32.7-2018-q2-update.linux64_1.0.0.201904181610/tools/bin/../lib/gcc/arm-none-eabi/7.3.1/../../../../arm-none-eabi/lib/thumb/v7e-m/fpv4-sp/hard/crt0.o
LOAD Drivers/STM32F4xx_HAL_Driver/Src/stm32f4xx_hal.o
LOAD Drivers/STM32F4xx_HAL_Driver/Src/stm32f4xx_hal_cortex.o
LOAD Drivers/STM32F4xx_HAL_Driver/Src/stm32f4xx_hal_dma.o
LOAD Drivers/STM32F4xx_HAL_Driver/Src/stm32f4xx_hal_dma_ex.o
LOAD Drivers/STM32F4xx_HAL_Driver/Src/stm32f4xx_hal_exti.o
LOAD Drivers/STM32F4xx_HAL_Driver/Src/stm32f4xx_hal_flash.o
LOAD Drivers/STM32F4xx_HAL_Driver/Src/stm32f4xx_hal_flash_ex.o
LOAD Drivers/STM32F4xx_HAL_Driver/Src/stm32f4xx_hal_flash_ramfunc.o
LOAD Drivers/STM32F4xx_HAL_Driver/Src/stm32f4xx_hal_gpio.o
LOAD Drivers/STM32F4xx_HAL_Driver/Src/stm32f4xx_hal_pwr.o
LOAD Drivers/STM32F4xx_HAL_Driver/Src/stm32f4xx_hal_pwr_ex.o
LOAD Drivers/STM32F4xx_HAL_Driver/Src/stm32f4xx_hal_rcc.o
LOAD Drivers/STM32F4xx_HAL_Driver/Src/stm32f4xx_hal_rcc_ex.o
LOAD Drivers/STM32F4xx_HAL_Driver/Src/stm32f4xx_hal_spi.o
LOAD Drivers/STM32F4xx_HAL_Driver/Src/stm32f4xx_hal_tim.o
LOAD Drivers/STM32F4xx_HAL_Driver/Src/stm32f4xx_hal_tim_ex.o
LOAD Drivers/STM32F4xx_HAL_Driver/Src/stm32f4xx_hal_uart.o
LOAD Lib/SLMP/SLMPRequestBuilder.o
LOAD Lib/SLMP/SLMPResponceParser.o
LOAD Lib/ioLibrary_Driver/Ethernet/W5100/w5100.o
LOAD Lib/ioLibrary_Driver/Ethernet/W5100S/w5100s.o
LOAD Lib/ioLibrary_Driver/Ethernet/W5200/w5200.o
LOAD Lib/ioLibrary_Driver/Ethernet/W5300/w5300.o
LOAD Lib/ioLibrary_Driver/Ethernet/W5500/w5500.o
LOAD Lib/ioLibrary_Driver/Ethernet/socket.o
LOAD Lib/ioLibrary_Driver/Ethernet/wizchip_conf.o
LOAD Lib/ioLibrary_Driver/Internet/DHCP/dhcp.o
LOAD Lib/ioLibrary_Driver/Internet/DNS/dns.o
LOAD Middlewares/Third_Party/FreeRTOS/Source/CMSIS_RTOS/cmsis_os.o
LOAD Middlewares/Third_Party/FreeRTOS/Source/croutine.o
LOAD Middlewares/Third_Party/FreeRTOS/Source/event_groups.o
LOAD Middlewares/Third_Party/FreeRTOS/Source/list.o
LOAD Middlewares/Third_Party/FreeRTOS/Source/queue.o
LOAD Middlewares/Third_Party/FreeRTOS/Source/stream_buffer.o
LOAD Middlewares/Third_Party/FreeRTOS/Source/tasks.o
LOAD Middlewares/Third_Party/FreeRTOS/Source/timers.o
LOAD Middlewares/Third_Party/FreeRTOS/Source/portable/GCC/ARM_CM4F/port.o
LOAD Middlewares/Third_Party/FreeRTOS/Source/portable/MemMang/heap_4.o
LOAD Src/SocketClient.o
LOAD Src/UartHelper.o
LOAD Src/W5500_chip.o
LOAD Src/freertos.o
LOAD Src/main.o
LOAD Src/mainpp.o
LOAD Src/stm32f4xx_hal_msp.o
LOAD Src/stm32f4xx_hal_timebase_tim.o
LOAD Src/stm32f4xx_it.o
LOAD Src/syscalls.o
LOAD Src/sysmem.o
LOAD Src/system_stm32f4xx.o
LOAD Startup/startup_stm32f401retx.o
START GROUP
LOAD /opt/st/stm32cubeide_1.1.0/plugins/com.st.stm32cube.ide.mcu.externaltools.gnu-tools-for-stm32.7-2018-q2-update.linux64_1.0.0.201904181610/tools/bin/../lib/gcc/arm-none-eabi/7.3.1/../../../../arm-none-eabi/lib/thumb/v7e-m/fpv4-sp/hard/libstdc++_nano.a
LOAD /opt/st/stm32cubeide_1.1.0/plugins/com.st.stm32cube.ide.mcu.externaltools.gnu-tools-for-stm32.7-2018-q2-update.linux64_1.0.0.201904181610/tools/bin/../lib/gcc/arm-none-eabi/7.3.1/../../../../arm-none-eabi/lib/thumb/v7e-m/fpv4-sp/hard/libsupc++_nano.a
END GROUP
LOAD /opt/st/stm32cubeide_1.1.0/plugins/com.st.stm32cube.ide.mcu.externaltools.gnu-tools-for-stm32.7-2018-q2-update.linux64_1.0.0.201904181610/tools/bin/../lib/gcc/arm-none-eabi/7.3.1/../../../../arm-none-eabi/lib/thumb/v7e-m/fpv4-sp/hard/libstdc++_nano.a
LOAD /opt/st/stm32cubeide_1.1.0/plugins/com.st.stm32cube.ide.mcu.externaltools.gnu-tools-for-stm32.7-2018-q2-update.linux64_1.0.0.201904181610/tools/bin/../lib/gcc/arm-none-eabi/7.3.1/../../../../arm-none-eabi/lib/thumb/v7e-m/fpv4-sp/hard/libm.a
LOAD /opt/st/stm32cubeide_1.1.0/plugins/com.st.stm32cube.ide.mcu.externaltools.gnu-tools-for-stm32.7-2018-q2-update.linux64_1.0.0.201904181610/tools/bin/../lib/gcc/arm-none-eabi/7.3.1/../../../../arm-none-eabi/lib/thumb/v7e-m/fpv4-sp/hard/libc_nano.a
START GROUP
LOAD /opt/st/stm32cubeide_1.1.0/plugins/com.st.stm32cube.ide.mcu.externaltools.gnu-tools-for-stm32.7-2018-q2-update.linux64_1.0.0.201904181610/tools/bin/../lib/gcc/arm-none-eabi/7.3.1/thumb/v7e-m/fpv4-sp/hard/libgcc.a
LOAD /opt/st/stm32cubeide_1.1.0/plugins/com.st.stm32cube.ide.mcu.externaltools.gnu-tools-for-stm32.7-2018-q2-update.linux64_1.0.0.201904181610/tools/bin/../lib/gcc/arm-none-eabi/7.3.1/../../../../arm-none-eabi/lib/thumb/v7e-m/fpv4-sp/hard/libc_nano.a
END GROUP
START GROUP
LOAD /opt/st/stm32cubeide_1.1.0/plugins/com.st.stm32cube.ide.mcu.externaltools.gnu-tools-for-stm32.7-2018-q2-update.linux64_1.0.0.201904181610/tools/bin/../lib/gcc/arm-none-eabi/7.3.1/thumb/v7e-m/fpv4-sp/hard/libgcc.a
LOAD /opt/st/stm32cubeide_1.1.0/plugins/com.st.stm32cube.ide.mcu.externaltools.gnu-tools-for-stm32.7-2018-q2-update.linux64_1.0.0.201904181610/tools/bin/../lib/gcc/arm-none-eabi/7.3.1/../../../../arm-none-eabi/lib/thumb/v7e-m/fpv4-sp/hard/libc_nano.a
END GROUP
LOAD /opt/st/stm32cubeide_1.1.0/plugins/com.st.stm32cube.ide.mcu.externaltools.gnu-tools-for-stm32.7-2018-q2-update.linux64_1.0.0.201904181610/tools/bin/../lib/gcc/arm-none-eabi/7.3.1/thumb/v7e-m/fpv4-sp/hard/crtend.o
LOAD /opt/st/stm32cubeide_1.1.0/plugins/com.st.stm32cube.ide.mcu.externaltools.gnu-tools-for-stm32.7-2018-q2-update.linux64_1.0.0.201904181610/tools/bin/../lib/gcc/arm-none-eabi/7.3.1/thumb/v7e-m/fpv4-sp/hard/crtn.o
                0x0000000020018000                _estack = 0x20018000
                0x0000000000000200                _Min_Heap_Size = 0x200
                0x0000000000000400                _Min_Stack_Size = 0x400

.isr_vector     0x0000000008000000      0x194
                0x0000000008000000                . = ALIGN (0x4)
 *(.isr_vector)
 .isr_vector    0x0000000008000000      0x194 Startup/startup_stm32f401retx.o
                0x0000000008000000                g_pfnVectors
                0x0000000008000194                . = ALIGN (0x4)

.text           0x00000000080001a0     0x98fc
                0x00000000080001a0                . = ALIGN (0x4)
 *(.text)
 .text          0x00000000080001a0       0x40 /opt/st/stm32cubeide_1.1.0/plugins/com.st.stm32cube.ide.mcu.externaltools.gnu-tools-for-stm32.7-2018-q2-update.linux64_1.0.0.201904181610/tools/bin/../lib/gcc/arm-none-eabi/7.3.1/thumb/v7e-m/fpv4-sp/hard/crtbegin.o
 .text          0x00000000080001e0       0x10 /opt/st/stm32cubeide_1.1.0/plugins/com.st.stm32cube.ide.mcu.externaltools.gnu-tools-for-stm32.7-2018-q2-update.linux64_1.0.0.201904181610/tools/bin/../lib/gcc/arm-none-eabi/7.3.1/../../../../arm-none-eabi/lib/thumb/v7e-m/fpv4-sp/hard/libc_nano.a(lib_a-strlen.o)
                0x00000000080001e0                strlen
 .text          0x00000000080001f0       0xa0 /opt/st/stm32cubeide_1.1.0/plugins/com.st.stm32cube.ide.mcu.externaltools.gnu-tools-for-stm32.7-2018-q2-update.linux64_1.0.0.201904181610/tools/bin/../lib/gcc/arm-none-eabi/7.3.1/../../../../arm-none-eabi/lib/thumb/v7e-m/fpv4-sp/hard/libc_nano.a(lib_a-memchr.o)
                0x00000000080001f0                memchr
 .text          0x0000000008000290       0x30 /opt/st/stm32cubeide_1.1.0/plugins/com.st.stm32cube.ide.mcu.externaltools.gnu-tools-for-stm32.7-2018-q2-update.linux64_1.0.0.201904181610/tools/bin/../lib/gcc/arm-none-eabi/7.3.1/thumb/v7e-m/fpv4-sp/hard/libgcc.a(_aeabi_uldivmod.o)
                0x0000000008000290                __aeabi_uldivmod
 .text          0x00000000080002c0      0x2cc /opt/st/stm32cubeide_1.1.0/plugins/com.st.stm32cube.ide.mcu.externaltools.gnu-tools-for-stm32.7-2018-q2-update.linux64_1.0.0.201904181610/tools/bin/../lib/gcc/arm-none-eabi/7.3.1/thumb/v7e-m/fpv4-sp/hard/libgcc.a(_udivmoddi4.o)
                0x00000000080002c0                __udivmoddi4
 .text          0x000000000800058c        0x4 /opt/st/stm32cubeide_1.1.0/plugins/com.st.stm32cube.ide.mcu.externaltools.gnu-tools-for-stm32.7-2018-q2-update.linux64_1.0.0.201904181610/tools/bin/../lib/gcc/arm-none-eabi/7.3.1/thumb/v7e-m/fpv4-sp/hard/libgcc.a(_dvmd_tls.o)
                0x000000000800058c                __aeabi_ldiv0
                0x000000000800058c                __aeabi_idiv0
 *(.text*)
 .text.HAL_Init
                0x0000000008000590       0x44 Drivers/STM32F4xx_HAL_Driver/Src/stm32f4xx_hal.o
                0x0000000008000590                HAL_Init
 .text.HAL_IncTick
                0x00000000080005d4       0x28 Drivers/STM32F4xx_HAL_Driver/Src/stm32f4xx_hal.o
                0x00000000080005d4                HAL_IncTick
 .text.HAL_GetTick
                0x00000000080005fc       0x18 Drivers/STM32F4xx_HAL_Driver/Src/stm32f4xx_hal.o
                0x00000000080005fc                HAL_GetTick
 .text.HAL_Delay
                0x0000000008000614       0x44 Drivers/STM32F4xx_HAL_Driver/Src/stm32f4xx_hal.o
                0x0000000008000614                HAL_Delay
 .text.__NVIC_SetPriorityGrouping
                0x0000000008000658       0x48 Drivers/STM32F4xx_HAL_Driver/Src/stm32f4xx_hal_cortex.o
 .text.__NVIC_GetPriorityGrouping
                0x00000000080006a0       0x1c Drivers/STM32F4xx_HAL_Driver/Src/stm32f4xx_hal_cortex.o
 .text.__NVIC_EnableIRQ
                0x00000000080006bc       0x3c Drivers/STM32F4xx_HAL_Driver/Src/stm32f4xx_hal_cortex.o
 .text.__NVIC_SetPriority
                0x00000000080006f8       0x54 Drivers/STM32F4xx_HAL_Driver/Src/stm32f4xx_hal_cortex.o
 .text.NVIC_EncodePriority
                0x000000000800074c       0x66 Drivers/STM32F4xx_HAL_Driver/Src/stm32f4xx_hal_cortex.o
 .text.HAL_NVIC_SetPriorityGrouping
                0x00000000080007b2       0x16 Drivers/STM32F4xx_HAL_Driver/Src/stm32f4xx_hal_cortex.o
                0x00000000080007b2                HAL_NVIC_SetPriorityGrouping
 .text.HAL_NVIC_SetPriority
                0x00000000080007c8       0x38 Drivers/STM32F4xx_HAL_Driver/Src/stm32f4xx_hal_cortex.o
                0x00000000080007c8                HAL_NVIC_SetPriority
 .text.HAL_NVIC_EnableIRQ
                0x0000000008000800       0x1c Drivers/STM32F4xx_HAL_Driver/Src/stm32f4xx_hal_cortex.o
                0x0000000008000800                HAL_NVIC_EnableIRQ
 .text.HAL_GPIO_Init
                0x000000000800081c      0x304 Drivers/STM32F4xx_HAL_Driver/Src/stm32f4xx_hal_gpio.o
                0x000000000800081c                HAL_GPIO_Init
 .text.HAL_GPIO_WritePin
                0x0000000008000b20       0x32 Drivers/STM32F4xx_HAL_Driver/Src/stm32f4xx_hal_gpio.o
                0x0000000008000b20                HAL_GPIO_WritePin
 *fill*         0x0000000008000b52        0x2 
 .text.HAL_GPIO_EXTI_IRQHandler
                0x0000000008000b54       0x30 Drivers/STM32F4xx_HAL_Driver/Src/stm32f4xx_hal_gpio.o
                0x0000000008000b54                HAL_GPIO_EXTI_IRQHandler
 .text.HAL_GPIO_EXTI_Callback
                0x0000000008000b84       0x16 Drivers/STM32F4xx_HAL_Driver/Src/stm32f4xx_hal_gpio.o
                0x0000000008000b84                HAL_GPIO_EXTI_Callback
 *fill*         0x0000000008000b9a        0x2 
 .text.HAL_RCC_OscConfig
                0x0000000008000b9c      0x484 Drivers/STM32F4xx_HAL_Driver/Src/stm32f4xx_hal_rcc.o
                0x0000000008000b9c                HAL_RCC_OscConfig
 .text.HAL_RCC_ClockConfig
                0x0000000008001020      0x1c4 Drivers/STM32F4xx_HAL_Driver/Src/stm32f4xx_hal_rcc.o
                0x0000000008001020                HAL_RCC_ClockConfig
 .text.HAL_RCC_GetSysClockFreq
                0x00000000080011e4      0x1b0 Drivers/STM32F4xx_HAL_Driver/Src/stm32f4xx_hal_rcc.o
                0x00000000080011e4                HAL_RCC_GetSysClockFreq
 .text.HAL_RCC_GetHCLKFreq
                0x0000000008001394       0x18 Drivers/STM32F4xx_HAL_Driver/Src/stm32f4xx_hal_rcc.o
                0x0000000008001394                HAL_RCC_GetHCLKFreq
 .text.HAL_RCC_GetPCLK1Freq
                0x00000000080013ac       0x28 Drivers/STM32F4xx_HAL_Driver/Src/stm32f4xx_hal_rcc.o
                0x00000000080013ac                HAL_RCC_GetPCLK1Freq
 .text.HAL_RCC_GetPCLK2Freq
                0x00000000080013d4       0x28 Drivers/STM32F4xx_HAL_Driver/Src/stm32f4xx_hal_rcc.o
                0x00000000080013d4                HAL_RCC_GetPCLK2Freq
 .text.HAL_RCC_GetClockConfig
                0x00000000080013fc       0x64 Drivers/STM32F4xx_HAL_Driver/Src/stm32f4xx_hal_rcc.o
                0x00000000080013fc                HAL_RCC_GetClockConfig
 .text.HAL_SPI_Init
                0x0000000008001460       0xc8 Drivers/STM32F4xx_HAL_Driver/Src/stm32f4xx_hal_spi.o
                0x0000000008001460                HAL_SPI_Init
 .text.HAL_SPI_Transmit
                0x0000000008001528      0x268 Drivers/STM32F4xx_HAL_Driver/Src/stm32f4xx_hal_spi.o
                0x0000000008001528                HAL_SPI_Transmit
 .text.HAL_SPI_Receive
                0x0000000008001790      0x212 Drivers/STM32F4xx_HAL_Driver/Src/stm32f4xx_hal_spi.o
                0x0000000008001790                HAL_SPI_Receive
 .text.HAL_SPI_TransmitReceive
                0x00000000080019a2      0x344 Drivers/STM32F4xx_HAL_Driver/Src/stm32f4xx_hal_spi.o
                0x00000000080019a2                HAL_SPI_TransmitReceive
 .text.SPI_WaitFlagStateUntilTimeout
                0x0000000008001ce6       0xd4 Drivers/STM32F4xx_HAL_Driver/Src/stm32f4xx_hal_spi.o
 .text.SPI_EndRxTransaction
                0x0000000008001dba       0xca Drivers/STM32F4xx_HAL_Driver/Src/stm32f4xx_hal_spi.o
 .text.SPI_EndRxTxTransaction
                0x0000000008001e84       0x84 Drivers/STM32F4xx_HAL_Driver/Src/stm32f4xx_hal_spi.o
 .text.HAL_TIM_Base_Init
                0x0000000008001f08       0x56 Drivers/STM32F4xx_HAL_Driver/Src/stm32f4xx_hal_tim.o
                0x0000000008001f08                HAL_TIM_Base_Init
 .text.HAL_TIM_Base_Start_IT
                0x0000000008001f5e       0x48 Drivers/STM32F4xx_HAL_Driver/Src/stm32f4xx_hal_tim.o
                0x0000000008001f5e                HAL_TIM_Base_Start_IT
 .text.HAL_TIM_PWM_Init
                0x0000000008001fa6       0x56 Drivers/STM32F4xx_HAL_Driver/Src/stm32f4xx_hal_tim.o
                0x0000000008001fa6                HAL_TIM_PWM_Init
 .text.HAL_TIM_PWM_MspInit
                0x0000000008001ffc       0x14 Drivers/STM32F4xx_HAL_Driver/Src/stm32f4xx_hal_tim.o
                0x0000000008001ffc                HAL_TIM_PWM_MspInit
 .text.HAL_TIM_Encoder_Init
                0x0000000008002010      0x124 Drivers/STM32F4xx_HAL_Driver/Src/stm32f4xx_hal_tim.o
                0x0000000008002010                HAL_TIM_Encoder_Init
 .text.HAL_TIM_IRQHandler
                0x0000000008002134      0x210 Drivers/STM32F4xx_HAL_Driver/Src/stm32f4xx_hal_tim.o
                0x0000000008002134                HAL_TIM_IRQHandler
 .text.HAL_TIM_PWM_ConfigChannel
                0x0000000008002344      0x18c Drivers/STM32F4xx_HAL_Driver/Src/stm32f4xx_hal_tim.o
                0x0000000008002344                HAL_TIM_PWM_ConfigChannel
 .text.HAL_TIM_ConfigClockSource
                0x00000000080024d0      0x16e Drivers/STM32F4xx_HAL_Driver/Src/stm32f4xx_hal_tim.o
                0x00000000080024d0                HAL_TIM_ConfigClockSource
 .text.HAL_TIM_OC_DelayElapsedCallback
                0x000000000800263e       0x14 Drivers/STM32F4xx_HAL_Driver/Src/stm32f4xx_hal_tim.o
                0x000000000800263e                HAL_TIM_OC_DelayElapsedCallback
 .text.HAL_TIM_IC_CaptureCallback
                0x0000000008002652       0x14 Drivers/STM32F4xx_HAL_Driver/Src/stm32f4xx_hal_tim.o
                0x0000000008002652                HAL_TIM_IC_CaptureCallback
 .text.HAL_TIM_PWM_PulseFinishedCallback
                0x0000000008002666       0x14 Drivers/STM32F4xx_HAL_Driver/Src/stm32f4xx_hal_tim.o
                0x0000000008002666                HAL_TIM_PWM_PulseFinishedCallback
 .text.HAL_TIM_TriggerCallback
                0x000000000800267a       0x14 Drivers/STM32F4xx_HAL_Driver/Src/stm32f4xx_hal_tim.o
                0x000000000800267a                HAL_TIM_TriggerCallback
 *fill*         0x000000000800268e        0x2 
 .text.TIM_Base_SetConfig
                0x0000000008002690      0x100 Drivers/STM32F4xx_HAL_Driver/Src/stm32f4xx_hal_tim.o
                0x0000000008002690                TIM_Base_SetConfig
 .text.TIM_OC1_SetConfig
                0x0000000008002790       0xcc Drivers/STM32F4xx_HAL_Driver/Src/stm32f4xx_hal_tim.o
 .text.TIM_OC2_SetConfig
                0x000000000800285c       0xd8 Drivers/STM32F4xx_HAL_Driver/Src/stm32f4xx_hal_tim.o
                0x000000000800285c                TIM_OC2_SetConfig
 .text.TIM_OC3_SetConfig
                0x0000000008002934       0xd4 Drivers/STM32F4xx_HAL_Driver/Src/stm32f4xx_hal_tim.o
 .text.TIM_OC4_SetConfig
                0x0000000008002a08       0xa0 Drivers/STM32F4xx_HAL_Driver/Src/stm32f4xx_hal_tim.o
 .text.TIM_TI1_ConfigInputStage
                0x0000000008002aa8       0x5e Drivers/STM32F4xx_HAL_Driver/Src/stm32f4xx_hal_tim.o
 .text.TIM_TI2_ConfigInputStage
                0x0000000008002b06       0x60 Drivers/STM32F4xx_HAL_Driver/Src/stm32f4xx_hal_tim.o
 .text.TIM_ITRx_SetConfig
                0x0000000008002b66       0x36 Drivers/STM32F4xx_HAL_Driver/Src/stm32f4xx_hal_tim.o
 .text.TIM_ETR_SetConfig
                0x0000000008002b9c       0x40 Drivers/STM32F4xx_HAL_Driver/Src/stm32f4xx_hal_tim.o
                0x0000000008002b9c                TIM_ETR_SetConfig
 .text.HAL_TIMEx_MasterConfigSynchronization
                0x0000000008002bdc       0x8a Drivers/STM32F4xx_HAL_Driver/Src/stm32f4xx_hal_tim_ex.o
                0x0000000008002bdc                HAL_TIMEx_MasterConfigSynchronization
 .text.HAL_TIMEx_CommutCallback
                0x0000000008002c66       0x14 Drivers/STM32F4xx_HAL_Driver/Src/stm32f4xx_hal_tim_ex.o
                0x0000000008002c66                HAL_TIMEx_CommutCallback
 .text.HAL_TIMEx_BreakCallback
                0x0000000008002c7a       0x14 Drivers/STM32F4xx_HAL_Driver/Src/stm32f4xx_hal_tim_ex.o
                0x0000000008002c7a                HAL_TIMEx_BreakCallback
 .text.HAL_UART_Init
                0x0000000008002c8e       0x9a Drivers/STM32F4xx_HAL_Driver/Src/stm32f4xx_hal_uart.o
                0x0000000008002c8e                HAL_UART_Init
 .text.HAL_UART_Transmit
                0x0000000008002d28      0x132 Drivers/STM32F4xx_HAL_Driver/Src/stm32f4xx_hal_uart.o
                0x0000000008002d28                HAL_UART_Transmit
 .text.UART_WaitOnFlagUntilTimeout
                0x0000000008002e5a       0x94 Drivers/STM32F4xx_HAL_Driver/Src/stm32f4xx_hal_uart.o
 *fill*         0x0000000008002eee        0x2 
 .text.UART_SetConfig
                0x0000000008002ef0      0x414 Drivers/STM32F4xx_HAL_Driver/Src/stm32f4xx_hal_uart.o
 .text._ZN10ValueField9putInDumpEPh
                0x0000000008003304       0x30 Lib/SLMP/SLMPRequestBuilder.o
                0x0000000008003304                ValueField::putInDump(unsigned char*)
 .text._ZN10ValueField7getSizeEv
                0x0000000008003334       0x1c Lib/SLMP/SLMPRequestBuilder.o
                0x0000000008003334                ValueField::getSize()
 .text._Z12buildRequestP10SLMPPacketPh
                0x0000000008003350      0x1c4 Lib/SLMP/SLMPRequestBuilder.o
                0x0000000008003350                buildRequest(SLMPPacket*, unsigned char*)
 .text._Z9getMsgLenP10SLMPPacket
                0x0000000008003514      0x114 Lib/SLMP/SLMPRequestBuilder.o
                0x0000000008003514                getMsgLen(SLMPPacket*)
 .text._ZNSt6vectorIhSaIhEE5beginEv
                0x0000000008003628       0x20 Lib/SLMP/SLMPRequestBuilder.o
                0x0000000008003628                std::vector<unsigned char, std::allocator<unsigned char> >::begin()
 .text._ZNSt6vectorIhSaIhEE3endEv
                0x0000000008003648       0x22 Lib/SLMP/SLMPRequestBuilder.o
                0x0000000008003648                std::vector<unsigned char, std::allocator<unsigned char> >::end()
 .text._ZSt4copyIN9__gnu_cxx17__normal_iteratorIPhSt6vectorIhSaIhEEEES2_ET0_T_S8_S7_
                0x000000000800366a       0x30 Lib/SLMP/SLMPRequestBuilder.o
                0x000000000800366a                unsigned char* std::copy<__gnu_cxx::__normal_iterator<unsigned char*, std::vector<unsigned char, std::allocator<unsigned char> > >, unsigned char*>(__gnu_cxx::__normal_iterator<unsigned char*, std::vector<unsigned char, std::allocator<unsigned char> > >, __gnu_cxx::__normal_iterator<unsigned char*, std::vector<unsigned char, std::allocator<unsigned char> > >, unsigned char*)
 .text._ZNKSt6vectorIhSaIhEE4sizeEv
                0x000000000800369a       0x20 Lib/SLMP/SLMPRequestBuilder.o
                0x000000000800369a                std::vector<unsigned char, std::allocator<unsigned char> >::size() const
 .text._ZN5FieldItLj2EE9putInDumpEPh
                0x00000000080036ba       0x30 Lib/SLMP/SLMPRequestBuilder.o
                0x00000000080036ba                Field<unsigned short, 2u>::putInDump(unsigned char*)
 .text._ZN5FieldIhLj1EE9putInDumpEPh
                0x00000000080036ea       0x30 Lib/SLMP/SLMPRequestBuilder.o
                0x00000000080036ea                Field<unsigned char, 1u>::putInDump(unsigned char*)
 .text._ZN5FieldIjLj3EE9putInDumpEPh
                0x000000000800371a       0x30 Lib/SLMP/SLMPRequestBuilder.o
                0x000000000800371a                Field<unsigned int, 3u>::putInDump(unsigned char*)
 .text._ZN9__gnu_cxx17__normal_iteratorIPhSt6vectorIhSaIhEEEC2ERKS1_
                0x000000000800374a       0x20 Lib/SLMP/SLMPRequestBuilder.o
                0x000000000800374a                __gnu_cxx::__normal_iterator<unsigned char*, std::vector<unsigned char, std::allocator<unsigned char> > >::__normal_iterator(unsigned char* const&)
                0x000000000800374a                __gnu_cxx::__normal_iterator<unsigned char*, std::vector<unsigned char, std::allocator<unsigned char> > >::__normal_iterator(unsigned char* const&)
 .text._ZSt12__miter_baseIN9__gnu_cxx17__normal_iteratorIPhSt6vectorIhSaIhEEEEET_S7_
                0x000000000800376a       0x16 Lib/SLMP/SLMPRequestBuilder.o
                0x000000000800376a                __gnu_cxx::__normal_iterator<unsigned char*, std::vector<unsigned char, std::allocator<unsigned char> > > std::__miter_base<__gnu_cxx::__normal_iterator<unsigned char*, std::vector<unsigned char, std::allocator<unsigned char> > > >(__gnu_cxx::__normal_iterator<unsigned char*, std::vector<unsigned char, std::allocator<unsigned char> > >)
 .text._ZSt14__copy_move_a2ILb0EN9__gnu_cxx17__normal_iteratorIPhSt6vectorIhSaIhEEEES2_ET1_T0_S8_S7_
                0x0000000008003780       0x38 Lib/SLMP/SLMPRequestBuilder.o
                0x0000000008003780                unsigned char* std::__copy_move_a2<false, __gnu_cxx::__normal_iterator<unsigned char*, std::vector<unsigned char, std::allocator<unsigned char> > >, unsigned char*>(__gnu_cxx::__normal_iterator<unsigned char*, std::vector<unsigned char, std::allocator<unsigned char> > >, __gnu_cxx::__normal_iterator<unsigned char*, std::vector<unsigned char, std::allocator<unsigned char> > >, unsigned char*)
 .text._ZSt12__miter_baseIPhET_S1_
                0x00000000080037b8       0x16 Lib/SLMP/SLMPRequestBuilder.o
                0x00000000080037b8                unsigned char* std::__miter_base<unsigned char*>(unsigned char*)
 .text._ZSt4copyIPhS0_ET0_T_S2_S1_
                0x00000000080037ce       0x30 Lib/SLMP/SLMPRequestBuilder.o
                0x00000000080037ce                unsigned char* std::copy<unsigned char*, unsigned char*>(unsigned char*, unsigned char*, unsigned char*)
 .text._ZNSt5arrayIhLj2EE5beginEv
                0x00000000080037fe       0x18 Lib/SLMP/SLMPRequestBuilder.o
                0x00000000080037fe                std::array<unsigned char, 2u>::begin()
 .text._ZNSt5arrayIhLj2EE3endEv
                0x0000000008003816       0x1a Lib/SLMP/SLMPRequestBuilder.o
                0x0000000008003816                std::array<unsigned char, 2u>::end()
 .text._ZNSt5arrayIhLj1EE5beginEv
                0x0000000008003830       0x18 Lib/SLMP/SLMPRequestBuilder.o
                0x0000000008003830                std::array<unsigned char, 1u>::begin()
 .text._ZNSt5arrayIhLj1EE3endEv
                0x0000000008003848       0x1a Lib/SLMP/SLMPRequestBuilder.o
                0x0000000008003848                std::array<unsigned char, 1u>::end()
 .text._ZNSt5arrayIhLj3EE5beginEv
                0x0000000008003862       0x18 Lib/SLMP/SLMPRequestBuilder.o
                0x0000000008003862                std::array<unsigned char, 3u>::begin()
 .text._ZNSt5arrayIhLj3EE3endEv
                0x000000000800387a       0x1a Lib/SLMP/SLMPRequestBuilder.o
                0x000000000800387a                std::array<unsigned char, 3u>::end()
 .text._ZSt12__niter_baseIPhSt6vectorIhSaIhEEET_N9__gnu_cxx17__normal_iteratorIS4_T0_EE
                0x0000000008003894       0x1c Lib/SLMP/SLMPRequestBuilder.o
                0x0000000008003894                unsigned char* std::__niter_base<unsigned char*, std::vector<unsigned char, std::allocator<unsigned char> > >(__gnu_cxx::__normal_iterator<unsigned char*, std::vector<unsigned char, std::allocator<unsigned char> > >)
 .text._ZSt12__niter_baseIPhET_S1_
                0x00000000080038b0       0x16 Lib/SLMP/SLMPRequestBuilder.o
                0x00000000080038b0                unsigned char* std::__niter_base<unsigned char*>(unsigned char*)
 .text._ZSt13__copy_move_aILb0EPhS0_ET1_T0_S2_S1_
                0x00000000080038c6       0x24 Lib/SLMP/SLMPRequestBuilder.o
                0x00000000080038c6                unsigned char* std::__copy_move_a<false, unsigned char*, unsigned char*>(unsigned char*, unsigned char*, unsigned char*)
 .text._ZSt14__copy_move_a2ILb0EPhS0_ET1_T0_S2_S1_
                0x00000000080038ea       0x38 Lib/SLMP/SLMPRequestBuilder.o
                0x00000000080038ea                unsigned char* std::__copy_move_a2<false, unsigned char*, unsigned char*>(unsigned char*, unsigned char*, unsigned char*)
 .text._ZNSt5arrayIhLj2EE4dataEv
                0x0000000008003922       0x1a Lib/SLMP/SLMPRequestBuilder.o
                0x0000000008003922                std::array<unsigned char, 2u>::data()
 .text._ZNSt5arrayIhLj1EE4dataEv
                0x000000000800393c       0x1a Lib/SLMP/SLMPRequestBuilder.o
                0x000000000800393c                std::array<unsigned char, 1u>::data()
 .text._ZNSt5arrayIhLj3EE4dataEv
                0x0000000008003956       0x1a Lib/SLMP/SLMPRequestBuilder.o
                0x0000000008003956                std::array<unsigned char, 3u>::data()
 .text._ZNK9__gnu_cxx17__normal_iteratorIPhSt6vectorIhSaIhEEE4baseEv
                0x0000000008003970       0x16 Lib/SLMP/SLMPRequestBuilder.o
                0x0000000008003970                __gnu_cxx::__normal_iterator<unsigned char*, std::vector<unsigned char, std::allocator<unsigned char> > >::base() const
 .text._ZNSt11__copy_moveILb0ELb1ESt26random_access_iterator_tagE8__copy_mIhEEPT_PKS3_S6_S4_
                0x0000000008003986       0x34 Lib/SLMP/SLMPRequestBuilder.o
                0x0000000008003986                unsigned char* std::__copy_move<false, true, std::random_access_iterator_tag>::__copy_m<unsigned char>(unsigned char const*, unsigned char const*, unsigned char*)
 .text._ZNSt14__array_traitsIhLj2EE6_S_ptrERA2_Kh
                0x00000000080039ba       0x16 Lib/SLMP/SLMPRequestBuilder.o
                0x00000000080039ba                std::__array_traits<unsigned char, 2u>::_S_ptr(unsigned char const (&) [2])
 .text._ZNSt14__array_traitsIhLj1EE6_S_ptrERA1_Kh
                0x00000000080039d0       0x16 Lib/SLMP/SLMPRequestBuilder.o
                0x00000000080039d0                std::__array_traits<unsigned char, 1u>::_S_ptr(unsigned char const (&) [1])
 .text._ZNSt14__array_traitsIhLj3EE6_S_ptrERA3_Kh
                0x00000000080039e6       0x16 Lib/SLMP/SLMPRequestBuilder.o
                0x00000000080039e6                std::__array_traits<unsigned char, 3u>::_S_ptr(unsigned char const (&) [3])
 .text._ZN10ValueFieldC2Ev
                0x00000000080039fc       0x1a Lib/SLMP/SLMPResponceParser.o
                0x00000000080039fc                ValueField::ValueField()
                0x00000000080039fc                ValueField::ValueField()
 .text._ZN10SLMPPacketC2Ev
                0x0000000008003a16       0xb0 Lib/SLMP/SLMPResponceParser.o
                0x0000000008003a16                SLMPPacket::SLMPPacket()
                0x0000000008003a16                SLMPPacket::SLMPPacket()
 .text._ZNSt6vectorIhSaIhEEC2Ev
                0x0000000008003ac6       0x1a Lib/SLMP/SLMPResponceParser.o
                0x0000000008003ac6                std::vector<unsigned char, std::allocator<unsigned char> >::vector()
                0x0000000008003ac6                std::vector<unsigned char, std::allocator<unsigned char> >::vector()
 .text._ZN5FieldItLj2EEC2Ev
                0x0000000008003ae0       0x1c Lib/SLMP/SLMPResponceParser.o
                0x0000000008003ae0                Field<unsigned short, 2u>::Field()
                0x0000000008003ae0                Field<unsigned short, 2u>::Field()
 .text._ZN5FieldIhLj1EEC2Ev
                0x0000000008003afc       0x1c Lib/SLMP/SLMPResponceParser.o
                0x0000000008003afc                Field<unsigned char, 1u>::Field()
                0x0000000008003afc                Field<unsigned char, 1u>::Field()
 .text._ZN5FieldIjLj3EEC2Ev
                0x0000000008003b18       0x1c Lib/SLMP/SLMPResponceParser.o
                0x0000000008003b18                Field<unsigned int, 3u>::Field()
                0x0000000008003b18                Field<unsigned int, 3u>::Field()
 .text._ZNSt12_Vector_baseIhSaIhEEC2Ev
                0x0000000008003b34       0x1a Lib/SLMP/SLMPResponceParser.o
                0x0000000008003b34                std::_Vector_base<unsigned char, std::allocator<unsigned char> >::_Vector_base()
                0x0000000008003b34                std::_Vector_base<unsigned char, std::allocator<unsigned char> >::_Vector_base()
 .text._ZNSt12_Vector_baseIhSaIhEE12_Vector_implC2Ev
                0x0000000008003b4e       0x2a Lib/SLMP/SLMPResponceParser.o
                0x0000000008003b4e                std::_Vector_base<unsigned char, std::allocator<unsigned char> >::_Vector_impl::_Vector_impl()
                0x0000000008003b4e                std::_Vector_base<unsigned char, std::allocator<unsigned char> >::_Vector_impl::_Vector_impl()
 .text._ZNSaIhEC2Ev
                0x0000000008003b78       0x18 Lib/SLMP/SLMPResponceParser.o
                0x0000000008003b78                std::allocator<unsigned char>::allocator()
                0x0000000008003b78                std::allocator<unsigned char>::allocator()
 .text._ZN9__gnu_cxx13new_allocatorIhEC2Ev
                0x0000000008003b90       0x16 Lib/SLMP/SLMPResponceParser.o
                0x0000000008003b90                __gnu_cxx::new_allocator<unsigned char>::new_allocator()
                0x0000000008003b90                __gnu_cxx::new_allocator<unsigned char>::new_allocator()
 *fill*         0x0000000008003ba6        0x2 
 .text.WIZCHIP_READ
                0x0000000008003ba8       0x98 Lib/ioLibrary_Driver/Ethernet/W5500/w5500.o
                0x0000000008003ba8                WIZCHIP_READ
 .text.WIZCHIP_WRITE
                0x0000000008003c40       0x9c Lib/ioLibrary_Driver/Ethernet/W5500/w5500.o
                0x0000000008003c40                WIZCHIP_WRITE
 .text.WIZCHIP_READ_BUF
                0x0000000008003cdc       0xc0 Lib/ioLibrary_Driver/Ethernet/W5500/w5500.o
                0x0000000008003cdc                WIZCHIP_READ_BUF
 .text.WIZCHIP_WRITE_BUF
                0x0000000008003d9c       0xc0 Lib/ioLibrary_Driver/Ethernet/W5500/w5500.o
                0x0000000008003d9c                WIZCHIP_WRITE_BUF
 .text.getSn_TX_FSR
                0x0000000008003e5c       0x96 Lib/ioLibrary_Driver/Ethernet/W5500/w5500.o
                0x0000000008003e5c                getSn_TX_FSR
 .text.getSn_RX_RSR
                0x0000000008003ef2       0x96 Lib/ioLibrary_Driver/Ethernet/W5500/w5500.o
                0x0000000008003ef2                getSn_RX_RSR
 .text.wiz_send_data
                0x0000000008003f88       0xb8 Lib/ioLibrary_Driver/Ethernet/W5500/w5500.o
                0x0000000008003f88                wiz_send_data
 .text.wiz_recv_data
                0x0000000008004040       0xb8 Lib/ioLibrary_Driver/Ethernet/W5500/w5500.o
                0x0000000008004040                wiz_recv_data
 .text.wiz_recv_ignore
                0x00000000080040f8       0x90 Lib/ioLibrary_Driver/Ethernet/W5500/w5500.o
                0x00000000080040f8                wiz_recv_ignore
 .text.socket   0x0000000008004188      0x22c Lib/ioLibrary_Driver/Ethernet/socket.o
                0x0000000008004188                socket
 .text.close    0x00000000080043b4       0xdc Lib/ioLibrary_Driver/Ethernet/socket.o
                0x00000000080043b4                close
 .text.listen   0x0000000008004490       0xb2 Lib/ioLibrary_Driver/Ethernet/socket.o
                0x0000000008004490                listen
 *fill*         0x0000000008004542        0x2 
 .text.sendto   0x0000000008004544      0x26c Lib/ioLibrary_Driver/Ethernet/socket.o
                0x0000000008004544                sendto
 .text.recvfrom
                0x00000000080047b0      0x3d8 Lib/ioLibrary_Driver/Ethernet/socket.o
                0x00000000080047b0                recvfrom
 .text.wizchip_cris_enter
                0x0000000008004b88        0xe Lib/ioLibrary_Driver/Ethernet/wizchip_conf.o
                0x0000000008004b88                wizchip_cris_enter
 .text.wizchip_cris_exit
                0x0000000008004b96        0xe Lib/ioLibrary_Driver/Ethernet/wizchip_conf.o
                0x0000000008004b96                wizchip_cris_exit
 .text.wizchip_cs_select
                0x0000000008004ba4        0xe Lib/ioLibrary_Driver/Ethernet/wizchip_conf.o
                0x0000000008004ba4                wizchip_cs_select
 .text.wizchip_cs_deselect
                0x0000000008004bb2        0xe Lib/ioLibrary_Driver/Ethernet/wizchip_conf.o
                0x0000000008004bb2                wizchip_cs_deselect
 .text.wizchip_bus_readdata
                0x0000000008004bc0       0x1a Lib/ioLibrary_Driver/Ethernet/wizchip_conf.o
                0x0000000008004bc0                wizchip_bus_readdata
 .text.wizchip_bus_writedata
                0x0000000008004bda       0x1e Lib/ioLibrary_Driver/Ethernet/wizchip_conf.o
                0x0000000008004bda                wizchip_bus_writedata
 .text.wizchip_spi_readbyte
                0x0000000008004bf8       0x10 Lib/ioLibrary_Driver/Ethernet/wizchip_conf.o
                0x0000000008004bf8                wizchip_spi_readbyte
 .text.wizchip_spi_writebyte
                0x0000000008004c08       0x16 Lib/ioLibrary_Driver/Ethernet/wizchip_conf.o
                0x0000000008004c08                wizchip_spi_writebyte
 .text.wizchip_spi_readburst
                0x0000000008004c1e       0x18 Lib/ioLibrary_Driver/Ethernet/wizchip_conf.o
                0x0000000008004c1e                wizchip_spi_readburst
 .text.wizchip_spi_writeburst
                0x0000000008004c36       0x18 Lib/ioLibrary_Driver/Ethernet/wizchip_conf.o
                0x0000000008004c36                wizchip_spi_writeburst
 *fill*         0x0000000008004c4e        0x2 
 .text.reg_wizchip_cs_cbfunc
                0x0000000008004c50       0x48 Lib/ioLibrary_Driver/Ethernet/wizchip_conf.o
                0x0000000008004c50                reg_wizchip_cs_cbfunc
 .text.reg_wizchip_spi_cbfunc
                0x0000000008004c98       0x58 Lib/ioLibrary_Driver/Ethernet/wizchip_conf.o
                0x0000000008004c98                reg_wizchip_spi_cbfunc
 .text.reg_wizchip_spiburst_cbfunc
                0x0000000008004cf0       0x58 Lib/ioLibrary_Driver/Ethernet/wizchip_conf.o
                0x0000000008004cf0                reg_wizchip_spiburst_cbfunc
 .text.wizchip_sw_reset
                0x0000000008004d48       0x98 Lib/ioLibrary_Driver/Ethernet/wizchip_conf.o
                0x0000000008004d48                wizchip_sw_reset
 .text.wizchip_init
                0x0000000008004de0      0x118 Lib/ioLibrary_Driver/Ethernet/wizchip_conf.o
                0x0000000008004de0                wizchip_init
 .text.wizchip_setnetinfo
                0x0000000008004ef8       0x80 Lib/ioLibrary_Driver/Ethernet/wizchip_conf.o
                0x0000000008004ef8                wizchip_setnetinfo
 .text.wizchip_getnetinfo
                0x0000000008004f78       0x80 Lib/ioLibrary_Driver/Ethernet/wizchip_conf.o
                0x0000000008004f78                wizchip_getnetinfo
 .text.makeFreeRtosPriority
                0x0000000008004ff8       0x30 Middlewares/Third_Party/FreeRTOS/Source/CMSIS_RTOS/cmsis_os.o
 .text.osKernelStart
                0x0000000008005028        0xe Middlewares/Third_Party/FreeRTOS/Source/CMSIS_RTOS/cmsis_os.o
                0x0000000008005028                osKernelStart
 .text.osThreadCreate
                0x0000000008005036       0x98 Middlewares/Third_Party/FreeRTOS/Source/CMSIS_RTOS/cmsis_os.o
                0x0000000008005036                osThreadCreate
 .text.osDelay  0x00000000080050ce       0x28 Middlewares/Third_Party/FreeRTOS/Source/CMSIS_RTOS/cmsis_os.o
                0x00000000080050ce                osDelay
 .text.vListInitialise
                0x00000000080050f6       0x40 Middlewares/Third_Party/FreeRTOS/Source/list.o
                0x00000000080050f6                vListInitialise
 .text.vListInitialiseItem
                0x0000000008005136       0x1a Middlewares/Third_Party/FreeRTOS/Source/list.o
                0x0000000008005136                vListInitialiseItem
 .text.vListInsertEnd
                0x0000000008005150       0x48 Middlewares/Third_Party/FreeRTOS/Source/list.o
                0x0000000008005150                vListInsertEnd
 .text.vListInsert
                0x0000000008005198       0x72 Middlewares/Third_Party/FreeRTOS/Source/list.o
                0x0000000008005198                vListInsert
 .text.uxListRemove
                0x000000000800520a       0x54 Middlewares/Third_Party/FreeRTOS/Source/list.o
                0x000000000800520a                uxListRemove
 *fill*         0x000000000800525e        0x2 
 .text.xQueueGenericReset
                0x0000000008005260       0xd0 Middlewares/Third_Party/FreeRTOS/Source/queue.o
                0x0000000008005260                xQueueGenericReset
 .text.xQueueGenericCreate
                0x0000000008005330       0x7a Middlewares/Third_Party/FreeRTOS/Source/queue.o
                0x0000000008005330                xQueueGenericCreate
 .text.prvInitialiseNewQueue
                0x00000000080053aa       0x3e Middlewares/Third_Party/FreeRTOS/Source/queue.o
 .text.xQueueGenericSend
                0x00000000080053e8      0x1f4 Middlewares/Third_Party/FreeRTOS/Source/queue.o
                0x00000000080053e8                xQueueGenericSend
 .text.xQueueReceive
                0x00000000080055dc      0x1b8 Middlewares/Third_Party/FreeRTOS/Source/queue.o
                0x00000000080055dc                xQueueReceive
 .text.prvCopyDataToQueue
                0x0000000008005794       0xd4 Middlewares/Third_Party/FreeRTOS/Source/queue.o
 .text.prvCopyDataFromQueue
                0x0000000008005868       0x4c Middlewares/Third_Party/FreeRTOS/Source/queue.o
 .text.prvUnlockQueue
                0x00000000080058b4       0xa4 Middlewares/Third_Party/FreeRTOS/Source/queue.o
 .text.prvIsQueueEmpty
                0x0000000008005958       0x2c Middlewares/Third_Party/FreeRTOS/Source/queue.o
 .text.prvIsQueueFull
                0x0000000008005984       0x30 Middlewares/Third_Party/FreeRTOS/Source/queue.o
 .text.xTaskCreateStatic
                0x00000000080059b4       0xb2 Middlewares/Third_Party/FreeRTOS/Source/tasks.o
                0x00000000080059b4                xTaskCreateStatic
 .text.xTaskCreate
                0x0000000008005a66       0x8a Middlewares/Third_Party/FreeRTOS/Source/tasks.o
                0x0000000008005a66                xTaskCreate
 .text.prvInitialiseNewTask
                0x0000000008005af0       0xfc Middlewares/Third_Party/FreeRTOS/Source/tasks.o
 .text.prvAddNewTaskToReadyList
                0x0000000008005bec       0xd4 Middlewares/Third_Party/FreeRTOS/Source/tasks.o
 .text.vTaskDelay
                0x0000000008005cc0       0x68 Middlewares/Third_Party/FreeRTOS/Source/tasks.o
                0x0000000008005cc0                vTaskDelay
 .text.vTaskStartScheduler
                0x0000000008005d28       0xbc Middlewares/Third_Party/FreeRTOS/Source/tasks.o
                0x0000000008005d28                vTaskStartScheduler
 .text.vTaskSuspendAll
                0x0000000008005de4       0x1c Middlewares/Third_Party/FreeRTOS/Source/tasks.o
                0x0000000008005de4                vTaskSuspendAll
 .text.xTaskResumeAll
                0x0000000008005e00      0x138 Middlewares/Third_Party/FreeRTOS/Source/tasks.o
                0x0000000008005e00                xTaskResumeAll
 .text.xTaskIncrementTick
                0x0000000008005f38      0x178 Middlewares/Third_Party/FreeRTOS/Source/tasks.o
                0x0000000008005f38                xTaskIncrementTick
 .text.vTaskSwitchContext
                0x00000000080060b0       0xb4 Middlewares/Third_Party/FreeRTOS/Source/tasks.o
                0x00000000080060b0                vTaskSwitchContext
 .text.vTaskPlaceOnEventList
                0x0000000008006164       0x48 Middlewares/Third_Party/FreeRTOS/Source/tasks.o
                0x0000000008006164                vTaskPlaceOnEventList
 .text.xTaskRemoveFromEventList
                0x00000000080061ac       0xc4 Middlewares/Third_Party/FreeRTOS/Source/tasks.o
                0x00000000080061ac                xTaskRemoveFromEventList
 .text.vTaskInternalSetTimeOutState
                0x0000000008006270       0x2c Middlewares/Third_Party/FreeRTOS/Source/tasks.o
                0x0000000008006270                vTaskInternalSetTimeOutState
 .text.xTaskCheckForTimeOut
                0x000000000800629c       0xc0 Middlewares/Third_Party/FreeRTOS/Source/tasks.o
                0x000000000800629c                xTaskCheckForTimeOut
 .text.vTaskMissedYield
                0x000000000800635c       0x18 Middlewares/Third_Party/FreeRTOS/Source/tasks.o
                0x000000000800635c                vTaskMissedYield
 .text.prvIdleTask
                0x0000000008006374       0x30 Middlewares/Third_Party/FreeRTOS/Source/tasks.o
 .text.prvInitialiseTaskLists
                0x00000000080063a4       0x80 Middlewares/Third_Party/FreeRTOS/Source/tasks.o
 .text.prvCheckTasksWaitingTermination
                0x0000000008006424       0x58 Middlewares/Third_Party/FreeRTOS/Source/tasks.o
 .text.prvDeleteTCB
                0x000000000800647c       0x5c Middlewares/Third_Party/FreeRTOS/Source/tasks.o
 .text.prvResetNextTaskUnblockTime
                0x00000000080064d8       0x4c Middlewares/Third_Party/FreeRTOS/Source/tasks.o
 .text.xTaskGetSchedulerState
                0x0000000008006524       0x3c Middlewares/Third_Party/FreeRTOS/Source/tasks.o
                0x0000000008006524                xTaskGetSchedulerState
 .text.xTaskPriorityDisinherit
                0x0000000008006560      0x108 Middlewares/Third_Party/FreeRTOS/Source/tasks.o
                0x0000000008006560                xTaskPriorityDisinherit
 .text.prvAddCurrentTaskToDelayedList
                0x0000000008006668       0xcc Middlewares/Third_Party/FreeRTOS/Source/tasks.o
 .text.pxPortInitialiseStack
                0x0000000008006734       0x68 Middlewares/Third_Party/FreeRTOS/Source/portable/GCC/ARM_CM4F/port.o
                0x0000000008006734                pxPortInitialiseStack
 .text.prvTaskExitError
                0x000000000800679c       0x54 Middlewares/Third_Party/FreeRTOS/Source/portable/GCC/ARM_CM4F/port.o
 .text.SVC_Handler
                0x00000000080067f0       0x28 Middlewares/Third_Party/FreeRTOS/Source/portable/GCC/ARM_CM4F/port.o
                0x00000000080067f0                SVC_Handler
 .text.prvPortStartFirstTask
                0x0000000008006818       0x28 Middlewares/Third_Party/FreeRTOS/Source/portable/GCC/ARM_CM4F/port.o
 .text.xPortStartScheduler
                0x0000000008006840      0x13c Middlewares/Third_Party/FreeRTOS/Source/portable/GCC/ARM_CM4F/port.o
                0x0000000008006840                xPortStartScheduler
 .text.vPortEnterCritical
                0x000000000800697c       0x5c Middlewares/Third_Party/FreeRTOS/Source/portable/GCC/ARM_CM4F/port.o
                0x000000000800697c                vPortEnterCritical
 .text.vPortExitCritical
                0x00000000080069d8       0x50 Middlewares/Third_Party/FreeRTOS/Source/portable/GCC/ARM_CM4F/port.o
                0x00000000080069d8                vPortExitCritical
 *fill*         0x0000000008006a28        0x8 
 .text.PendSV_Handler
                0x0000000008006a30       0x68 Middlewares/Third_Party/FreeRTOS/Source/portable/GCC/ARM_CM4F/port.o
                0x0000000008006a30                PendSV_Handler
 .text.SysTick_Handler
                0x0000000008006a98       0x40 Middlewares/Third_Party/FreeRTOS/Source/portable/GCC/ARM_CM4F/port.o
                0x0000000008006a98                SysTick_Handler
 .text.vPortSetupTimerInterrupt
                0x0000000008006ad8       0x48 Middlewares/Third_Party/FreeRTOS/Source/portable/GCC/ARM_CM4F/port.o
                0x0000000008006ad8                vPortSetupTimerInterrupt
 .text.vPortEnableVFP
                0x0000000008006b20       0x14 Middlewares/Third_Party/FreeRTOS/Source/portable/GCC/ARM_CM4F/port.o
 .text.pvPortMalloc
                0x0000000008006b34      0x184 Middlewares/Third_Party/FreeRTOS/Source/portable/MemMang/heap_4.o
                0x0000000008006b34                pvPortMalloc
 .text.vPortFree
                0x0000000008006cb8       0xb0 Middlewares/Third_Party/FreeRTOS/Source/portable/MemMang/heap_4.o
                0x0000000008006cb8                vPortFree
 .text.prvHeapInit
                0x0000000008006d68       0xc4 Middlewares/Third_Party/FreeRTOS/Source/portable/MemMang/heap_4.o
 .text.prvInsertBlockIntoFreeList
                0x0000000008006e2c       0xb4 Middlewares/Third_Party/FreeRTOS/Source/portable/MemMang/heap_4.o
 .text._ZN12SocketClientC2Ev
                0x0000000008006ee0       0x38 Src/SocketClient.o
                0x0000000008006ee0                SocketClient::SocketClient()
                0x0000000008006ee0                SocketClient::SocketClient()
 .text._ZN12SocketClient4initEP19__SPI_HandleTypeDefP10UartHelper
                0x0000000008006f18       0x74 Src/SocketClient.o
                0x0000000008006f18                SocketClient::init(__SPI_HandleTypeDef*, UartHelper*)
 .text._ZN12SocketClientD2Ev
                0x0000000008006f8c       0x34 Src/SocketClient.o
                0x0000000008006f8c                SocketClient::~SocketClient()
                0x0000000008006f8c                SocketClient::~SocketClient()
 .text._ZN12SocketClientD0Ev
                0x0000000008006fc0       0x20 Src/SocketClient.o
                0x0000000008006fc0                SocketClient::~SocketClient()
 .text._ZN12SocketClient14socket_connectEv
                0x0000000008006fe0       0x2c Src/SocketClient.o
                0x0000000008006fe0                SocketClient::socket_connect()
 .text._ZN12SocketClient11socket_sendEPht
                0x000000000800700c       0x78 Src/SocketClient.o
                0x000000000800700c                SocketClient::socket_send(unsigned char*, unsigned short)
 .text._ZN12SocketClient14socket_receiveEPhtPm
                0x0000000008007084       0x98 Src/SocketClient.o
                0x0000000008007084                SocketClient::socket_receive(unsigned char*, unsigned short, unsigned long*)
 .text._ZN12SocketClient12socket_closeEv
                0x000000000800711c       0x2c Src/SocketClient.o
                0x000000000800711c                SocketClient::socket_close()
 .text._ZN12SocketClient11socket_initEv
                0x0000000008007148       0x60 Src/SocketClient.o
                0x0000000008007148                SocketClient::socket_init()
 .text._ZN10UartHelperC2Ev
                0x00000000080071a8       0x2c Src/UartHelper.o
                0x00000000080071a8                UartHelper::UartHelper()
                0x00000000080071a8                UartHelper::UartHelper()
 .text._ZN10UartHelperD2Ev
                0x00000000080071d4       0x20 Src/UartHelper.o
                0x00000000080071d4                UartHelper::~UartHelper()
                0x00000000080071d4                UartHelper::~UartHelper()
 .text._ZN10UartHelperD0Ev
                0x00000000080071f4       0x20 Src/UartHelper.o
                0x00000000080071f4                UartHelper::~UartHelper()
 .text._ZN10UartHelper4initEP20__UART_HandleTypeDef
                0x0000000008007214       0x1c Src/UartHelper.o
                0x0000000008007214                UartHelper::init(__UART_HandleTypeDef*)
 .text._ZN10UartHelper6printfEPKcz
                0x0000000008007230       0x3e Src/UartHelper.o
                0x0000000008007230                UartHelper::printf(char const*, ...)
 .text._ZN10UartHelper6printfEPKh
                0x000000000800726e       0x22 Src/UartHelper.o
                0x000000000800726e                UartHelper::printf(unsigned char const*)
 .text._ZN10UartHelper8UARTTaskEv
                0x0000000008007290       0x44 Src/UartHelper.o
                0x0000000008007290                UartHelper::UARTTask()
 .text._ZN9W5500ChipC2Ev
                0x00000000080072d4       0x16 Src/W5500_chip.o
                0x00000000080072d4                W5500Chip::W5500Chip()
                0x00000000080072d4                W5500Chip::W5500Chip()
 *fill*         0x00000000080072ea        0x2 
 .text._ZN9W5500Chip8initChipEv
                0x00000000080072ec       0xc4 Src/W5500_chip.o
                0x00000000080072ec                W5500Chip::initChip()
 .text._ZN9W5500Chip12W5500_SelectEv
                0x00000000080073b0       0x18 Src/W5500_chip.o
                0x00000000080073b0                W5500Chip::W5500_Select()
 .text._ZN9W5500Chip14W5500_UnselectEv
                0x00000000080073c8       0x18 Src/W5500_chip.o
                0x00000000080073c8                W5500Chip::W5500_Unselect()
 .text._ZN9W5500Chip14W5500_ReadBuffEPht
                0x00000000080073e0       0x44 Src/W5500_chip.o
                0x00000000080073e0                W5500Chip::W5500_ReadBuff(unsigned char*, unsigned short)
 .text._ZN9W5500Chip15W5500_WriteBuffEPht
                0x0000000008007424       0x44 Src/W5500_chip.o
                0x0000000008007424                W5500Chip::W5500_WriteBuff(unsigned char*, unsigned short)
 .text._ZN9W5500Chip14W5500_ReadByteEv
                0x0000000008007468       0x1a Src/W5500_chip.o
                0x0000000008007468                W5500Chip::W5500_ReadByte()
 .text._ZN9W5500Chip15W5500_WriteByteEh
                0x0000000008007482       0x1c Src/W5500_chip.o
                0x0000000008007482                W5500Chip::W5500_WriteByte(unsigned char)
 *fill*         0x000000000800749e        0x2 
 .text.vApplicationGetIdleTaskMemory
                0x00000000080074a0       0x34 Src/freertos.o
                0x00000000080074a0                vApplicationGetIdleTaskMemory
 .text.main     0x00000000080074d4       0x80 Src/main.o
                0x00000000080074d4                main
 .text.SystemClock_Config
                0x0000000008007554       0xd4 Src/main.o
                0x0000000008007554                SystemClock_Config
 .text.MX_SPI1_Init
                0x0000000008007628       0x6c Src/main.o
 .text.MX_TIM1_Init
                0x0000000008007694       0xb0 Src/main.o
 .text.MX_TIM2_Init
                0x0000000008007744       0xa8 Src/main.o
 .text.MX_TIM3_Init
                0x00000000080077ec      0x130 Src/main.o
 .text.MX_USART2_UART_Init
                0x000000000800791c       0x54 Src/main.o
 .text.MX_GPIO_Init
                0x0000000008007970      0x164 Src/main.o
 .text.StartDefaultTask
                0x0000000008007ad4       0x10 Src/main.o
                0x0000000008007ad4                StartDefaultTask
 .text.HAL_TIM_PeriodElapsedCallback
                0x0000000008007ae4       0x24 Src/main.o
                0x0000000008007ae4                HAL_TIM_PeriodElapsedCallback
 .text.Error_Handler
                0x0000000008007b08        0xe Src/main.o
                0x0000000008007b08                Error_Handler
 .text._ZN10ValueFieldC2ESt6vectorIhSaIhEE
                0x0000000008007b16       0x1e Src/mainpp.o
                0x0000000008007b16                ValueField::ValueField(std::vector<unsigned char, std::allocator<unsigned char> >)
                0x0000000008007b16                ValueField::ValueField(std::vector<unsigned char, std::allocator<unsigned char> >)
 .text._ZN10ValueFieldD2Ev
                0x0000000008007b34       0x1a Src/mainpp.o
                0x0000000008007b34                ValueField::~ValueField()
                0x0000000008007b34                ValueField::~ValueField()
 *fill*         0x0000000008007b4e        0x2 
 .text._Z15StartSecondTaskPKv
                0x0000000008007b50       0x24 Src/mainpp.o
                0x0000000008007b50                StartSecondTask(void const*)
 .text._Z13StartUARTTaskPKv
                0x0000000008007b74       0x1c Src/mainpp.o
                0x0000000008007b74                StartUARTTask(void const*)
 .text._Z19StartSocketSendTaskPKv
                0x0000000008007b90       0xb8 Src/mainpp.o
                0x0000000008007b90                StartSocketSendTask(void const*)
 .text._ZN10SLMPPacketD2Ev
                0x0000000008007c48       0x1c Src/mainpp.o
                0x0000000008007c48                SLMPPacket::~SLMPPacket()
                0x0000000008007c48                SLMPPacket::~SLMPPacket()
 .text._ZN10ValueFieldaSEOS_
                0x0000000008007c64       0x28 Src/mainpp.o
                0x0000000008007c64                ValueField::operator=(ValueField&&)
 .text._ZN10SLMPPacketaSEOS_
                0x0000000008007c8c       0xe2 Src/mainpp.o
                0x0000000008007c8c                SLMPPacket::operator=(SLMPPacket&&)
 *fill*         0x0000000008007d6e        0x2 
 .text.setup    0x0000000008007d70      0x33c Src/mainpp.o
                0x0000000008007d70                setup
 .text._ZNSt6vectorIhSaIhEEC2ERKS1_
                0x00000000080080ac       0x7a Src/mainpp.o
                0x00000000080080ac                std::vector<unsigned char, std::allocator<unsigned char> >::vector(std::vector<unsigned char, std::allocator<unsigned char> > const&)
                0x00000000080080ac                std::vector<unsigned char, std::allocator<unsigned char> >::vector(std::vector<unsigned char, std::allocator<unsigned char> > const&)
 .text._ZNSt6vectorIhSaIhEED2Ev
                0x0000000008008126       0x36 Src/mainpp.o
                0x0000000008008126                std::vector<unsigned char, std::allocator<unsigned char> >::~vector()
                0x0000000008008126                std::vector<unsigned char, std::allocator<unsigned char> >::~vector()
 .text._ZSt4moveIRSt6vectorIhSaIhEEEONSt16remove_referenceIT_E4typeEOS5_
                0x000000000800815c       0x16 Src/mainpp.o
                0x000000000800815c                std::remove_reference<std::vector<unsigned char, std::allocator<unsigned char> >&>::type&& std::move<std::vector<unsigned char, std::allocator<unsigned char> >&>(std::vector<unsigned char, std::allocator<unsigned char> >&)
 .text._ZNSt6vectorIhSaIhEEaSEOS1_
                0x0000000008008172       0x2a Src/mainpp.o
                0x0000000008008172                std::vector<unsigned char, std::allocator<unsigned char> >::operator=(std::vector<unsigned char, std::allocator<unsigned char> >&&)
 .text._ZN5FieldItLj2EEC2Etb
                0x000000000800819c       0x30 Src/mainpp.o
                0x000000000800819c                Field<unsigned short, 2u>::Field(unsigned short, bool)
                0x000000000800819c                Field<unsigned short, 2u>::Field(unsigned short, bool)
 .text._ZN5FieldIhLj1EEC2Ehb
                0x00000000080081cc       0x30 Src/mainpp.o
                0x00000000080081cc                Field<unsigned char, 1u>::Field(unsigned char, bool)
                0x00000000080081cc                Field<unsigned char, 1u>::Field(unsigned char, bool)
 .text._ZN5FieldIjLj3EEC2Ejb
                0x00000000080081fc       0x2e Src/mainpp.o
                0x00000000080081fc                Field<unsigned int, 3u>::Field(unsigned int, bool)
                0x00000000080081fc                Field<unsigned int, 3u>::Field(unsigned int, bool)
 .text._ZNSaIhED2Ev
                0x000000000800822a       0x18 Src/mainpp.o
                0x000000000800822a                std::allocator<unsigned char>::~allocator()
                0x000000000800822a                std::allocator<unsigned char>::~allocator()
 .text._ZNKSt16initializer_listIhE5beginEv
                0x0000000008008242       0x18 Src/mainpp.o
                0x0000000008008242                std::initializer_list<unsigned char>::begin() const
 .text._ZNKSt16initializer_listIhE3endEv
                0x000000000800825a       0x22 Src/mainpp.o
                0x000000000800825a                std::initializer_list<unsigned char>::end() const
 .text._ZNSt6vectorIhSaIhEEC2ESt16initializer_listIhERKS0_
                0x000000000800827c       0x42 Src/mainpp.o
                0x000000000800827c                std::vector<unsigned char, std::allocator<unsigned char> >::vector(std::initializer_list<unsigned char>, std::allocator<unsigned char> const&)
                0x000000000800827c                std::vector<unsigned char, std::allocator<unsigned char> >::vector(std::initializer_list<unsigned char>, std::allocator<unsigned char> const&)
 .text._ZN9__gnu_cxx14__alloc_traitsISaIhEE17_S_select_on_copyERKS1_
                0x00000000080082be       0x1c Src/mainpp.o
                0x00000000080082be                __gnu_cxx::__alloc_traits<std::allocator<unsigned char> >::_S_select_on_copy(std::allocator<unsigned char> const&)
 .text._ZNKSt12_Vector_baseIhSaIhEE19_M_get_Tp_allocatorEv
                0x00000000080082da       0x16 Src/mainpp.o
                0x00000000080082da                std::_Vector_base<unsigned char, std::allocator<unsigned char> >::_M_get_Tp_allocator() const
 .text._ZNSt12_Vector_baseIhSaIhEE12_Vector_implD2Ev
                0x00000000080082f0       0x18 Src/mainpp.o
                0x00000000080082f0                std::_Vector_base<unsigned char, std::allocator<unsigned char> >::_Vector_impl::~_Vector_impl()
                0x00000000080082f0                std::_Vector_base<unsigned char, std::allocator<unsigned char> >::_Vector_impl::~_Vector_impl()
 .text._ZNSt12_Vector_baseIhSaIhEEC2EjRKS0_
                0x0000000008008308       0x28 Src/mainpp.o
                0x0000000008008308                std::_Vector_base<unsigned char, std::allocator<unsigned char> >::_Vector_base(unsigned int, std::allocator<unsigned char> const&)
                0x0000000008008308                std::_Vector_base<unsigned char, std::allocator<unsigned char> >::_Vector_base(unsigned int, std::allocator<unsigned char> const&)
 .text._ZNSt12_Vector_baseIhSaIhEED2Ev
                0x0000000008008330       0x32 Src/mainpp.o
                0x0000000008008330                std::_Vector_base<unsigned char, std::allocator<unsigned char> >::~_Vector_base()
                0x0000000008008330                std::_Vector_base<unsigned char, std::allocator<unsigned char> >::~_Vector_base()
 .text._ZNKSt6vectorIhSaIhEE5beginEv
                0x0000000008008362       0x28 Src/mainpp.o
                0x0000000008008362                std::vector<unsigned char, std::allocator<unsigned char> >::begin() const
 .text._ZNKSt6vectorIhSaIhEE3endEv
                0x000000000800838a       0x28 Src/mainpp.o
                0x000000000800838a                std::vector<unsigned char, std::allocator<unsigned char> >::end() const
 .text._ZNSt12_Vector_baseIhSaIhEE19_M_get_Tp_allocatorEv
                0x00000000080083b2       0x16 Src/mainpp.o
                0x00000000080083b2                std::_Vector_base<unsigned char, std::allocator<unsigned char> >::_M_get_Tp_allocator()
 .text._ZSt22__uninitialized_copy_aIN9__gnu_cxx17__normal_iteratorIPKhSt6vectorIhSaIhEEEEPhhET0_T_SA_S9_RSaIT1_E
                0x00000000080083c8       0x22 Src/mainpp.o
                0x00000000080083c8                unsigned char* std::__uninitialized_copy_a<__gnu_cxx::__normal_iterator<unsigned char const*, std::vector<unsigned char, std::allocator<unsigned char> > >, unsigned char*, unsigned char>(__gnu_cxx::__normal_iterator<unsigned char const*, std::vector<unsigned char, std::allocator<unsigned char> > >, __gnu_cxx::__normal_iterator<unsigned char const*, std::vector<unsigned char, std::allocator<unsigned char> > >, unsigned char*, std::allocator<unsigned char>&)
 .text._ZSt8_DestroyIPhhEvT_S1_RSaIT0_E
                0x00000000080083ea       0x1c Src/mainpp.o
                0x00000000080083ea                void std::_Destroy<unsigned char*, unsigned char>(unsigned char*, unsigned char*, std::allocator<unsigned char>&)
 .text._ZNSt12_Vector_baseIhSaIhEE13_M_deallocateEPhj
                0x0000000008008406       0x26 Src/mainpp.o
                0x0000000008008406                std::_Vector_base<unsigned char, std::allocator<unsigned char> >::_M_deallocate(unsigned char*, unsigned int)
 .text._ZNSt6vectorIhSaIhEE14_M_move_assignEOS1_St17integral_constantIbLb1EE
                0x000000000800842c       0x7c Src/mainpp.o
                0x000000000800842c                std::vector<unsigned char, std::allocator<unsigned char> >::_M_move_assign(std::vector<unsigned char, std::allocator<unsigned char> >&&, std::integral_constant<bool, true>)
 .text._ZN9__gnu_cxx13new_allocatorIhED2Ev
                0x00000000080084a8       0x16 Src/mainpp.o
                0x00000000080084a8                __gnu_cxx::new_allocator<unsigned char>::~new_allocator()
                0x00000000080084a8                __gnu_cxx::new_allocator<unsigned char>::~new_allocator()
 .text._ZNSt12_Vector_baseIhSaIhEEC2ERKS0_
                0x00000000080084be       0x1e Src/mainpp.o
                0x00000000080084be                std::_Vector_base<unsigned char, std::allocator<unsigned char> >::_Vector_base(std::allocator<unsigned char> const&)
                0x00000000080084be                std::_Vector_base<unsigned char, std::allocator<unsigned char> >::_Vector_base(std::allocator<unsigned char> const&)
 .text._ZNKSt16initializer_listIhE4sizeEv
                0x00000000080084dc       0x18 Src/mainpp.o
                0x00000000080084dc                std::initializer_list<unsigned char>::size() const
 .text._ZNSt6vectorIhSaIhEE19_M_range_initializeIPKhEEvT_S5_St20forward_iterator_tag
                0x00000000080084f4       0x5c Src/mainpp.o
                0x00000000080084f4                void std::vector<unsigned char, std::allocator<unsigned char> >::_M_range_initialize<unsigned char const*>(unsigned char const*, unsigned char const*, std::forward_iterator_tag)
 .text._ZNSt16allocator_traitsISaIhEE37select_on_container_copy_constructionERKS0_
                0x0000000008008550       0x1a Src/mainpp.o
                0x0000000008008550                std::allocator_traits<std::allocator<unsigned char> >::select_on_container_copy_construction(std::allocator<unsigned char> const&)
 .text._ZNSaIhEC2ERKS_
                0x000000000800856a       0x1c Src/mainpp.o
                0x000000000800856a                std::allocator<unsigned char>::allocator(std::allocator<unsigned char> const&)
                0x000000000800856a                std::allocator<unsigned char>::allocator(std::allocator<unsigned char> const&)
 .text._ZNSt12_Vector_baseIhSaIhEE12_Vector_implC2ERKS0_
                0x0000000008008586       0x2e Src/mainpp.o
                0x0000000008008586                std::_Vector_base<unsigned char, std::allocator<unsigned char> >::_Vector_impl::_Vector_impl(std::allocator<unsigned char> const&)
                0x0000000008008586                std::_Vector_base<unsigned char, std::allocator<unsigned char> >::_Vector_impl::_Vector_impl(std::allocator<unsigned char> const&)
 .text._ZNSt12_Vector_baseIhSaIhEE17_M_create_storageEj
                0x00000000080085b4       0x34 Src/mainpp.o
                0x00000000080085b4                std::_Vector_base<unsigned char, std::allocator<unsigned char> >::_M_create_storage(unsigned int)
 .text._ZN9__gnu_cxx17__normal_iteratorIPKhSt6vectorIhSaIhEEEC2ERKS2_
                0x00000000080085e8       0x20 Src/mainpp.o
                0x00000000080085e8                __gnu_cxx::__normal_iterator<unsigned char const*, std::vector<unsigned char, std::allocator<unsigned char> > >::__normal_iterator(unsigned char const* const&)
                0x00000000080085e8                __gnu_cxx::__normal_iterator<unsigned char const*, std::vector<unsigned char, std::allocator<unsigned char> > >::__normal_iterator(unsigned char const* const&)
 .text._ZSt18uninitialized_copyIN9__gnu_cxx17__normal_iteratorIPKhSt6vectorIhSaIhEEEEPhET0_T_SA_S9_
                0x0000000008008608       0x24 Src/mainpp.o
                0x0000000008008608                unsigned char* std::uninitialized_copy<__gnu_cxx::__normal_iterator<unsigned char const*, std::vector<unsigned char, std::allocator<unsigned char> > >, unsigned char*>(__gnu_cxx::__normal_iterator<unsigned char const*, std::vector<unsigned char, std::allocator<unsigned char> > >, __gnu_cxx::__normal_iterator<unsigned char const*, std::vector<unsigned char, std::allocator<unsigned char> > >, unsigned char*)
 .text._ZSt8_DestroyIPhEvT_S1_
                0x000000000800862c       0x1a Src/mainpp.o
                0x000000000800862c                void std::_Destroy<unsigned char*>(unsigned char*, unsigned char*)
 .text._ZNSt12_Vector_baseIhSaIhEE11_M_allocateEj
                0x0000000008008646       0x28 Src/mainpp.o
                0x0000000008008646                std::_Vector_base<unsigned char, std::allocator<unsigned char> >::_M_allocate(unsigned int)
 .text._ZNSt16allocator_traitsISaIhEE10deallocateERS0_Phj
                0x000000000800866e       0x1e Src/mainpp.o
                0x000000000800866e                std::allocator_traits<std::allocator<unsigned char> >::deallocate(std::allocator<unsigned char>&, unsigned char*, unsigned int)
 .text._ZSt12__miter_baseIN9__gnu_cxx17__normal_iteratorIPKhSt6vectorIhSaIhEEEEET_S8_
                0x000000000800868c       0x16 Src/mainpp.o
                0x000000000800868c                __gnu_cxx::__normal_iterator<unsigned char const*, std::vector<unsigned char, std::allocator<unsigned char> > > std::__miter_base<__gnu_cxx::__normal_iterator<unsigned char const*, std::vector<unsigned char, std::allocator<unsigned char> > > >(__gnu_cxx::__normal_iterator<unsigned char const*, std::vector<unsigned char, std::allocator<unsigned char> > >)
 .text._ZNKSt12_Vector_baseIhSaIhEE13get_allocatorEv
                0x00000000080086a2       0x22 Src/mainpp.o
                0x00000000080086a2                std::_Vector_base<unsigned char, std::allocator<unsigned char> >::get_allocator() const
 .text._ZNSt6vectorIhSaIhEEC2ERKS0_
                0x00000000080086c4       0x1e Src/mainpp.o
                0x00000000080086c4                std::vector<unsigned char, std::allocator<unsigned char> >::vector(std::allocator<unsigned char> const&)
                0x00000000080086c4                std::vector<unsigned char, std::allocator<unsigned char> >::vector(std::allocator<unsigned char> const&)
 .text._ZNSt12_Vector_baseIhSaIhEE12_Vector_impl12_M_swap_dataERS2_
                0x00000000080086e2       0x40 Src/mainpp.o
                0x00000000080086e2                std::_Vector_base<unsigned char, std::allocator<unsigned char> >::_Vector_impl::_M_swap_data(std::_Vector_base<unsigned char, std::allocator<unsigned char> >::_Vector_impl&)
 .text._ZSt15__alloc_on_moveISaIhEEvRT_S2_
                0x0000000008008722       0x1c Src/mainpp.o
                0x0000000008008722                void std::__alloc_on_move<std::allocator<unsigned char> >(std::allocator<unsigned char>&, std::allocator<unsigned char>&)
 .text._ZSt19__iterator_categoryIPKhENSt15iterator_traitsIT_E17iterator_categoryERKS3_
                0x000000000800873e       0x14 Src/mainpp.o
                0x000000000800873e                std::iterator_traits<unsigned char const*>::iterator_category std::__iterator_category<unsigned char const*>(unsigned char const* const&)
 .text._ZSt8distanceIPKhENSt15iterator_traitsIT_E15difference_typeES3_S3_
                0x0000000008008752       0x28 Src/mainpp.o
                0x0000000008008752                std::iterator_traits<unsigned char const*>::difference_type std::distance<unsigned char const*>(unsigned char const*, unsigned char const*)
 .text._ZSt22__uninitialized_copy_aIPKhPhhET0_T_S4_S3_RSaIT1_E
                0x000000000800877a       0x22 Src/mainpp.o
                0x000000000800877a                unsigned char* std::__uninitialized_copy_a<unsigned char const*, unsigned char*, unsigned char>(unsigned char const*, unsigned char const*, unsigned char*, std::allocator<unsigned char>&)
 .text._ZN9__gnu_cxx13new_allocatorIhEC2ERKS1_
                0x000000000800879c       0x18 Src/mainpp.o
                0x000000000800879c                __gnu_cxx::new_allocator<unsigned char>::new_allocator(__gnu_cxx::new_allocator<unsigned char> const&)
                0x000000000800879c                __gnu_cxx::new_allocator<unsigned char>::new_allocator(__gnu_cxx::new_allocator<unsigned char> const&)
 .text._ZNSt20__uninitialized_copyILb1EE13__uninit_copyIN9__gnu_cxx17__normal_iteratorIPKhSt6vectorIhSaIhEEEEPhEET0_T_SC_SB_
                0x00000000080087b4       0x20 Src/mainpp.o
                0x00000000080087b4                unsigned char* std::__uninitialized_copy<true>::__uninit_copy<__gnu_cxx::__normal_iterator<unsigned char const*, std::vector<unsigned char, std::allocator<unsigned char> > >, unsigned char*>(__gnu_cxx::__normal_iterator<unsigned char const*, std::vector<unsigned char, std::allocator<unsigned char> > >, __gnu_cxx::__normal_iterator<unsigned char const*, std::vector<unsigned char, std::allocator<unsigned char> > >, unsigned char*)
 .text._ZNSt12_Destroy_auxILb1EE9__destroyIPhEEvT_S3_
                0x00000000080087d4       0x16 Src/mainpp.o
                0x00000000080087d4                void std::_Destroy_aux<true>::__destroy<unsigned char*>(unsigned char*, unsigned char*)
 .text._ZNSt16allocator_traitsISaIhEE8allocateERS0_j
                0x00000000080087ea       0x1e Src/mainpp.o
                0x00000000080087ea                std::allocator_traits<std::allocator<unsigned char> >::allocate(std::allocator<unsigned char>&, unsigned int)
 .text._ZN9__gnu_cxx13new_allocatorIhE10deallocateEPhj
                0x0000000008008808       0x1a Src/mainpp.o
                0x0000000008008808                __gnu_cxx::new_allocator<unsigned char>::deallocate(unsigned char*, unsigned int)
 .text._ZSt12__niter_baseIPKhSt6vectorIhSaIhEEET_N9__gnu_cxx17__normal_iteratorIS5_T0_EE
                0x0000000008008822       0x1c Src/mainpp.o
                0x0000000008008822                unsigned char const* std::__niter_base<unsigned char const*, std::vector<unsigned char, std::allocator<unsigned char> > >(__gnu_cxx::__normal_iterator<unsigned char const*, std::vector<unsigned char, std::allocator<unsigned char> > >)
 .text._ZSt13__copy_move_aILb0EPKhPhET1_T0_S4_S3_
                0x000000000800883e       0x24 Src/mainpp.o
                0x000000000800883e                unsigned char* std::__copy_move_a<false, unsigned char const*, unsigned char*>(unsigned char const*, unsigned char const*, unsigned char*)
 .text._ZSt4moveIRPhEONSt16remove_referenceIT_E4typeEOS3_
                0x0000000008008862       0x16 Src/mainpp.o
                0x0000000008008862                std::remove_reference<unsigned char*&>::type&& std::move<unsigned char*&>(unsigned char*&)
 .text._ZSt4swapIPhENSt9enable_ifIXsrSt6__and_IJSt6__not_ISt15__is_tuple_likeIT_EESt21is_move_constructibleIS5_ESt18is_move_assignableIS5_EEE5valueEvE4typeERS5_SF_
                0x0000000008008878       0x3e Src/mainpp.o
                0x0000000008008878                std::enable_if<std::__and_<std::__not_<std::__is_tuple_like<unsigned char*> >, std::is_move_constructible<unsigned char*>, std::is_move_assignable<unsigned char*> >::value, void>::type std::swap<unsigned char*>(unsigned char*&, unsigned char*&)
 .text._ZSt4moveIRSaIhEEONSt16remove_referenceIT_E4typeEOS3_
                0x00000000080088b6       0x16 Src/mainpp.o
                0x00000000080088b6                std::remove_reference<std::allocator<unsigned char>&>::type&& std::move<std::allocator<unsigned char>&>(std::allocator<unsigned char>&)
 .text._ZSt18__do_alloc_on_moveISaIhEEvRT_S2_St17integral_constantIbLb1EE
                0x00000000080088cc       0x1a Src/mainpp.o
                0x00000000080088cc                void std::__do_alloc_on_move<std::allocator<unsigned char> >(std::allocator<unsigned char>&, std::allocator<unsigned char>&, std::integral_constant<bool, true>)
 .text._ZSt10__distanceIPKhENSt15iterator_traitsIT_E15difference_typeES3_S3_St26random_access_iterator_tag
                0x00000000080088e6       0x1e Src/mainpp.o
                0x00000000080088e6                std::iterator_traits<unsigned char const*>::difference_type std::__distance<unsigned char const*>(unsigned char const*, unsigned char const*, std::random_access_iterator_tag)
 .text._ZSt18uninitialized_copyIPKhPhET0_T_S4_S3_
                0x0000000008008904       0x24 Src/mainpp.o
                0x0000000008008904                unsigned char* std::uninitialized_copy<unsigned char const*, unsigned char*>(unsigned char const*, unsigned char const*, unsigned char*)
 .text._ZSt4copyIN9__gnu_cxx17__normal_iteratorIPKhSt6vectorIhSaIhEEEEPhET0_T_SA_S9_
                0x0000000008008928       0x30 Src/mainpp.o
                0x0000000008008928                unsigned char* std::copy<__gnu_cxx::__normal_iterator<unsigned char const*, std::vector<unsigned char, std::allocator<unsigned char> > >, unsigned char*>(__gnu_cxx::__normal_iterator<unsigned char const*, std::vector<unsigned char, std::allocator<unsigned char> > >, __gnu_cxx::__normal_iterator<unsigned char const*, std::vector<unsigned char, std::allocator<unsigned char> > >, unsigned char*)
 .text._ZN9__gnu_cxx13new_allocatorIhE8allocateEjPKv
                0x0000000008008958       0x38 Src/mainpp.o
                0x0000000008008958                __gnu_cxx::new_allocator<unsigned char>::allocate(unsigned int, void const*)
 .text._ZNK9__gnu_cxx17__normal_iteratorIPKhSt6vectorIhSaIhEEE4baseEv
                0x0000000008008990       0x16 Src/mainpp.o
                0x0000000008008990                __gnu_cxx::__normal_iterator<unsigned char const*, std::vector<unsigned char, std::allocator<unsigned char> > >::base() const
 .text._ZNSt20__uninitialized_copyILb1EE13__uninit_copyIPKhPhEET0_T_S6_S5_
                0x00000000080089a6       0x20 Src/mainpp.o
                0x00000000080089a6                unsigned char* std::__uninitialized_copy<true>::__uninit_copy<unsigned char const*, unsigned char*>(unsigned char const*, unsigned char const*, unsigned char*)
 .text._ZSt14__copy_move_a2ILb0EN9__gnu_cxx17__normal_iteratorIPKhSt6vectorIhSaIhEEEEPhET1_T0_SA_S9_
                0x00000000080089c6       0x38 Src/mainpp.o
                0x00000000080089c6                unsigned char* std::__copy_move_a2<false, __gnu_cxx::__normal_iterator<unsigned char const*, std::vector<unsigned char, std::allocator<unsigned char> > >, unsigned char*>(__gnu_cxx::__normal_iterator<unsigned char const*, std::vector<unsigned char, std::allocator<unsigned char> > >, __gnu_cxx::__normal_iterator<unsigned char const*, std::vector<unsigned char, std::allocator<unsigned char> > >, unsigned char*)
 .text._ZNK9__gnu_cxx13new_allocatorIhE8max_sizeEv
                0x00000000080089fe       0x18 Src/mainpp.o
                0x00000000080089fe                __gnu_cxx::new_allocator<unsigned char>::max_size() const
 .text._ZSt4copyIPKhPhET0_T_S4_S3_
                0x0000000008008a16       0x30 Src/mainpp.o
                0x0000000008008a16                unsigned char* std::copy<unsigned char const*, unsigned char*>(unsigned char const*, unsigned char const*, unsigned char*)
 .text._ZSt12__miter_baseIPKhET_S2_
                0x0000000008008a46       0x16 Src/mainpp.o
                0x0000000008008a46                unsigned char const* std::__miter_base<unsigned char const*>(unsigned char const*)
 .text._ZSt14__copy_move_a2ILb0EPKhPhET1_T0_S4_S3_
                0x0000000008008a5c       0x38 Src/mainpp.o
                0x0000000008008a5c                unsigned char* std::__copy_move_a2<false, unsigned char const*, unsigned char*>(unsigned char const*, unsigned char const*, unsigned char*)
 .text._ZSt12__niter_baseIPKhET_S2_
                0x0000000008008a94       0x16 Src/mainpp.o
                0x0000000008008a94                unsigned char const* std::__niter_base<unsigned char const*>(unsigned char const*)
 *fill*         0x0000000008008aaa        0x2 
 .text._Z41__static_initialization_and_destruction_0ii
                0x0000000008008aac       0x64 Src/mainpp.o
 .text._GLOBAL__sub_I_huart
                0x0000000008008b10       0x10 Src/mainpp.o
 .text._GLOBAL__sub_D_huart
                0x0000000008008b20       0x10 Src/mainpp.o
 .text.HAL_MspInit
                0x0000000008008b30       0x58 Src/stm32f4xx_hal_msp.o
                0x0000000008008b30                HAL_MspInit
 .text.HAL_SPI_MspInit
                0x0000000008008b88       0x90 Src/stm32f4xx_hal_msp.o
                0x0000000008008b88                HAL_SPI_MspInit
 .text.HAL_TIM_Encoder_MspInit
                0x0000000008008c18       0xf4 Src/stm32f4xx_hal_msp.o
                0x0000000008008c18                HAL_TIM_Encoder_MspInit
 .text.HAL_TIM_Base_MspInit
                0x0000000008008d0c       0x44 Src/stm32f4xx_hal_msp.o
                0x0000000008008d0c                HAL_TIM_Base_MspInit
 .text.HAL_TIM_MspPostInit
                0x0000000008008d50       0xb4 Src/stm32f4xx_hal_msp.o
                0x0000000008008d50                HAL_TIM_MspPostInit
 .text.HAL_UART_MspInit
                0x0000000008008e04       0x90 Src/stm32f4xx_hal_msp.o
                0x0000000008008e04                HAL_UART_MspInit
 .text.HAL_InitTick
                0x0000000008008e94       0xb4 Src/stm32f4xx_hal_timebase_tim.o
                0x0000000008008e94                HAL_InitTick
 .text.NMI_Handler
                0x0000000008008f48        0xe Src/stm32f4xx_it.o
                0x0000000008008f48                NMI_Handler
 .text.HardFault_Handler
                0x0000000008008f56       0x10 Src/stm32f4xx_it.o
                0x0000000008008f56                HardFault_Handler
 .text.MemManage_Handler
                0x0000000008008f66        0x6 Src/stm32f4xx_it.o
                0x0000000008008f66                MemManage_Handler
 .text.BusFault_Handler
                0x0000000008008f6c        0x6 Src/stm32f4xx_it.o
                0x0000000008008f6c                BusFault_Handler
 .text.UsageFault_Handler
                0x0000000008008f72        0x6 Src/stm32f4xx_it.o
                0x0000000008008f72                UsageFault_Handler
 .text.DebugMon_Handler
                0x0000000008008f78        0xe Src/stm32f4xx_it.o
                0x0000000008008f78                DebugMon_Handler
 .text.EXTI2_IRQHandler
                0x0000000008008f86        0xe Src/stm32f4xx_it.o
                0x0000000008008f86                EXTI2_IRQHandler
 .text.EXTI3_IRQHandler
                0x0000000008008f94        0xe Src/stm32f4xx_it.o
                0x0000000008008f94                EXTI3_IRQHandler
 *fill*         0x0000000008008fa2        0x2 
 .text.TIM4_IRQHandler
                0x0000000008008fa4       0x14 Src/stm32f4xx_it.o
                0x0000000008008fa4                TIM4_IRQHandler
 .text.EXTI15_10_IRQHandler
                0x0000000008008fb8       0x18 Src/stm32f4xx_it.o
                0x0000000008008fb8                EXTI15_10_IRQHandler
 .text._getpid  0x0000000008008fd0       0x10 Src/syscalls.o
                0x0000000008008fd0                _getpid
 .text._kill    0x0000000008008fe0       0x20 Src/syscalls.o
                0x0000000008008fe0                _kill
 .text._exit    0x0000000008009000       0x14 Src/syscalls.o
                0x0000000008009000                _exit
 .text._sbrk    0x0000000008009014       0x58 Src/sysmem.o
                0x0000000008009014                _sbrk
 .text.SystemInit
                0x000000000800906c       0x2c Src/system_stm32f4xx.o
                0x000000000800906c                SystemInit
 .text.Reset_Handler
                0x0000000008009098       0x50 Startup/startup_stm32f401retx.o
                0x0000000008009098                Reset_Handler
 .text.Default_Handler
                0x00000000080090e8        0x2 Startup/startup_stm32f401retx.o
                0x00000000080090e8                RTC_Alarm_IRQHandler
                0x00000000080090e8                SPI4_IRQHandler
                0x00000000080090e8                TIM1_CC_IRQHandler
                0x00000000080090e8                DMA2_Stream5_IRQHandler
                0x00000000080090e8                DMA1_Stream5_IRQHandler
                0x00000000080090e8                PVD_IRQHandler
                0x00000000080090e8                SDIO_IRQHandler
                0x00000000080090e8                TAMP_STAMP_IRQHandler
                0x00000000080090e8                TIM1_UP_TIM10_IRQHandler
                0x00000000080090e8                I2C3_ER_IRQHandler
                0x00000000080090e8                EXTI0_IRQHandler
                0x00000000080090e8                I2C2_EV_IRQHandler
                0x00000000080090e8                DMA1_Stream2_IRQHandler
                0x00000000080090e8                FPU_IRQHandler
                0x00000000080090e8                DMA2_Stream2_IRQHandler
                0x00000000080090e8                SPI1_IRQHandler
                0x00000000080090e8                TIM1_BRK_TIM9_IRQHandler
                0x00000000080090e8                DMA2_Stream3_IRQHandler
                0x00000000080090e8                USART6_IRQHandler
                0x00000000080090e8                DMA2_Stream0_IRQHandler
                0x00000000080090e8                I2C1_EV_IRQHandler
                0x00000000080090e8                DMA1_Stream6_IRQHandler
                0x00000000080090e8                DMA1_Stream1_IRQHandler
                0x00000000080090e8                TIM3_IRQHandler
                0x00000000080090e8                RCC_IRQHandler
                0x00000000080090e8                Default_Handler
                0x00000000080090e8                ADC_IRQHandler
                0x00000000080090e8                DMA1_Stream7_IRQHandler
                0x00000000080090e8                TIM5_IRQHandler
                0x00000000080090e8                DMA2_Stream7_IRQHandler
                0x00000000080090e8                I2C3_EV_IRQHandler
                0x00000000080090e8                EXTI9_5_IRQHandler
                0x00000000080090e8                RTC_WKUP_IRQHandler
                0x00000000080090e8                SPI2_IRQHandler
                0x00000000080090e8                DMA1_Stream0_IRQHandler
                0x00000000080090e8                EXTI4_IRQHandler
                0x00000000080090e8                WWDG_IRQHandler
                0x00000000080090e8                TIM2_IRQHandler
                0x00000000080090e8                OTG_FS_WKUP_IRQHandler
                0x00000000080090e8                TIM1_TRG_COM_TIM11_IRQHandler
                0x00000000080090e8                EXTI1_IRQHandler
                0x00000000080090e8                USART2_IRQHandler
                0x00000000080090e8                I2C2_ER_IRQHandler
                0x00000000080090e8                DMA2_Stream1_IRQHandler
                0x00000000080090e8                FLASH_IRQHandler
                0x00000000080090e8                DMA2_Stream4_IRQHandler
                0x00000000080090e8                USART1_IRQHandler
                0x00000000080090e8                OTG_FS_IRQHandler
                0x00000000080090e8                SPI3_IRQHandler
                0x00000000080090e8                DMA1_Stream4_IRQHandler
                0x00000000080090e8                I2C1_ER_IRQHandler
                0x00000000080090e8                DMA2_Stream6_IRQHandler
                0x00000000080090e8                DMA1_Stream3_IRQHandler
 .text._ZdlPvj  0x00000000080090ea        0x4 /opt/st/stm32cubeide_1.1.0/plugins/com.st.stm32cube.ide.mcu.externaltools.gnu-tools-for-stm32.7-2018-q2-update.linux64_1.0.0.201904181610/tools/bin/../lib/gcc/arm-none-eabi/7.3.1/../../../../arm-none-eabi/lib/thumb/v7e-m/fpv4-sp/hard/libstdc++_nano.a(del_ops.o)
                0x00000000080090ea                operator delete(void*, unsigned int)
 .text._Znwj    0x00000000080090ee       0x22 /opt/st/stm32cubeide_1.1.0/plugins/com.st.stm32cube.ide.mcu.externaltools.gnu-tools-for-stm32.7-2018-q2-update.linux64_1.0.0.201904181610/tools/bin/../lib/gcc/arm-none-eabi/7.3.1/../../../../arm-none-eabi/lib/thumb/v7e-m/fpv4-sp/hard/libstdc++_nano.a(new_op.o)
                0x00000000080090ee                operator new(unsigned int)
 .text._ZSt15get_new_handlerv
                0x0000000008009110       0x10 /opt/st/stm32cubeide_1.1.0/plugins/com.st.stm32cube.ide.mcu.externaltools.gnu-tools-for-stm32.7-2018-q2-update.linux64_1.0.0.201904181610/tools/bin/../lib/gcc/arm-none-eabi/7.3.1/../../../../arm-none-eabi/lib/thumb/v7e-m/fpv4-sp/hard/libstdc++_nano.a(new_handler.o)
                0x0000000008009110                std::get_new_handler()
 .text._ZdlPv   0x0000000008009120        0x4 /opt/st/stm32cubeide_1.1.0/plugins/com.st.stm32cube.ide.mcu.externaltools.gnu-tools-for-stm32.7-2018-q2-update.linux64_1.0.0.201904181610/tools/bin/../lib/gcc/arm-none-eabi/7.3.1/../../../../arm-none-eabi/lib/thumb/v7e-m/fpv4-sp/hard/libstdc++_nano.a(del_op.o)
                0x0000000008009120                operator delete(void*)
 .text._ZSt17__throw_bad_allocv
                0x0000000008009124        0x6 /opt/st/stm32cubeide_1.1.0/plugins/com.st.stm32cube.ide.mcu.externaltools.gnu-tools-for-stm32.7-2018-q2-update.linux64_1.0.0.201904181610/tools/bin/../lib/gcc/arm-none-eabi/7.3.1/../../../../arm-none-eabi/lib/thumb/v7e-m/fpv4-sp/hard/libstdc++_nano.a(functexcept.o)
                0x0000000008009124                std::__throw_bad_alloc()
 .text.abort    0x000000000800912a        0xe /opt/st/stm32cubeide_1.1.0/plugins/com.st.stm32cube.ide.mcu.externaltools.gnu-tools-for-stm32.7-2018-q2-update.linux64_1.0.0.201904181610/tools/bin/../lib/gcc/arm-none-eabi/7.3.1/../../../../arm-none-eabi/lib/thumb/v7e-m/fpv4-sp/hard/libc_nano.a(lib_a-abort.o)
                0x000000000800912a                abort
 .text.__errno  0x0000000008009138        0xc /opt/st/stm32cubeide_1.1.0/plugins/com.st.stm32cube.ide.mcu.externaltools.gnu-tools-for-stm32.7-2018-q2-update.linux64_1.0.0.201904181610/tools/bin/../lib/gcc/arm-none-eabi/7.3.1/../../../../arm-none-eabi/lib/thumb/v7e-m/fpv4-sp/hard/libc_nano.a(lib_a-errno.o)
                0x0000000008009138                __errno
 .text.__libc_init_array
                0x0000000008009144       0x48 /opt/st/stm32cubeide_1.1.0/plugins/com.st.stm32cube.ide.mcu.externaltools.gnu-tools-for-stm32.7-2018-q2-update.linux64_1.0.0.201904181610/tools/bin/../lib/gcc/arm-none-eabi/7.3.1/../../../../arm-none-eabi/lib/thumb/v7e-m/fpv4-sp/hard/libc_nano.a(lib_a-init.o)
                0x0000000008009144                __libc_init_array
 .text.malloc   0x000000000800918c       0x10 /opt/st/stm32cubeide_1.1.0/plugins/com.st.stm32cube.ide.mcu.externaltools.gnu-tools-for-stm32.7-2018-q2-update.linux64_1.0.0.201904181610/tools/bin/../lib/gcc/arm-none-eabi/7.3.1/../../../../arm-none-eabi/lib/thumb/v7e-m/fpv4-sp/hard/libc_nano.a(lib_a-malloc.o)
                0x000000000800918c                malloc
 .text.free     0x000000000800919c       0x10 /opt/st/stm32cubeide_1.1.0/plugins/com.st.stm32cube.ide.mcu.externaltools.gnu-tools-for-stm32.7-2018-q2-update.linux64_1.0.0.201904181610/tools/bin/../lib/gcc/arm-none-eabi/7.3.1/../../../../arm-none-eabi/lib/thumb/v7e-m/fpv4-sp/hard/libc_nano.a(lib_a-malloc.o)
                0x000000000800919c                free
 .text.memcpy   0x00000000080091ac       0x16 /opt/st/stm32cubeide_1.1.0/plugins/com.st.stm32cube.ide.mcu.externaltools.gnu-tools-for-stm32.7-2018-q2-update.linux64_1.0.0.201904181610/tools/bin/../lib/gcc/arm-none-eabi/7.3.1/../../../../arm-none-eabi/lib/thumb/v7e-m/fpv4-sp/hard/libc_nano.a(lib_a-memcpy-stub.o)
                0x00000000080091ac                memcpy
 .text.memmove  0x00000000080091c2       0x32 /opt/st/stm32cubeide_1.1.0/plugins/com.st.stm32cube.ide.mcu.externaltools.gnu-tools-for-stm32.7-2018-q2-update.linux64_1.0.0.201904181610/tools/bin/../lib/gcc/arm-none-eabi/7.3.1/../../../../arm-none-eabi/lib/thumb/v7e-m/fpv4-sp/hard/libc_nano.a(lib_a-memmove.o)
                0x00000000080091c2                memmove
 .text.memset   0x00000000080091f4       0x10 /opt/st/stm32cubeide_1.1.0/plugins/com.st.stm32cube.ide.mcu.externaltools.gnu-tools-for-stm32.7-2018-q2-update.linux64_1.0.0.201904181610/tools/bin/../lib/gcc/arm-none-eabi/7.3.1/../../../../arm-none-eabi/lib/thumb/v7e-m/fpv4-sp/hard/libc_nano.a(lib_a-memset.o)
                0x00000000080091f4                memset
 .text._free_r  0x0000000008009204       0x9c /opt/st/stm32cubeide_1.1.0/plugins/com.st.stm32cube.ide.mcu.externaltools.gnu-tools-for-stm32.7-2018-q2-update.linux64_1.0.0.201904181610/tools/bin/../lib/gcc/arm-none-eabi/7.3.1/../../../../arm-none-eabi/lib/thumb/v7e-m/fpv4-sp/hard/libc_nano.a(lib_a-nano-freer.o)
                0x0000000008009204                _free_r
 .text._malloc_r
                0x00000000080092a0       0xb4 /opt/st/stm32cubeide_1.1.0/plugins/com.st.stm32cube.ide.mcu.externaltools.gnu-tools-for-stm32.7-2018-q2-update.linux64_1.0.0.201904181610/tools/bin/../lib/gcc/arm-none-eabi/7.3.1/../../../../arm-none-eabi/lib/thumb/v7e-m/fpv4-sp/hard/libc_nano.a(lib_a-nano-mallocr.o)
                0x00000000080092a0                _malloc_r
 .text._sbrk_r  0x0000000008009354       0x20 /opt/st/stm32cubeide_1.1.0/plugins/com.st.stm32cube.ide.mcu.externaltools.gnu-tools-for-stm32.7-2018-q2-update.linux64_1.0.0.201904181610/tools/bin/../lib/gcc/arm-none-eabi/7.3.1/../../../../arm-none-eabi/lib/thumb/v7e-m/fpv4-sp/hard/libc_nano.a(lib_a-sbrkr.o)
                0x0000000008009354                _sbrk_r
 .text._raise_r
                0x0000000008009374       0x50 /opt/st/stm32cubeide_1.1.0/plugins/com.st.stm32cube.ide.mcu.externaltools.gnu-tools-for-stm32.7-2018-q2-update.linux64_1.0.0.201904181610/tools/bin/../lib/gcc/arm-none-eabi/7.3.1/../../../../arm-none-eabi/lib/thumb/v7e-m/fpv4-sp/hard/libc_nano.a(lib_a-signal.o)
                0x0000000008009374                _raise_r
 .text.raise    0x00000000080093c4       0x10 /opt/st/stm32cubeide_1.1.0/plugins/com.st.stm32cube.ide.mcu.externaltools.gnu-tools-for-stm32.7-2018-q2-update.linux64_1.0.0.201904181610/tools/bin/../lib/gcc/arm-none-eabi/7.3.1/../../../../arm-none-eabi/lib/thumb/v7e-m/fpv4-sp/hard/libc_nano.a(lib_a-signal.o)
                0x00000000080093c4                raise
 .text._kill_r  0x00000000080093d4       0x24 /opt/st/stm32cubeide_1.1.0/plugins/com.st.stm32cube.ide.mcu.externaltools.gnu-tools-for-stm32.7-2018-q2-update.linux64_1.0.0.201904181610/tools/bin/../lib/gcc/arm-none-eabi/7.3.1/../../../../arm-none-eabi/lib/thumb/v7e-m/fpv4-sp/hard/libc_nano.a(lib_a-signalr.o)
                0x00000000080093d4                _kill_r
 .text._getpid_r
                0x00000000080093f8        0x4 /opt/st/stm32cubeide_1.1.0/plugins/com.st.stm32cube.ide.mcu.externaltools.gnu-tools-for-stm32.7-2018-q2-update.linux64_1.0.0.201904181610/tools/bin/../lib/gcc/arm-none-eabi/7.3.1/../../../../arm-none-eabi/lib/thumb/v7e-m/fpv4-sp/hard/libc_nano.a(lib_a-signalr.o)
                0x00000000080093f8                _getpid_r
 .text._vsnprintf_r
                0x00000000080093fc       0x58 /opt/st/stm32cubeide_1.1.0/plugins/com.st.stm32cube.ide.mcu.externaltools.gnu-tools-for-stm32.7-2018-q2-update.linux64_1.0.0.201904181610/tools/bin/../lib/gcc/arm-none-eabi/7.3.1/../../../../arm-none-eabi/lib/thumb/v7e-m/fpv4-sp/hard/libc_nano.a(lib_a-vsnprintf.o)
                0x00000000080093fc                _vsnprintf_r
                0x00000000080093fc                _vsniprintf_r
 .text.vsnprintf
                0x0000000008009454       0x1c /opt/st/stm32cubeide_1.1.0/plugins/com.st.stm32cube.ide.mcu.externaltools.gnu-tools-for-stm32.7-2018-q2-update.linux64_1.0.0.201904181610/tools/bin/../lib/gcc/arm-none-eabi/7.3.1/../../../../arm-none-eabi/lib/thumb/v7e-m/fpv4-sp/hard/libc_nano.a(lib_a-vsnprintf.o)
                0x0000000008009454                vsnprintf
                0x0000000008009454                vsniprintf
 .text.__malloc_lock