Archive member included to satisfy reference by file (symbol)

/opt/st/stm32cubeide_1.1.0/plugins/com.st.stm32cube.ide.mcu.externaltools.gnu-tools-for-stm32.7-2018-q2-update.linux64_1.0.0.201904181610/tools/bin/../lib/gcc/arm-none-eabi/7.3.1/../../../../arm-none-eabi/lib/thumb/v7e-m/fpv4-sp/hard/libstdc++_nano.a(del_ops.o)
                              Lib/uart_helper/uart_helper.o (operator delete(void*, unsigned int))
/opt/st/stm32cubeide_1.1.0/plugins/com.st.stm32cube.ide.mcu.externaltools.gnu-tools-for-stm32.7-2018-q2-update.linux64_1.0.0.201904181610/tools/bin/../lib/gcc/arm-none-eabi/7.3.1/../../../../arm-none-eabi/lib/thumb/v7e-m/fpv4-sp/hard/libstdc++_nano.a(allocator-inst.o)
                              Lib/overrided/overrided.o (std::allocator<char>::allocator())
/opt/st/stm32cubeide_1.1.0/plugins/com.st.stm32cube.ide.mcu.externaltools.gnu-tools-for-stm32.7-2018-q2-update.linux64_1.0.0.201904181610/tools/bin/../lib/gcc/arm-none-eabi/7.3.1/../../../../arm-none-eabi/lib/thumb/v7e-m/fpv4-sp/hard/libstdc++_nano.a(functexcept.o)
                              Lib/SLMP/SLMPResponceParser.o (std::__throw_bad_alloc())
/opt/st/stm32cubeide_1.1.0/plugins/com.st.stm32cube.ide.mcu.externaltools.gnu-tools-for-stm32.7-2018-q2-update.linux64_1.0.0.201904181610/tools/bin/../lib/gcc/arm-none-eabi/7.3.1/../../../../arm-none-eabi/lib/thumb/v7e-m/fpv4-sp/hard/libstdc++_nano.a(string-inst.o)
                              Lib/overrided/overrided.o (std::__cxx11::basic_string<char, std::char_traits<char>, std::allocator<char> >::_M_data(char*))
/opt/st/stm32cubeide_1.1.0/plugins/com.st.stm32cube.ide.mcu.externaltools.gnu-tools-for-stm32.7-2018-q2-update.linux64_1.0.0.201904181610/tools/bin/../lib/gcc/arm-none-eabi/7.3.1/../../../../arm-none-eabi/lib/thumb/v7e-m/fpv4-sp/hard/libstdc++_nano.a(snprintf_lite.o)
                              /opt/st/stm32cubeide_1.1.0/plugins/com.st.stm32cube.ide.mcu.externaltools.gnu-tools-for-stm32.7-2018-q2-update.linux64_1.0.0.201904181610/tools/bin/../lib/gcc/arm-none-eabi/7.3.1/../../../../arm-none-eabi/lib/thumb/v7e-m/fpv4-sp/hard/libstdc++_nano.a(functexcept.o) (__gnu_cxx::__snprintf_lite(char*, unsigned int, char const*, std::__va_list))
/opt/st/stm32cubeide_1.1.0/plugins/com.st.stm32cube.ide.mcu.externaltools.gnu-tools-for-stm32.7-2018-q2-update.linux64_1.0.0.201904181610/tools/bin/../lib/gcc/arm-none-eabi/7.3.1/../../../../arm-none-eabi/lib/thumb/v7e-m/fpv4-sp/hard/libc_nano.a(lib_a-abort.o)
                              /opt/st/stm32cubeide_1.1.0/plugins/com.st.stm32cube.ide.mcu.externaltools.gnu-tools-for-stm32.7-2018-q2-update.linux64_1.0.0.201904181610/tools/bin/../lib/gcc/arm-none-eabi/7.3.1/../../../../arm-none-eabi/lib/thumb/v7e-m/fpv4-sp/hard/libstdc++_nano.a(functexcept.o) (abort)
/opt/st/stm32cubeide_1.1.0/plugins/com.st.stm32cube.ide.mcu.externaltools.gnu-tools-for-stm32.7-2018-q2-update.linux64_1.0.0.201904181610/tools/bin/../lib/gcc/arm-none-eabi/7.3.1/../../../../arm-none-eabi/lib/thumb/v7e-m/fpv4-sp/hard/libc_nano.a(lib_a-atexit.o)
                              Src/mainpp.o (atexit)
/opt/st/stm32cubeide_1.1.0/plugins/com.st.stm32cube.ide.mcu.externaltools.gnu-tools-for-stm32.7-2018-q2-update.linux64_1.0.0.201904181610/tools/bin/../lib/gcc/arm-none-eabi/7.3.1/../../../../arm-none-eabi/lib/thumb/v7e-m/fpv4-sp/hard/libc_nano.a(lib_a-errno.o)
                              Src/syscalls.o (__errno)
/opt/st/stm32cubeide_1.1.0/plugins/com.st.stm32cube.ide.mcu.externaltools.gnu-tools-for-stm32.7-2018-q2-update.linux64_1.0.0.201904181610/tools/bin/../lib/gcc/arm-none-eabi/7.3.1/../../../../arm-none-eabi/lib/thumb/v7e-m/fpv4-sp/hard/libc_nano.a(lib_a-exit.o)
                              /opt/st/stm32cubeide_1.1.0/plugins/com.st.stm32cube.ide.mcu.externaltools.gnu-tools-for-stm32.7-2018-q2-update.linux64_1.0.0.201904181610/tools/bin/../lib/gcc/arm-none-eabi/7.3.1/../../../../arm-none-eabi/lib/thumb/v7e-m/fpv4-sp/hard/crt0.o (exit)
/opt/st/stm32cubeide_1.1.0/plugins/com.st.stm32cube.ide.mcu.externaltools.gnu-tools-for-stm32.7-2018-q2-update.linux64_1.0.0.201904181610/tools/bin/../lib/gcc/arm-none-eabi/7.3.1/../../../../arm-none-eabi/lib/thumb/v7e-m/fpv4-sp/hard/libc_nano.a(lib_a-impure.o)
                              /opt/st/stm32cubeide_1.1.0/plugins/com.st.stm32cube.ide.mcu.externaltools.gnu-tools-for-stm32.7-2018-q2-update.linux64_1.0.0.201904181610/tools/bin/../lib/gcc/arm-none-eabi/7.3.1/../../../../arm-none-eabi/lib/thumb/v7e-m/fpv4-sp/hard/libc_nano.a(lib_a-exit.o) (_global_impure_ptr)
/opt/st/stm32cubeide_1.1.0/plugins/com.st.stm32cube.ide.mcu.externaltools.gnu-tools-for-stm32.7-2018-q2-update.linux64_1.0.0.201904181610/tools/bin/../lib/gcc/arm-none-eabi/7.3.1/../../../../arm-none-eabi/lib/thumb/v7e-m/fpv4-sp/hard/libc_nano.a(lib_a-init.o)
[...]
Memory Configuration

Name             Origin             Length             Attributes
RAM              0x0000000020000000 0x0000000000018000 xrw
FLASH            0x0000000008000000 0x0000000000080000 xr
*default*        0x0000000000000000 0xffffffffffffffff

Linker script and memory map

LOAD /opt/st/stm32cubeide_1.1.0/plugins/com.st.stm32cube.ide.mcu.externaltools.gnu-tools-for-stm32.7-2018-q2-update.linux64_1.0.0.201904181610/tools/bin/../lib/gcc/arm-none-eabi/7.3.1/thumb/v7e-m/fpv4-sp/hard/crti.o
LOAD /opt/st/stm32cubeide_1.1.0/plugins/com.st.stm32cube.ide.mcu.externaltools.gnu-tools-for-stm32.7-2018-q2-update.linux64_1.0.0.201904181610/tools/bin/../lib/gcc/arm-none-eabi/7.3.1/thumb/v7e-m/fpv4-sp/hard/crtbegin.o
LOAD /opt/st/stm32cubeide_1.1.0/plugins/com.st.stm32cube.ide.mcu.externaltools.gnu-tools-for-stm32.7-2018-q2-update.linux64_1.0.0.201904181610/tools/bin/../lib/gcc/arm-none-eabi/7.3.1/../../../../arm-none-eabi/lib/thumb/v7e-m/fpv4-sp/hard/crt0.o
LOAD Drivers/STM32F4xx_HAL_Driver/Src/stm32f4xx_hal.o
LOAD Drivers/STM32F4xx_HAL_Driver/Src/stm32f4xx_hal_cortex.o
LOAD Drivers/STM32F4xx_HAL_Driver/Src/stm32f4xx_hal_dma.o
LOAD Drivers/STM32F4xx_HAL_Driver/Src/stm32f4xx_hal_dma_ex.o
LOAD Drivers/STM32F4xx_HAL_Driver/Src/stm32f4xx_hal_exti.o
LOAD Drivers/STM32F4xx_HAL_Driver/Src/stm32f4xx_hal_flash.o
LOAD Drivers/STM32F4xx_HAL_Driver/Src/stm32f4xx_hal_flash_ex.o
LOAD Drivers/STM32F4xx_HAL_Driver/Src/stm32f4xx_hal_flash_ramfunc.o
LOAD Drivers/STM32F4xx_HAL_Driver/Src/stm32f4xx_hal_gpio.o
LOAD Drivers/STM32F4xx_HAL_Driver/Src/stm32f4xx_hal_pwr.o
LOAD Drivers/STM32F4xx_HAL_Driver/Src/stm32f4xx_hal_pwr_ex.o
LOAD Drivers/STM32F4xx_HAL_Driver/Src/stm32f4xx_hal_rcc.o
LOAD Drivers/STM32F4xx_HAL_Driver/Src/stm32f4xx_hal_rcc_ex.o
LOAD Drivers/STM32F4xx_HAL_Driver/Src/stm32f4xx_hal_spi.o
LOAD Drivers/STM32F4xx_HAL_Driver/Src/stm32f4xx_hal_tim.o
LOAD Drivers/STM32F4xx_HAL_Driver/Src/stm32f4xx_hal_tim_ex.o
LOAD Drivers/STM32F4xx_HAL_Driver/Src/stm32f4xx_hal_uart.o
LOAD Lib/SLMP/SLMPRequestBuilder.o
LOAD Lib/SLMP/SLMPResponceParser.o
LOAD Lib/chips/W5500_chip.o
LOAD Lib/display/LiquidCristal.o
LOAD Lib/ioLibrary_Driver/Ethernet/W5100/w5100.o
LOAD Lib/ioLibrary_Driver/Ethernet/W5100S/w5100s.o
LOAD Lib/ioLibrary_Driver/Ethernet/W5200/w5200.o
LOAD Lib/ioLibrary_Driver/Ethernet/W5300/w5300.o
LOAD Lib/ioLibrary_Driver/Ethernet/W5500/w5500.o
LOAD Lib/ioLibrary_Driver/Ethernet/socket.o
LOAD Lib/ioLibrary_Driver/Ethernet/wizchip_conf.o
LOAD Lib/ioLibrary_Driver/Internet/DHCP/dhcp.o
LOAD Lib/ioLibrary_Driver/Internet/DNS/dns.o
LOAD Lib/overrided/overrided.o
LOAD Lib/uart_helper/uart_helper.o
LOAD Lib/udpClient/udp_client.o
LOAD Middlewares/Third_Party/FreeRTOS/Source/CMSIS_RTOS/cmsis_os.o
LOAD Middlewares/Third_Party/FreeRTOS/Source/croutine.o
LOAD Middlewares/Third_Party/FreeRTOS/Source/event_groups.o
LOAD Middlewares/Third_Party/FreeRTOS/Source/list.o
LOAD Middlewares/Third_Party/FreeRTOS/Source/queue.o
LOAD Middlewares/Third_Party/FreeRTOS/Source/stream_buffer.o
LOAD Middlewares/Third_Party/FreeRTOS/Source/tasks.o
LOAD Middlewares/Third_Party/FreeRTOS/Source/timers.o
LOAD Middlewares/Third_Party/FreeRTOS/Source/portable/GCC/ARM_CM4F/port.o
LOAD Middlewares/Third_Party/FreeRTOS/Source/portable/MemMang/heap_4.o
LOAD Src/freertos.o
LOAD Src/main.o
LOAD Src/mainpp.o
LOAD Src/stm32f4xx_hal_msp.o
LOAD Src/stm32f4xx_hal_timebase_tim.o
LOAD Src/stm32f4xx_it.o
LOAD Src/syscalls.o
LOAD Src/sysmem.o
LOAD Src/system_stm32f4xx.o
LOAD Startup/startup_stm32f401retx.o
START GROUP
LOAD /opt/st/stm32cubeide_1.1.0/plugins/com.st.stm32cube.ide.mcu.externaltools.gnu-tools-for-stm32.7-2018-q2-update.linux64_1.0.0.201904181610/tools/bin/../lib/gcc/arm-none-eabi/7.3.1/../../../../arm-none-eabi/lib/thumb/v7e-m/fpv4-sp/hard/libstdc++_nano.a
LOAD /opt/st/stm32cubeide_1.1.0/plugins/com.st.stm32cube.ide.mcu.externaltools.gnu-tools-for-stm32.7-2018-q2-update.linux64_1.0.0.201904181610/tools/bin/../lib/gcc/arm-none-eabi/7.3.1/../../../../arm-none-eabi/lib/thumb/v7e-m/fpv4-sp/hard/libsupc++_nano.a
END GROUP
LOAD /opt/st/stm32cubeide_1.1.0/plugins/com.st.stm32cube.ide.mcu.externaltools.gnu-tools-for-stm32.7-2018-q2-update.linux64_1.0.0.201904181610/tools/bin/../lib/gcc/arm-none-eabi/7.3.1/../../../../arm-none-eabi/lib/thumb/v7e-m/fpv4-sp/hard/libstdc++_nano.a
LOAD /opt/st/stm32cubeide_1.1.0/plugins/com.st.stm32cube.ide.mcu.externaltools.gnu-tools-for-stm32.7-2018-q2-update.linux64_1.0.0.201904181610/tools/bin/../lib/gcc/arm-none-eabi/7.3.1/../../../../arm-none-eabi/lib/thumb/v7e-m/fpv4-sp/hard/libm.a
LOAD /opt/st/stm32cubeide_1.1.0/plugins/com.st.stm32cube.ide.mcu.externaltools.gnu-tools-for-stm32.7-2018-q2-update.linux64_1.0.0.201904181610/tools/bin/../lib/gcc/arm-none-eabi/7.3.1/../../../../arm-none-eabi/lib/thumb/v7e-m/fpv4-sp/hard/libc_nano.a
START GROUP
LOAD /opt/st/stm32cubeide_1.1.0/plugins/com.st.stm32cube.ide.mcu.externaltools.gnu-tools-for-stm32.7-2018-q2-update.linux64_1.0.0.201904181610/tools/bin/../lib/gcc/arm-none-eabi/7.3.1/thumb/v7e-m/fpv4-sp/hard/libgcc.a
LOAD /opt/st/stm32cubeide_1.1.0/plugins/com.st.stm32cube.ide.mcu.externaltools.gnu-tools-for-stm32.7-2018-q2-update.linux64_1.0.0.201904181610/tools/bin/../lib/gcc/arm-none-eabi/7.3.1/../../../../arm-none-eabi/lib/thumb/v7e-m/fpv4-sp/hard/libc_nano.a
END GROUP
START GROUP
LOAD /opt/st/stm32cubeide_1.1.0/plugins/com.st.stm32cube.ide.mcu.externaltools.gnu-tools-for-stm32.7-2018-q2-update.linux64_1.0.0.201904181610/tools/bin/../lib/gcc/arm-none-eabi/7.3.1/thumb/v7e-m/fpv4-sp/hard/libgcc.a
LOAD /opt/st/stm32cubeide_1.1.0/plugins/com.st.stm32cube.ide.mcu.externaltools.gnu-tools-for-stm32.7-2018-q2-update.linux64_1.0.0.201904181610/tools/bin/../lib/gcc/arm-none-eabi/7.3.1/../../../../arm-none-eabi/lib/thumb/v7e-m/fpv4-sp/hard/libc_nano.a
LOAD /opt/st/stm32cubeide_1.1.0/plugins/com.st.stm32cube.ide.mcu.externaltools.gnu-tools-for-stm32.7-2018-q2-update.linux64_1.0.0.201904181610/tools/bin/../lib/gcc/arm-none-eabi/7.3.1/../../../../arm-none-eabi/lib/thumb/v7e-m/fpv4-sp/hard/libnosys.a
END GROUP
START GROUP
LOAD /opt/st/stm32cubeide_1.1.0/plugins/com.st.stm32cube.ide.mcu.externaltools.gnu-tools-for-stm32.7-2018-q2-update.linux64_1.0.0.201904181610/tools/bin/../lib/gcc/arm-none-eabi/7.3.1/thumb/v7e-m/fpv4-sp/hard/libgcc.a
LOAD /opt/st/stm32cubeide_1.1.0/plugins/com.st.stm32cube.ide.mcu.externaltools.gnu-tools-for-stm32.7-2018-q2-update.linux64_1.0.0.201904181610/tools/bin/../lib/gcc/arm-none-eabi/7.3.1/../../../../arm-none-eabi/lib/thumb/v7e-m/fpv4-sp/hard/libc_nano.a
LOAD /opt/st/stm32cubeide_1.1.0/plugins/com.st.stm32cube.ide.mcu.externaltools.gnu-tools-for-stm32.7-2018-q2-update.linux64_1.0.0.201904181610/tools/bin/../lib/gcc/arm-none-eabi/7.3.1/../../../../arm-none-eabi/lib/thumb/v7e-m/fpv4-sp/hard/libnosys.a
END GROUP
LOAD /opt/st/stm32cubeide_1.1.0/plugins/com.st.stm32cube.ide.mcu.externaltools.gnu-tools-for-stm32.7-2018-q2-update.linux64_1.0.0.201904181610/tools/bin/../lib/gcc/arm-none-eabi/7.3.1/thumb/v7e-m/fpv4-sp/hard/crtend.o
LOAD /opt/st/stm32cubeide_1.1.0/plugins/com.st.stm32cube.ide.mcu.externaltools.gnu-tools-for-stm32.7-2018-q2-update.linux64_1.0.0.201904181610/tools/bin/../lib/gcc/arm-none-eabi/7.3.1/thumb/v7e-m/fpv4-sp/hard/crtn.o
                0x0000000020018000                _estack = 0x20018000
                0x0000000000000200                _Min_Heap_Size = 0x200
                0x0000000000000400                _Min_Stack_Size = 0x400

.isr_vector     0x0000000008000000      0x194
                0x0000000008000000                . = ALIGN (0x4)
 *(.isr_vector)
 .isr_vector    0x0000000008000000      0x194 Startup/startup_stm32f401retx.o
                0x0000000008000000                g_pfnVectors
                0x0000000008000194                . = ALIGN (0x4)

.text           0x00000000080001a0     0xd1b4
                0x00000000080001a0                . = ALIGN (0x4)
 *(.text)
 .text          0x00000000080001a0       0x40 /opt/st/stm32cubeide_1.1.0/plugins/com.st.stm32cube.ide.mcu.externaltools.gnu-tools-for-stm32.7-2018-q2-update.linux64_1.0.0.201904181610/tools/bin/../lib/gcc/arm-none-eabi/7.3.1/thumb/v7e-m/fpv4-sp/hard/crtbegin.o
 .text          0x00000000080001e0       0xa0 /opt/st/stm32cubeide_1.1.0/plugins/com.st.stm32cube.ide.mcu.externaltools.gnu-tools-for-stm32.7-2018-q2-update.linux64_1.0.0.201904181610/tools/bin/../lib/gcc/arm-none-eabi/7.3.1/../../../../arm-none-eabi/lib/thumb/v7e-m/fpv4-sp/hard/libc_nano.a(lib_a-memchr.o)
                0x00000000080001e0                memchr
 .text          0x0000000008000280       0x10 /opt/st/stm32cubeide_1.1.0/plugins/com.st.stm32cube.ide.mcu.externaltools.gnu-tools-for-stm32.7-2018-q2-update.linux64_1.0.0.201904181610/tools/bin/../lib/gcc/arm-none-eabi/7.3.1/../../../../arm-none-eabi/lib/thumb/v7e-m/fpv4-sp/hard/libc_nano.a(lib_a-strlen.o)
                0x0000000008000280                strlen
 .text          0x0000000008000290      0x378 /opt/st/stm32cubeide_1.1.0/plugins/com.st.stm32cube.ide.mcu.externaltools.gnu-tools-for-stm32.7-2018-q2-update.linux64_1.0.0.201904181610/tools/bin/../lib/gcc/arm-none-eabi/7.3.1/thumb/v7e-m/fpv4-sp/hard/libgcc.a(_arm_addsubdf3.o)
                0x0000000008000290                __aeabi_drsub
                0x0000000008000298                __aeabi_dsub
                0x0000000008000298                __subdf3
                0x000000000800029c                __adddf3
                0x000000000800029c                __aeabi_dadd
                0x0000000008000514                __aeabi_ui2d
                0x0000000008000514                __floatunsidf
                0x0000000008000534                __floatsidf
                0x0000000008000534                __aeabi_i2d
                0x0000000008000558                __extendsfdf2
                0x0000000008000558                __aeabi_f2d
                0x000000000800059c                __aeabi_ul2d
                0x000000000800059c                __floatundidf
                0x00000000080005ac                __floatdidf
                0x00000000080005ac                __aeabi_l2d
 .text          0x0000000008000608      0x424 /opt/st/stm32cubeide_1.1.0/plugins/com.st.stm32cube.ide.mcu.externaltools.gnu-tools-for-stm32.7-2018-q2-update.linux64_1.0.0.201904181610/tools/bin/../lib/gcc/arm-none-eabi/7.3.1/thumb/v7e-m/fpv4-sp/hard/libgcc.a(_arm_muldivdf3.o)
                0x0000000008000608                __aeabi_dmul
                0x0000000008000608                __muldf3
                0x000000000800085c                __aeabi_ddiv
                0x000000000800085c                __divdf3
 .text          0x0000000008000a2c      0x110 /opt/st/stm32cubeide_1.1.0/plugins/com.st.stm32cube.ide.mcu.externaltools.gnu-tools-for-stm32.7-2018-q2-update.linux64_1.0.0.201904181610/tools/bin/../lib/gcc/arm-none-eabi/7.3.1/thumb/v7e-m/fpv4-sp/hard/libgcc.a(_arm_cmpdf2.o)
                0x0000000008000a2c                __gtdf2
                0x0000000008000a2c                __gedf2
                0x0000000008000a34                __ltdf2
                0x0000000008000a34                __ledf2
                0x0000000008000a3c                __cmpdf2
                0x0000000008000a3c                __eqdf2
                0x0000000008000a3c                __nedf2
                0x0000000008000ab8                __aeabi_cdrcmple
                0x0000000008000ac8                __aeabi_cdcmple
                0x0000000008000ac8                __aeabi_cdcmpeq
                0x0000000008000ad8                __aeabi_dcmpeq
                0x0000000008000aec                __aeabi_dcmplt
                0x0000000008000b00                __aeabi_dcmple
                0x0000000008000b14                __aeabi_dcmpge
                0x0000000008000b28                __aeabi_dcmpgt
 .text          0x0000000008000b3c       0x2c /opt/st/stm32cubeide_1.1.0/plugins/com.st.stm32cube.ide.mcu.externaltools.gnu-tools-for-stm32.7-2018-q2-update.linux64_1.0.0.201904181610/tools/bin/../lib/gcc/arm-none-eabi/7.3.1/thumb/v7e-m/fpv4-sp/hard/libgcc.a(_arm_unorddf2.o)
                0x0000000008000b3c                __aeabi_dcmpun
                0x0000000008000b3c                __unorddf2
 .text          0x0000000008000b68       0x50 /opt/st/stm32cubeide_1.1.0/plugins/com.st.stm32cube.ide.mcu.externaltools.gnu-tools-for-stm32.7-2018-q2-update.linux64_1.0.0.201904181610/tools/bin/../lib/gcc/arm-none-eabi/7.3.1/thumb/v7e-m/fpv4-sp/hard/libgcc.a(_arm_fixdfsi.o)
                0x0000000008000b68                __fixdfsi
                0x0000000008000b68                __aeabi_d2iz
 .text          0x0000000008000bb8       0x30 /opt/st/stm32cubeide_1.1.0/plugins/com.st.stm32cube.ide.mcu.externaltools.gnu-tools-for-stm32.7-2018-q2-update.linux64_1.0.0.201904181610/tools/bin/../lib/gcc/arm-none-eabi/7.3.1/thumb/v7e-m/fpv4-sp/hard/libgcc.a(_aeabi_uldivmod.o)
                0x0000000008000bb8                __aeabi_uldivmod
 .text          0x0000000008000be8      0x2cc /opt/st/stm32cubeide_1.1.0/plugins/com.st.stm32cube.ide.mcu.externaltools.gnu-tools-for-stm32.7-2018-q2-update.linux64_1.0.0.201904181610/tools/bin/../lib/gcc/arm-none-eabi/7.3.1/thumb/v7e-m/fpv4-sp/hard/libgcc.a(_udivmoddi4.o)
                0x0000000008000be8                __udivmoddi4
 .text          0x0000000008000eb4        0x4 /opt/st/stm32cubeide_1.1.0/plugins/com.st.stm32cube.ide.mcu.externaltools.gnu-tools-for-stm32.7-2018-q2-update.linux64_1.0.0.201904181610/tools/bin/../lib/gcc/arm-none-eabi/7.3.1/thumb/v7e-m/fpv4-sp/hard/libgcc.a(_dvmd_tls.o)
                0x0000000008000eb4                __aeabi_ldiv0
                0x0000000008000eb4                __aeabi_idiv0
 *(.text*)
 .text.HAL_Init
                0x0000000008000eb8       0x44 Drivers/STM32F4xx_HAL_Driver/Src/stm32f4xx_hal.o
                0x0000000008000eb8                HAL_Init
 .text.HAL_IncTick
                0x0000000008000efc       0x28 Drivers/STM32F4xx_HAL_Driver/Src/stm32f4xx_hal.o
                0x0000000008000efc                HAL_IncTick
 .text.HAL_GetTick
                0x0000000008000f24       0x18 Drivers/STM32F4xx_HAL_Driver/Src/stm32f4xx_hal.o
                0x0000000008000f24                HAL_GetTick
 .text.HAL_Delay
                0x0000000008000f3c       0x44 Drivers/STM32F4xx_HAL_Driver/Src/stm32f4xx_hal.o
                0x0000000008000f3c                HAL_Delay
 .text.__NVIC_SetPriorityGrouping
                0x0000000008000f80       0x48 Drivers/STM32F4xx_HAL_Driver/Src/stm32f4xx_hal_cortex.o
 .text.__NVIC_GetPriorityGrouping
                0x0000000008000fc8       0x1c Drivers/STM32F4xx_HAL_Driver/Src/stm32f4xx_hal_cortex.o
 .text.__NVIC_EnableIRQ
                0x0000000008000fe4       0x3c Drivers/STM32F4xx_HAL_Driver/Src/stm32f4xx_hal_cortex.o
 .text.__NVIC_SetPriority
                0x0000000008001020       0x54 Drivers/STM32F4xx_HAL_Driver/Src/stm32f4xx_hal_cortex.o
 .text.NVIC_EncodePriority
                0x0000000008001074       0x66 Drivers/STM32F4xx_HAL_Driver/Src/stm32f4xx_hal_cortex.o
 .text.HAL_NVIC_SetPriorityGrouping
                0x00000000080010da       0x16 Drivers/STM32F4xx_HAL_Driver/Src/stm32f4xx_hal_cortex.o
                0x00000000080010da                HAL_NVIC_SetPriorityGrouping
 .text.HAL_NVIC_SetPriority
                0x00000000080010f0       0x38 Drivers/STM32F4xx_HAL_Driver/Src/stm32f4xx_hal_cortex.o
                0x00000000080010f0                HAL_NVIC_SetPriority
 .text.HAL_NVIC_EnableIRQ
                0x0000000008001128       0x1c Drivers/STM32F4xx_HAL_Driver/Src/stm32f4xx_hal_cortex.o
                0x0000000008001128                HAL_NVIC_EnableIRQ
 .text.HAL_GPIO_Init
                0x0000000008001144      0x304 Drivers/STM32F4xx_HAL_Driver/Src/stm32f4xx_hal_gpio.o
                0x0000000008001144                HAL_GPIO_Init
 .text.HAL_GPIO_WritePin
                0x0000000008001448       0x32 Drivers/STM32F4xx_HAL_Driver/Src/stm32f4xx_hal_gpio.o
                0x0000000008001448                HAL_GPIO_WritePin
 *fill*         0x000000000800147a        0x2 
 .text.HAL_GPIO_EXTI_IRQHandler
                0x000000000800147c       0x30 Drivers/STM32F4xx_HAL_Driver/Src/stm32f4xx_hal_gpio.o
                0x000000000800147c                HAL_GPIO_EXTI_IRQHandler
 .text.HAL_GPIO_EXTI_Callback
                0x00000000080014ac       0x16 Drivers/STM32F4xx_HAL_Driver/Src/stm32f4xx_hal_gpio.o
                0x00000000080014ac                HAL_GPIO_EXTI_Callback
 *fill*         0x00000000080014c2        0x2 
 .text.HAL_RCC_OscConfig
                0x00000000080014c4      0x484 Drivers/STM32F4xx_HAL_Driver/Src/stm32f4xx_hal_rcc.o
                0x00000000080014c4                HAL_RCC_OscConfig
 .text.HAL_RCC_ClockConfig
                0x0000000008001948      0x1c4 Drivers/STM32F4xx_HAL_Driver/Src/stm32f4xx_hal_rcc.o
                0x0000000008001948                HAL_RCC_ClockConfig
 .text.HAL_RCC_GetSysClockFreq
                0x0000000008001b0c      0x1b0 Drivers/STM32F4xx_HAL_Driver/Src/stm32f4xx_hal_rcc.o
                0x0000000008001b0c                HAL_RCC_GetSysClockFreq
 .text.HAL_RCC_GetHCLKFreq
                0x0000000008001cbc       0x18 Drivers/STM32F4xx_HAL_Driver/Src/stm32f4xx_hal_rcc.o
                0x0000000008001cbc                HAL_RCC_GetHCLKFreq
 .text.HAL_RCC_GetPCLK1Freq
                0x0000000008001cd4       0x28 Drivers/STM32F4xx_HAL_Driver/Src/stm32f4xx_hal_rcc.o
                0x0000000008001cd4                HAL_RCC_GetPCLK1Freq
 .text.HAL_RCC_GetPCLK2Freq
                0x0000000008001cfc       0x28 Drivers/STM32F4xx_HAL_Driver/Src/stm32f4xx_hal_rcc.o
                0x0000000008001cfc                HAL_RCC_GetPCLK2Freq
 .text.HAL_RCC_GetClockConfig
                0x0000000008001d24       0x64 Drivers/STM32F4xx_HAL_Driver/Src/stm32f4xx_hal_rcc.o
                0x0000000008001d24                HAL_RCC_GetClockConfig
 .text.HAL_SPI_Init
                0x0000000008001d88       0xc8 Drivers/STM32F4xx_HAL_Driver/Src/stm32f4xx_hal_spi.o
                0x0000000008001d88                HAL_SPI_Init
 .text.HAL_SPI_Transmit
                0x0000000008001e50      0x268 Drivers/STM32F4xx_HAL_Driver/Src/stm32f4xx_hal_spi.o
                0x0000000008001e50                HAL_SPI_Transmit
 .text.HAL_SPI_Receive
                0x00000000080020b8      0x212 Drivers/STM32F4xx_HAL_Driver/Src/stm32f4xx_hal_spi.o
                0x00000000080020b8                HAL_SPI_Receive
 .text.HAL_SPI_TransmitReceive
                0x00000000080022ca      0x344 Drivers/STM32F4xx_HAL_Driver/Src/stm32f4xx_hal_spi.o
                0x00000000080022ca                HAL_SPI_TransmitReceive
 .text.SPI_WaitFlagStateUntilTimeout
                0x000000000800260e       0xd4 Drivers/STM32F4xx_HAL_Driver/Src/stm32f4xx_hal_spi.o
 .text.SPI_EndRxTransaction
                0x00000000080026e2       0xca Drivers/STM32F4xx_HAL_Driver/Src/stm32f4xx_hal_spi.o
 .text.SPI_EndRxTxTransaction
                0x00000000080027ac       0x84 Drivers/STM32F4xx_HAL_Driver/Src/stm32f4xx_hal_spi.o
 .text.HAL_TIM_Base_Init
                0x0000000008002830       0x56 Drivers/STM32F4xx_HAL_Driver/Src/stm32f4xx_hal_tim.o
                0x0000000008002830                HAL_TIM_Base_Init
 .text.HAL_TIM_Base_Start_IT
                0x0000000008002886       0x48 Drivers/STM32F4xx_HAL_Driver/Src/stm32f4xx_hal_tim.o
                0x0000000008002886                HAL_TIM_Base_Start_IT
 .text.HAL_TIM_PWM_Init
                0x00000000080028ce       0x56 Drivers/STM32F4xx_HAL_Driver/Src/stm32f4xx_hal_tim.o
                0x00000000080028ce                HAL_TIM_PWM_Init
 .text.HAL_TIM_PWM_MspInit
                0x0000000008002924       0x14 Drivers/STM32F4xx_HAL_Driver/Src/stm32f4xx_hal_tim.o
                0x0000000008002924                HAL_TIM_PWM_MspInit
 .text.HAL_TIM_Encoder_Init
                0x0000000008002938      0x124 Drivers/STM32F4xx_HAL_Driver/Src/stm32f4xx_hal_tim.o
                0x0000000008002938                HAL_TIM_Encoder_Init
 .text.HAL_TIM_IRQHandler
                0x0000000008002a5c      0x210 Drivers/STM32F4xx_HAL_Driver/Src/stm32f4xx_hal_tim.o
                0x0000000008002a5c                HAL_TIM_IRQHandler
 .text.HAL_TIM_PWM_ConfigChannel
                0x0000000008002c6c      0x18c Drivers/STM32F4xx_HAL_Driver/Src/stm32f4xx_hal_tim.o
                0x0000000008002c6c                HAL_TIM_PWM_ConfigChannel
 .text.HAL_TIM_ConfigClockSource
                0x0000000008002df8      0x16e Drivers/STM32F4xx_HAL_Driver/Src/stm32f4xx_hal_tim.o
                0x0000000008002df8                HAL_TIM_ConfigClockSource
 .text.HAL_TIM_OC_DelayElapsedCallback
                0x0000000008002f66       0x14 Drivers/STM32F4xx_HAL_Driver/Src/stm32f4xx_hal_tim.o
                0x0000000008002f66                HAL_TIM_OC_DelayElapsedCallback
 .text.HAL_TIM_IC_CaptureCallback
                0x0000000008002f7a       0x14 Drivers/STM32F4xx_HAL_Driver/Src/stm32f4xx_hal_tim.o
                0x0000000008002f7a                HAL_TIM_IC_CaptureCallback
 .text.HAL_TIM_PWM_PulseFinishedCallback
                0x0000000008002f8e       0x14 Drivers/STM32F4xx_HAL_Driver/Src/stm32f4xx_hal_tim.o
                0x0000000008002f8e                HAL_TIM_PWM_PulseFinishedCallback
 .text.HAL_TIM_TriggerCallback
                0x0000000008002fa2       0x14 Drivers/STM32F4xx_HAL_Driver/Src/stm32f4xx_hal_tim.o
                0x0000000008002fa2                HAL_TIM_TriggerCallback
 *fill*         0x0000000008002fb6        0x2 
 .text.TIM_Base_SetConfig
                0x0000000008002fb8      0x100 Drivers/STM32F4xx_HAL_Driver/Src/stm32f4xx_hal_tim.o
                0x0000000008002fb8                TIM_Base_SetConfig
 .text.TIM_OC1_SetConfig
                0x00000000080030b8       0xcc Drivers/STM32F4xx_HAL_Driver/Src/stm32f4xx_hal_tim.o
 .text.TIM_OC2_SetConfig
                0x0000000008003184       0xd8 Drivers/STM32F4xx_HAL_Driver/Src/stm32f4xx_hal_tim.o
                0x0000000008003184                TIM_OC2_SetConfig
 .text.TIM_OC3_SetConfig
                0x000000000800325c       0xd4 Drivers/STM32F4xx_HAL_Driver/Src/stm32f4xx_hal_tim.o
 .text.TIM_OC4_SetConfig
                0x0000000008003330       0xa0 Drivers/STM32F4xx_HAL_Driver/Src/stm32f4xx_hal_tim.o
 .text.TIM_TI1_ConfigInputStage
                0x00000000080033d0       0x5e Drivers/STM32F4xx_HAL_Driver/Src/stm32f4xx_hal_tim.o
 .text.TIM_TI2_ConfigInputStage
                0x000000000800342e       0x60 Drivers/STM32F4xx_HAL_Driver/Src/stm32f4xx_hal_tim.o
 .text.TIM_ITRx_SetConfig
                0x000000000800348e       0x36 Drivers/STM32F4xx_HAL_Driver/Src/stm32f4xx_hal_tim.o
 .text.TIM_ETR_SetConfig
                0x00000000080034c4       0x40 Drivers/STM32F4xx_HAL_Driver/Src/stm32f4xx_hal_tim.o
                0x00000000080034c4                TIM_ETR_SetConfig
 .text.HAL_TIMEx_MasterConfigSynchronization
                0x0000000008003504       0x8a Drivers/STM32F4xx_HAL_Driver/Src/stm32f4xx_hal_tim_ex.o
                0x0000000008003504                HAL_TIMEx_MasterConfigSynchronization
 .text.HAL_TIMEx_CommutCallback
                0x000000000800358e       0x14 Drivers/STM32F4xx_HAL_Driver/Src/stm32f4xx_hal_tim_ex.o
                0x000000000800358e                HAL_TIMEx_CommutCallback
 .text.HAL_TIMEx_BreakCallback
                0x00000000080035a2       0x14 Drivers/STM32F4xx_HAL_Driver/Src/stm32f4xx_hal_tim_ex.o
                0x00000000080035a2                HAL_TIMEx_BreakCallback
 .text.HAL_UART_Init
                0x00000000080035b6       0x9a Drivers/STM32F4xx_HAL_Driver/Src/stm32f4xx_hal_uart.o
                0x00000000080035b6                HAL_UART_Init
 .text.HAL_UART_Transmit
                0x0000000008003650      0x132 Drivers/STM32F4xx_HAL_Driver/Src/stm32f4xx_hal_uart.o
                0x0000000008003650                HAL_UART_Transmit
 .text.UART_WaitOnFlagUntilTimeout
                0x0000000008003782       0x94 Drivers/STM32F4xx_HAL_Driver/Src/stm32f4xx_hal_uart.o
 *fill*         0x0000000008003816        0x2 
 .text.UART_SetConfig
                0x0000000008003818      0x414 Drivers/STM32F4xx_HAL_Driver/Src/stm32f4xx_hal_uart.o
 .text._ZN10ValueField9putInDumpEPh
                0x0000000008003c2c       0x30 Lib/SLMP/SLMPRequestBuilder.o
                0x0000000008003c2c                ValueField::putInDump(unsigned char*)
 .text._ZN10ValueField7getSizeEv
                0x0000000008003c5c       0x1c Lib/SLMP/SLMPRequestBuilder.o
                0x0000000008003c5c                ValueField::getSize()
 .text._Z12buildRequestP10SLMPPacketPh
                0x0000000008003c78      0x1ea Lib/SLMP/SLMPRequestBuilder.o
                0x0000000008003c78                buildRequest(SLMPPacket*, unsigned char*)
 .text._Z9getMsgLenP10SLMPPacket
                0x0000000008003e62      0x112 Lib/SLMP/SLMPRequestBuilder.o
                0x0000000008003e62                getMsgLen(SLMPPacket*)
 .text._ZNSt6vectorIhSaIhEE5beginEv
                0x0000000008003f74       0x20 Lib/SLMP/SLMPRequestBuilder.o
                0x0000000008003f74                std::vector<unsigned char, std::allocator<unsigned char> >::begin()
 .text._ZNSt6vectorIhSaIhEE3endEv
                0x0000000008003f94       0x22 Lib/SLMP/SLMPRequestBuilder.o
                0x0000000008003f94                std::vector<unsigned char, std::allocator<unsigned char> >::end()
 .text._ZSt4copyIN9__gnu_cxx17__normal_iteratorIPhSt6vectorIhSaIhEEEES2_ET0_T_S8_S7_
                0x0000000008003fb6       0x30 Lib/SLMP/SLMPRequestBuilder.o
                0x0000000008003fb6                unsigned char* std::copy<__gnu_cxx::__normal_iterator<unsigned char*, std::vector<unsigned char, std::allocator<unsigned char> > >, unsigned char*>(__gnu_cxx::__normal_iterator<unsigned char*, std::vector<unsigned char, std::allocator<unsigned char> > >, __gnu_cxx::__normal_iterator<unsigned char*, std::vector<unsigned char, std::allocator<unsigned char> > >, unsigned char*)
 .text._ZNKSt6vectorIhSaIhEE4sizeEv
                0x0000000008003fe6       0x20 Lib/SLMP/SLMPRequestBuilder.o
                0x0000000008003fe6                std::vector<unsigned char, std::allocator<unsigned char> >::size() const
 .text._ZN5FieldItLj2EE9putInDumpEPh
                0x0000000008004006       0x30 Lib/SLMP/SLMPRequestBuilder.o
                0x0000000008004006                Field<unsigned short, 2u>::putInDump(unsigned char*)
 .text._ZN5FieldItLj2EE8getValueEv
                0x0000000008004036       0x1c Lib/SLMP/SLMPRequestBuilder.o
                0x0000000008004036                Field<unsigned short, 2u>::getValue()
 .text._ZN5FieldIhLj1EE9putInDumpEPh
                0x0000000008004052       0x30 Lib/SLMP/SLMPRequestBuilder.o
                0x0000000008004052                Field<unsigned char, 1u>::putInDump(unsigned char*)
 .text._ZN5FieldItLj2EEC2Et
                0x0000000008004082       0x26 Lib/SLMP/SLMPRequestBuilder.o
                0x0000000008004082                Field<unsigned short, 2u>::Field(unsigned short)
                0x0000000008004082                Field<unsigned short, 2u>::Field(unsigned short)
 .text._ZN5FieldIjLj3EE9putInDumpEPh
                0x00000000080040a8       0x30 Lib/SLMP/SLMPRequestBuilder.o
                0x00000000080040a8                Field<unsigned int, 3u>::putInDump(unsigned char*)
 .text._ZN9__gnu_cxx17__normal_iteratorIPhSt6vectorIhSaIhEEEC2ERKS1_
                0x00000000080040d8       0x20 Lib/SLMP/SLMPRequestBuilder.o
                0x00000000080040d8                __gnu_cxx::__normal_iterator<unsigned char*, std::vector<unsigned char, std::allocator<unsigned char> > >::__normal_iterator(unsigned char* const&)
                0x00000000080040d8                __gnu_cxx::__normal_iterator<unsigned char*, std::vector<unsigned char, std::allocator<unsigned char> > >::__normal_iterator(unsigned char* const&)
 .text._ZSt12__miter_baseIN9__gnu_cxx17__normal_iteratorIPhSt6vectorIhSaIhEEEEET_S7_
                0x00000000080040f8       0x16 Lib/SLMP/SLMPRequestBuilder.o
                0x00000000080040f8                __gnu_cxx::__normal_iterator<unsigned char*, std::vector<unsigned char, std::allocator<unsigned char> > > std::__miter_base<__gnu_cxx::__normal_iterator<unsigned char*, std::vector<unsigned char, std::allocator<unsigned char> > > >(__gnu_cxx::__normal_iterator<unsigned char*, std::vector<unsigned char, std::allocator<unsigned char> > >)
 .text._ZSt14__copy_move_a2ILb0EN9__gnu_cxx17__normal_iteratorIPhSt6vectorIhSaIhEEEES2_ET1_T0_S8_S7_
                0x000000000800410e       0x38 Lib/SLMP/SLMPRequestBuilder.o
                0x000000000800410e                unsigned char* std::__copy_move_a2<false, __gnu_cxx::__normal_iterator<unsigned char*, std::vector<unsigned char, std::allocator<unsigned char> > >, unsigned char*>(__gnu_cxx::__normal_iterator<unsigned char*, std::vector<unsigned char, std::allocator<unsigned char> > >, __gnu_cxx::__normal_iterator<unsigned char*, std::vector<unsigned char, std::allocator<unsigned char> > >, unsigned char*)
 .text._ZSt4copyIPhS0_ET0_T_S2_S1_
                0x0000000008004146       0x30 Lib/SLMP/SLMPRequestBuilder.o
                0x0000000008004146                unsigned char* std::copy<unsigned char*, unsigned char*>(unsigned char*, unsigned char*, unsigned char*)
 .text._ZNSt5arrayIhLj2EE5beginEv
                0x0000000008004176       0x18 Lib/SLMP/SLMPRequestBuilder.o
                0x0000000008004176                std::array<unsigned char, 2u>::begin()
 .text._ZNSt5arrayIhLj2EE3endEv
                0x000000000800418e       0x1a Lib/SLMP/SLMPRequestBuilder.o
                0x000000000800418e                std::array<unsigned char, 2u>::end()
 .text._ZNSt5arrayIhLj1EE5beginEv
                0x00000000080041a8       0x18 Lib/SLMP/SLMPRequestBuilder.o
                0x00000000080041a8                std::array<unsigned char, 1u>::begin()
 .text._ZNSt5arrayIhLj1EE3endEv
                0x00000000080041c0       0x1a Lib/SLMP/SLMPRequestBuilder.o
                0x00000000080041c0                std::array<unsigned char, 1u>::end()
 .text._ZNSt5arrayIhLj3EE5beginEv
                0x00000000080041da       0x18 Lib/SLMP/SLMPRequestBuilder.o
                0x00000000080041da                std::array<unsigned char, 3u>::begin()
 .text._ZNSt5arrayIhLj3EE3endEv
                0x00000000080041f2       0x1a Lib/SLMP/SLMPRequestBuilder.o
                0x00000000080041f2                std::array<unsigned char, 3u>::end()
 .text._ZSt12__niter_baseIPhSt6vectorIhSaIhEEET_N9__gnu_cxx17__normal_iteratorIS4_T0_EE
                0x000000000800420c       0x1c Lib/SLMP/SLMPRequestBuilder.o
                0x000000000800420c                unsigned char* std::__niter_base<unsigned char*, std::vector<unsigned char, std::allocator<unsigned char> > >(__gnu_cxx::__normal_iterator<unsigned char*, std::vector<unsigned char, std::allocator<unsigned char> > >)
 .text._ZSt12__niter_baseIPhET_S1_
                0x0000000008004228       0x16 Lib/SLMP/SLMPRequestBuilder.o
                0x0000000008004228                unsigned char* std::__niter_base<unsigned char*>(unsigned char*)
 .text._ZSt13__copy_move_aILb0EPhS0_ET1_T0_S2_S1_
                0x000000000800423e       0x24 Lib/SLMP/SLMPRequestBuilder.o
                0x000000000800423e                unsigned char* std::__copy_move_a<false, unsigned char*, unsigned char*>(unsigned char*, unsigned char*, unsigned char*)
 .text._ZNK9__gnu_cxx17__normal_iteratorIPhSt6vectorIhSaIhEEE4baseEv
                0x0000000008004262       0x16 Lib/SLMP/SLMPRequestBuilder.o
                0x0000000008004262                __gnu_cxx::__normal_iterator<unsigned char*, std::vector<unsigned char, std::allocator<unsigned char> > >::base() const
 .text._ZSt12__miter_baseIPhET_S1_
                0x0000000008004278       0x16 Lib/SLMP/SLMPRequestBuilder.o
                0x0000000008004278                unsigned char* std::__miter_base<unsigned char*>(unsigned char*)
 .text._ZSt14__copy_move_a2ILb0EPhS0_ET1_T0_S2_S1_
                0x000000000800428e       0x38 Lib/SLMP/SLMPRequestBuilder.o
                0x000000000800428e                unsigned char* std::__copy_move_a2<false, unsigned char*, unsigned char*>(unsigned char*, unsigned char*, unsigned char*)
 .text._ZNSt5arrayIhLj2EE4dataEv
                0x00000000080042c6       0x1a Lib/SLMP/SLMPRequestBuilder.o
                0x00000000080042c6                std::array<unsigned char, 2u>::data()
 .text._ZNSt5arrayIhLj1EE4dataEv
                0x00000000080042e0       0x1a Lib/SLMP/SLMPRequestBuilder.o
                0x00000000080042e0                std::array<unsigned char, 1u>::data()
 .text._ZNSt5arrayIhLj3EE4dataEv
                0x00000000080042fa       0x1a Lib/SLMP/SLMPRequestBuilder.o
                0x00000000080042fa                std::array<unsigned char, 3u>::data()
 .text._ZNSt11__copy_moveILb0ELb1ESt26random_access_iterator_tagE8__copy_mIhEEPT_PKS3_S6_S4_
                0x0000000008004314       0x34 Lib/SLMP/SLMPRequestBuilder.o
                0x0000000008004314                unsigned char* std::__copy_move<false, true, std::random_access_iterator_tag>::__copy_m<unsigned char>(unsigned char const*, unsigned char const*, unsigned char*)
 .text._ZNSt14__array_traitsIhLj2EE6_S_ptrERA2_Kh
                0x0000000008004348       0x16 Lib/SLMP/SLMPRequestBuilder.o
                0x0000000008004348                std::__array_traits<unsigned char, 2u>::_S_ptr(unsigned char const (&) [2])
 .text._ZNSt14__array_traitsIhLj1EE6_S_ptrERA1_Kh
                0x000000000800435e       0x16 Lib/SLMP/SLMPRequestBuilder.o
                0x000000000800435e                std::__array_traits<unsigned char, 1u>::_S_ptr(unsigned char const (&) [1])
 .text._ZNSt14__array_traitsIhLj3EE6_S_ptrERA3_Kh
                0x0000000008004374       0x16 Lib/SLMP/SLMPRequestBuilder.o
                0x0000000008004374                std::__array_traits<unsigned char, 3u>::_S_ptr(unsigned char const (&) [3])
 .text._ZnwjPv  0x000000000800438a       0x18 Lib/SLMP/SLMPResponceParser.o
                0x000000000800438a                operator new(unsigned int, void*)
 .text._ZN10ValueField11getFromDumpEPhj
                0x00000000080043a2       0x58 Lib/SLMP/SLMPResponceParser.o
                0x00000000080043a2                ValueField::getFromDump(unsigned char*, unsigned int)
 .text._Z13parseResponseP10SLMPPacketPh
                0x00000000080043fa      0x14c Lib/SLMP/SLMPResponceParser.o
                0x00000000080043fa                parseResponse(SLMPPacket*, unsigned char*)
 .text._ZNSt6vectorIhSaIhEE8pop_backEv
                0x0000000008004546       0x28 Lib/SLMP/SLMPResponceParser.o
                0x0000000008004546                std::vector<unsigned char, std::allocator<unsigned char> >::pop_back()
 .text._ZNSt6vectorIhSaIhEE9push_backERKh
                0x000000000800456e       0x4a Lib/SLMP/SLMPResponceParser.o
                0x000000000800456e                std::vector<unsigned char, std::allocator<unsigned char> >::push_back(unsigned char const&)
 .text._ZN5FieldItLj2EE11getFromDumpEPh
                0x00000000080045b8       0x2a Lib/SLMP/SLMPResponceParser.o
                0x00000000080045b8                Field<unsigned short, 2u>::getFromDump(unsigned char*)
 .text._ZN5FieldIhLj1EE11getFromDumpEPh
                0x00000000080045e2       0x2a Lib/SLMP/SLMPResponceParser.o
                0x00000000080045e2                Field<unsigned char, 1u>::getFromDump(unsigned char*)
 .text._ZNKSt12_Vector_baseIhSaIhEE19_M_get_Tp_allocatorEv
                0x000000000800460c       0x16 Lib/SLMP/SLMPResponceParser.o
                0x000000000800460c                std::_Vector_base<unsigned char, std::allocator<unsigned char> >::_M_get_Tp_allocator() const
 .text._ZNSt12_Vector_baseIhSaIhEE19_M_get_Tp_allocatorEv
                0x0000000008004622       0x16 Lib/SLMP/SLMPResponceParser.o
                0x0000000008004622                std::_Vector_base<unsigned char, std::allocator<unsigned char> >::_M_get_Tp_allocator()
 .text._ZSt8_DestroyIPhhEvT_S1_RSaIT0_E
                0x0000000008004638       0x1c Lib/SLMP/SLMPResponceParser.o
                0x0000000008004638                void std::_Destroy<unsigned char*, unsigned char>(unsigned char*, unsigned char*, std::allocator<unsigned char>&)
 .text._ZNSt16allocator_traitsISaIhEE7destroyIhEEvRS0_PT_
                0x0000000008004654       0x1a Lib/SLMP/SLMPResponceParser.o
                0x0000000008004654                void std::allocator_traits<std::allocator<unsigned char> >::destroy<unsigned char>(std::allocator<unsigned char>&, unsigned char*)
 .text._ZSt7forwardIRKhEOT_RNSt16remove_referenceIS2_E4typeE
                0x000000000800466e       0x16 Lib/SLMP/SLMPResponceParser.o
                0x000000000800466e                unsigned char const& std::forward<unsigned char const&>(std::remove_reference<unsigned char const&>::type&)
 .text._ZNSt16allocator_traitsISaIhEE9constructIhJRKhEEEvRS0_PT_DpOT0_
                0x0000000008004684       0x26 Lib/SLMP/SLMPResponceParser.o
                0x0000000008004684                void std::allocator_traits<std::allocator<unsigned char> >::construct<unsigned char, unsigned char const&>(std::allocator<unsigned char>&, unsigned char*, unsigned char const&)
 *fill*         0x00000000080046aa        0x2 
 .text._ZNSt6vectorIhSaIhEE17_M_realloc_insertIJRKhEEEvN9__gnu_cxx17__normal_iteratorIPhS1_EEDpOT_
                0x00000000080046ac      0x110 Lib/SLMP/SLMPResponceParser.o
                0x00000000080046ac                void std::vector<unsigned char, std::allocator<unsigned char> >::_M_realloc_insert<unsigned char const&>(__gnu_cxx::__normal_iterator<unsigned char*, std::vector<unsigned char, std::allocator<unsigned char> > >, unsigned char const&)
 .text._ZNSt12_Vector_baseIhSaIhEE13_M_deallocateEPhj
                0x00000000080047bc       0x26 Lib/SLMP/SLMPResponceParser.o
                0x00000000080047bc                std::_Vector_base<unsigned char, std::allocator<unsigned char> >::_M_deallocate(unsigned char*, unsigned int)
 .text._ZSt8_DestroyIPhEvT_S1_
                0x00000000080047e2       0x1a Lib/SLMP/SLMPResponceParser.o
                0x00000000080047e2                void std::_Destroy<unsigned char*>(unsigned char*, unsigned char*)
 .text._ZN9__gnu_cxx13new_allocatorIhE7destroyIhEEvPT_
                0x00000000080047fc       0x16 Lib/SLMP/SLMPResponceParser.o
                0x00000000080047fc                void __gnu_cxx::new_allocator<unsigned char>::destroy<unsigned char>(unsigned char*)
 .text._ZN9__gnu_cxx13new_allocatorIhE9constructIhJRKhEEEvPT_DpOT0_
                0x0000000008004812       0x32 Lib/SLMP/SLMPResponceParser.o
                0x0000000008004812                void __gnu_cxx::new_allocator<unsigned char>::construct<unsigned char, unsigned char const&>(unsigned char*, unsigned char const&)
 .text._ZNKSt6vectorIhSaIhEE12_M_check_lenEjPKc
                0x0000000008004844       0x90 Lib/SLMP/SLMPResponceParser.o
                0x0000000008004844                std::vector<unsigned char, std::allocator<unsigned char> >::_M_check_len(unsigned int, char const*) const
 .text._ZN9__gnu_cxxmiIPhSt6vectorIhSaIhEEEENS_17__normal_iteratorIT_T0_E15difference_typeERKS8_SB_
                0x00000000080048d4       0x2a Lib/SLMP/SLMPResponceParser.o
                0x00000000080048d4                __gnu_cxx::__normal_iterator<unsigned char*, std::vector<unsigned char, std::allocator<unsigned char> > >::difference_type __gnu_cxx::operator-<unsigned char*, std::vector<unsigned char, std::allocator<unsigned char> > >(__gnu_cxx::__normal_iterator<unsigned char*, std::vector<unsigned char, std::allocator<unsigned char> > > const&, __gnu_cxx::__normal_iterator<unsigned char*, std::vector<unsigned char, std::allocator<unsigned char> > > const&)
 .text._ZNSt12_Vector_baseIhSaIhEE11_M_allocateEj
                0x00000000080048fe       0x28 Lib/SLMP/SLMPResponceParser.o
                0x00000000080048fe                std::_Vector_base<unsigned char, std::allocator<unsigned char> >::_M_allocate(unsigned int)
 .text._ZSt34__uninitialized_move_if_noexcept_aIPhS0_SaIhEET0_T_S3_S2_RT1_
                0x0000000008004926       0x32 Lib/SLMP/SLMPResponceParser.o
                0x0000000008004926                unsigned char* std::__uninitialized_move_if_noexcept_a<unsigned char*, unsigned char*, std::allocator<unsigned char> >(unsigned char*, unsigned char*, unsigned char*, std::allocator<unsigned char>&)
 .text._ZNSt16allocator_traitsISaIhEE10deallocateERS0_Phj
                0x0000000008004958       0x1e Lib/SLMP/SLMPResponceParser.o
                0x0000000008004958                std::allocator_traits<std::allocator<unsigned char> >::deallocate(std::allocator<unsigned char>&, unsigned char*, unsigned int)
 .text._ZNSt12_Destroy_auxILb1EE9__destroyIPhEEvT_S3_
                0x0000000008004976       0x16 Lib/SLMP/SLMPResponceParser.o
                0x0000000008004976                void std::_Destroy_aux<true>::__destroy<unsigned char*>(unsigned char*, unsigned char*)
 .text._ZNKSt6vectorIhSaIhEE8max_sizeEv
                0x000000000800498c       0x22 Lib/SLMP/SLMPResponceParser.o
                0x000000000800498c                std::vector<unsigned char, std::allocator<unsigned char> >::max_size() const
 .text._ZSt3maxIjERKT_S2_S2_
                0x00000000080049ae       0x28 Lib/SLMP/SLMPResponceParser.o
                0x00000000080049ae                unsigned int const& std::max<unsigned int>(unsigned int const&, unsigned int const&)
 .text._ZNSt16allocator_traitsISaIhEE8allocateERS0_j
                0x00000000080049d6       0x1e Lib/SLMP/SLMPResponceParser.o
                0x00000000080049d6                std::allocator_traits<std::allocator<unsigned char> >::allocate(std::allocator<unsigned char>&, unsigned int)
 .text._ZSt32__make_move_if_noexcept_iteratorIhSt13move_iteratorIPhEET0_PT_
                0x00000000080049f4       0x1e Lib/SLMP/SLMPResponceParser.o
                0x00000000080049f4                std::move_iterator<unsigned char*> std::__make_move_if_noexcept_iterator<unsigned char, std::move_iterator<unsigned char*> >(unsigned char*)
 .text._ZSt22__uninitialized_copy_aISt13move_iteratorIPhES1_hET0_T_S4_S3_RSaIT1_E
                0x0000000008004a12       0x22 Lib/SLMP/SLMPResponceParser.o
                0x0000000008004a12                unsigned char* std::__uninitialized_copy_a<std::move_iterator<unsigned char*>, unsigned char*, unsigned char>(std::move_iterator<unsigned char*>, std::move_iterator<unsigned char*>, unsigned char*, std::allocator<unsigned char>&)
 .text._ZN9__gnu_cxx13new_allocatorIhE10deallocateEPhj
                0x0000000008004a34       0x1a Lib/SLMP/SLMPResponceParser.o
                0x0000000008004a34                __gnu_cxx::new_allocator<unsigned char>::deallocate(unsigned char*, unsigned int)
 .text._ZNSt16allocator_traitsISaIhEE8max_sizeERKS0_
                0x0000000008004a4e       0x18 Lib/SLMP/SLMPResponceParser.o
                0x0000000008004a4e                std::allocator_traits<std::allocator<unsigned char> >::max_size(std::allocator<unsigned char> const&)
 .text._ZN9__gnu_cxx13new_allocatorIhE8allocateEjPKv
                0x0000000008004a66       0x38 Lib/SLMP/SLMPResponceParser.o
                0x0000000008004a66                __gnu_cxx::new_allocator<unsigned char>::allocate(unsigned int, void const*)
 .text._ZNSt13move_iteratorIPhEC2ES0_
                0x0000000008004a9e       0x1e Lib/SLMP/SLMPResponceParser.o
                0x0000000008004a9e                std::move_iterator<unsigned char*>::move_iterator(unsigned char*)
                0x0000000008004a9e                std::move_iterator<unsigned char*>::move_iterator(unsigned char*)
 .text._ZSt18uninitialized_copyISt13move_iteratorIPhES1_ET0_T_S4_S3_
                0x0000000008004abc       0x24 Lib/SLMP/SLMPResponceParser.o
                0x0000000008004abc                unsigned char* std::uninitialized_copy<std::move_iterator<unsigned char*>, unsigned char*>(std::move_iterator<unsigned char*>, std::move_iterator<unsigned char*>, unsigned char*)
 .text._ZNK9__gnu_cxx13new_allocatorIhE8max_sizeEv
                0x0000000008004ae0       0x18 Lib/SLMP/SLMPResponceParser.o
                0x0000000008004ae0                __gnu_cxx::new_allocator<unsigned char>::max_size() const
 .text._ZNSt20__uninitialized_copyILb1EE13__uninit_copyISt13move_iteratorIPhES3_EET0_T_S6_S5_
                0x0000000008004af8       0x20 Lib/SLMP/SLMPResponceParser.o
                0x0000000008004af8                unsigned char* std::__uninitialized_copy<true>::__uninit_copy<std::move_iterator<unsigned char*>, unsigned char*>(std::move_iterator<unsigned char*>, std::move_iterator<unsigned char*>, unsigned char*)
 .text._ZSt4copyISt13move_iteratorIPhES1_ET0_T_S4_S3_
                0x0000000008004b18       0x30 Lib/SLMP/SLMPResponceParser.o
                0x0000000008004b18                unsigned char* std::copy<std::move_iterator<unsigned char*>, unsigned char*>(std::move_iterator<unsigned char*>, std::move_iterator<unsigned char*>, unsigned char*)
 .text._ZSt12__miter_baseIPhEDTcl12__miter_basecldtfp_4baseEEESt13move_iteratorIT_E
                0x0000000008004b48       0x22 Lib/SLMP/SLMPResponceParser.o
                0x0000000008004b48                decltype (__miter_base(({parm#1}.base)())) std::__miter_base<unsigned char*>(std::move_iterator<unsigned char*>)
 .text._ZSt14__copy_move_a2ILb1EPhS0_ET1_T0_S2_S1_
                0x0000000008004b6a       0x38 Lib/SLMP/SLMPResponceParser.o
                0x0000000008004b6a                unsigned char* std::__copy_move_a2<true, unsigned char*, unsigned char*>(unsigned char*, unsigned char*, unsigned char*)
 .text._ZNKSt13move_iteratorIPhE4baseEv
                0x0000000008004ba2       0x18 Lib/SLMP/SLMPResponceParser.o
                0x0000000008004ba2                std::move_iterator<unsigned char*>::base() const
 .text._ZSt13__copy_move_aILb1EPhS0_ET1_T0_S2_S1_
                0x0000000008004bba       0x24 Lib/SLMP/SLMPResponceParser.o
                0x0000000008004bba                unsigned char* std::__copy_move_a<true, unsigned char*, unsigned char*>(unsigned char*, unsigned char*, unsigned char*)
 .text._ZNSt11__copy_moveILb1ELb1ESt26random_access_iterator_tagE8__copy_mIhEEPT_PKS3_S6_S4_
                0x0000000008004bde       0x34 Lib/SLMP/SLMPResponceParser.o
                0x0000000008004bde                unsigned char* std::__copy_move<true, true, std::random_access_iterator_tag>::__copy_m<unsigned char>(unsigned char const*, unsigned char const*, unsigned char*)
 .text._ZN9W5500ChipC2Ev
                0x0000000008004c12       0x16 Lib/chips/W5500_chip.o
                0x0000000008004c12                W5500Chip::W5500Chip()
                0x0000000008004c12                W5500Chip::W5500Chip()
 .text._ZN9W5500Chip8initChipEv
                0x0000000008004c28       0xc4 Lib/chips/W5500_chip.o
                0x0000000008004c28                W5500Chip::initChip()
 .text._ZN9W5500Chip12W5500_SelectEv
                0x0000000008004cec       0x18 Lib/chips/W5500_chip.o
                0x0000000008004cec                W5500Chip::W5500_Select()
 .text._ZN9W5500Chip14W5500_UnselectEv
                0x0000000008004d04       0x18 Lib/chips/W5500_chip.o
                0x0000000008004d04                W5500Chip::W5500_Unselect()
 .text._ZN9W5500Chip14W5500_ReadBuffEPht
                0x0000000008004d1c       0x44 Lib/chips/W5500_chip.o
                0x0000000008004d1c                W5500Chip::W5500_ReadBuff(unsigned char*, unsigned short)
 .text._ZN9W5500Chip15W5500_WriteBuffEPht
                0x0000000008004d60       0x44 Lib/chips/W5500_chip.o
                0x0000000008004d60                W5500Chip::W5500_WriteBuff(unsigned char*, unsigned short)
 .text._ZN9W5500Chip14W5500_ReadByteEv
                0x0000000008004da4       0x1a Lib/chips/W5500_chip.o
                0x0000000008004da4                W5500Chip::W5500_ReadByte()
 .text._ZN9W5500Chip15W5500_WriteByteEh
                0x0000000008004dbe       0x1c Lib/chips/W5500_chip.o
                0x0000000008004dbe                W5500Chip::W5500_WriteByte(unsigned char)
 *fill*         0x0000000008004dda        0x2 
 .text._Z13LiquidCrystalP12GPIO_TypeDefttttttt
                0x0000000008004ddc       0x94 Lib/display/LiquidCristal.o
                0x0000000008004ddc                LiquidCrystal(GPIO_TypeDef*, unsigned short, unsigned short, unsigned short, unsigned short, unsigned short, unsigned short, unsigned short)
 .text._Z4inithP12GPIO_TypeDefttttttttttt
                0x0000000008004e70       0x9c Lib/display/LiquidCristal.o
                0x0000000008004e70                init(unsigned char, GPIO_TypeDef*, unsigned short, unsigned short, unsigned short, unsigned short, unsigned short, unsigned short, unsigned short, unsigned short, unsigned short, unsigned short, unsigned short)
 .text._Z5beginhh
                0x0000000008004f0c      0x220 Lib/display/LiquidCristal.o
                0x0000000008004f0c                begin(unsigned char, unsigned char)
 .text._Z11enableClockv
                0x000000000800512c      0x11c Lib/display/LiquidCristal.o
                0x000000000800512c                enableClock()
 .text._Z13setRowOffsetsiiii
                0x0000000008005248       0x40 Lib/display/LiquidCristal.o
                0x0000000008005248                setRowOffsets(int, int, int, int)
 .text._Z5clearv
                0x0000000008005288       0x14 Lib/display/LiquidCristal.o
                0x0000000008005288                clear()
 .text._Z7displayv
                0x000000000800529c       0x2c Lib/display/LiquidCristal.o
                0x000000000800529c                display()
 .text._Z5printPKc
                0x00000000080052c8       0x68 Lib/display/LiquidCristal.o
                0x00000000080052c8                print(char const*)
 .text._Z7commandh
                0x0000000008005330       0x1c Lib/display/LiquidCristal.o
                0x0000000008005330                command(unsigned char)
 .text._Z5writeh
                0x000000000800534c       0x1e Lib/display/LiquidCristal.o
                0x000000000800534c                write(unsigned char)
 *fill*         0x000000000800536a        0x2 
 .text._Z5send_h13GPIO_PinState
                0x000000000800536c       0x7c Lib/display/LiquidCristal.o
                0x000000000800536c                send_(unsigned char, GPIO_PinState)
 .text._Z11pulseEnablev
                0x00000000080053e8       0x54 Lib/display/LiquidCristal.o
                0x00000000080053e8                pulseEnable()
 .text._Z10write4bitsh
                0x000000000800543c       0x58 Lib/display/LiquidCristal.o
                0x000000000800543c                write4bits(unsigned char)
 .text._Z10write8bitsh
                0x0000000008005494       0x58 Lib/display/LiquidCristal.o
                0x0000000008005494                write8bits(unsigned char)
 .text.WIZCHIP_READ
                0x00000000080054ec       0x98 Lib/ioLibrary_Driver/Ethernet/W5500/w5500.o
                0x00000000080054ec                WIZCHIP_READ
 .text.WIZCHIP_WRITE
                0x0000000008005584       0x9c Lib/ioLibrary_Driver/Ethernet/W5500/w5500.o
                0x0000000008005584                WIZCHIP_WRITE
 .text.WIZCHIP_READ_BUF
                0x0000000008005620       0xc0 Lib/ioLibrary_Driver/Ethernet/W5500/w5500.o
                0x0000000008005620                WIZCHIP_READ_BUF
 .text.WIZCHIP_WRITE_BUF
                0x00000000080056e0       0xc0 Lib/ioLibrary_Driver/Ethernet/W5500/w5500.o
                0x00000000080056e0                WIZCHIP_WRITE_BUF
 .text.getSn_TX_FSR
                0x00000000080057a0       0x96 Lib/ioLibrary_Driver/Ethernet/W5500/w5500.o
                0x00000000080057a0                getSn_TX_FSR
 .text.getSn_RX_RSR
                0x0000000008005836       0x96 Lib/ioLibrary_Driver/Ethernet/W5500/w5500.o
                0x0000000008005836                getSn_RX_RSR
 .text.wiz_send_data
                0x00000000080058cc       0xb8 Lib/ioLibrary_Driver/Ethernet/W5500/w5500.o
                0x00000000080058cc                wiz_send_data
 .text.wiz_recv_data
                0x0000000008005984       0xb8 Lib/ioLibrary_Driver/Ethernet/W5500/w5500.o
                0x0000000008005984                wiz_recv_data
 .text.wiz_recv_ignore
                0x0000000008005a3c       0x90 Lib/ioLibrary_Driver/Ethernet/W5500/w5500.o
                0x0000000008005a3c                wiz_recv_ignore
 .text.socket   0x0000000008005acc      0x22c Lib/ioLibrary_Driver/Ethernet/socket.o
                0x0000000008005acc                socket
 .text.close    0x0000000008005cf8       0xdc Lib/ioLibrary_Driver/Ethernet/socket.o
                0x0000000008005cf8                close
 .text.listen   0x0000000008005dd4       0xb2 Lib/ioLibrary_Driver/Ethernet/socket.o
                0x0000000008005dd4                listen
 *fill*         0x0000000008005e86        0x2 
 .text.sendto   0x0000000008005e88      0x26c Lib/ioLibrary_Driver/Ethernet/socket.o
                0x0000000008005e88                sendto
 .text.recvfrom
                0x00000000080060f4      0x3d8 Lib/ioLibrary_Driver/Ethernet/socket.o
                0x00000000080060f4                recvfrom
 .text.wizchip_cris_enter
                0x00000000080064cc        0xe Lib/ioLibrary_Driver/Ethernet/wizchip_conf.o
                0x00000000080064cc                wizchip_cris_enter
 .text.wizchip_cris_exit
                0x00000000080064da        0xe Lib/ioLibrary_Driver/Ethernet/wizchip_conf.o
                0x00000000080064da                wizchip_cris_exit
 .text.wizchip_cs_select
                0x00000000080064e8        0xe Lib/ioLibrary_Driver/Ethernet/wizchip_conf.o
                0x00000000080064e8                wizchip_cs_select
 .text.wizchip_cs_deselect
                0x00000000080064f6        0xe Lib/ioLibrary_Driver/Ethernet/wizchip_conf.o
                0x00000000080064f6                wizchip_cs_deselect
 .text.wizchip_bus_readdata
                0x0000000008006504       0x1a Lib/ioLibrary_Driver/Ethernet/wizchip_conf.o
                0x0000000008006504                wizchip_bus_readdata
 .text.wizchip_bus_writedata
                0x000000000800651e       0x1e Lib/ioLibrary_Driver/Ethernet/wizchip_conf.o
                0x000000000800651e                wizchip_bus_writedata
 .text.wizchip_spi_readbyte
                0x000000000800653c       0x10 Lib/ioLibrary_Driver/Ethernet/wizchip_conf.o
                0x000000000800653c                wizchip_spi_readbyte
 .text.wizchip_spi_writebyte
                0x000000000800654c       0x16 Lib/ioLibrary_Driver/Ethernet/wizchip_conf.o
                0x000000000800654c                wizchip_spi_writebyte
 .text.wizchip_spi_readburst
                0x0000000008006562       0x18 Lib/ioLibrary_Driver/Ethernet/wizchip_conf.o
                0x0000000008006562                wizchip_spi_readburst
 .text.wizchip_spi_writeburst
                0x000000000800657a       0x18 Lib/ioLibrary_Driver/Ethernet/wizchip_conf.o
                0x000000000800657a                wizchip_spi_writeburst
 *fill*         0x0000000008006592        0x2 
 .text.reg_wizchip_cs_cbfunc
                0x0000000008006594       0x48 Lib/ioLibrary_Driver/Ethernet/wizchip_conf.o
                0x0000000008006594                reg_wizchip_cs_cbfunc
 .text.reg_wizchip_spi_cbfunc
                0x00000000080065dc       0x58 Lib/ioLibrary_Driver/Ethernet/wizchip_conf.o
                0x00000000080065dc                reg_wizchip_spi_cbfunc
 .text.reg_wizchip_spiburst_cbfunc
                0x0000000008006634       0x58 Lib/ioLibrary_Driver/Ethernet/wizchip_conf.o
                0x0000000008006634                reg_wizchip_spiburst_cbfunc
 .text.wizchip_sw_reset
                0x000000000800668c       0x98 Lib/ioLibrary_Driver/Ethernet/wizchip_conf.o
                0x000000000800668c                wizchip_sw_reset
 .text.wizchip_init
                0x0000000008006724      0x118 Lib/ioLibrary_Driver/Ethernet/wizchip_conf.o
                0x0000000008006724                wizchip_init
 .text.wizchip_setnetinfo
                0x000000000800683c       0x80 Lib/ioLibrary_Driver/Ethernet/wizchip_conf.o
                0x000000000800683c                wizchip_setnetinfo
 .text.wizchip_getnetinfo
                0x00000000080068bc       0x80 Lib/ioLibrary_Driver/Ethernet/wizchip_conf.o
                0x00000000080068bc                wizchip_getnetinfo
 .text._ZNSt7__cxx119to_stringEi
                0x000000000800693c       0x2c Lib/overrided/overrided.o
                0x000000000800693c                std::__cxx11::to_string(int)
 .text._ZNSt7__cxx119to_stringEj
                0x0000000008006968       0x2c Lib/overrided/overrided.o
                0x0000000008006968                std::__cxx11::to_string(unsigned int)
 .text._Z19float_to_std_stringB5cxx11f
                0x0000000008006994      0x16c Lib/overrided/overrided.o
                0x0000000008006994                float_to_std_string[abi:cxx11](float)
 .text._Znwj    0x0000000008006b00       0x18 Lib/overrided/overrided.o
                0x0000000008006b00                operator new(unsigned int)
 .text._ZdlPv   0x0000000008006b18       0x16 Lib/overrided/overrided.o
                0x0000000008006b18                operator delete(void*)
 .text._ZN9__gnu_cxx12__to_xstringINSt7__cxx1112basic_stringIcSt11char_traitsIcESaIcEEEcEET_PFiPT0_jPKS8_St9__va_listEjSB_z
                0x0000000008006b2e       0x70 Lib/overrided/overrided.o
                0x0000000008006b2e                std::__cxx11::basic_string<char, std::char_traits<char>, std::allocator<char> > __gnu_cxx::__to_xstring<std::__cxx11::basic_string<char, std::char_traits<char>, std::allocator<char> >, char>(int (*)(char*, unsigned int, char const*, std::__va_list), unsigned int, char const*, ...)
 .text._ZStplIcSt11char_traitsIcESaIcEENSt7__cxx1112basic_stringIT_T0_T1_EEOS8_PKS5_
                0x0000000008006b9e       0x2e Lib/overrided/overrided.o
                0x0000000008006b9e                std::__cxx11::basic_string<char, std::char_traits<char>, std::allocator<char> > std::operator+<char, std::char_traits<char>, std::allocator<char> >(std::__cxx11::basic_string<char, std::char_traits<char>, std::allocator<char> >&&, char const*)
 .text._ZStplIcSt11char_traitsIcESaIcEENSt7__cxx1112basic_stringIT_T0_T1_EEOS8_S9_
                0x0000000008006bcc       0x82 Lib/overrided/overrided.o
                0x0000000008006bcc                std::__cxx11::basic_string<char, std::char_traits<char>, std::allocator<char> > std::operator+<char, std::char_traits<char>, std::allocator<char> >(std::__cxx11::basic_string<char, std::char_traits<char>, std::allocator<char> >&&, std::__cxx11::basic_string<char, std::char_traits<char>, std::allocator<char> >&&)
 .text._ZNSt7__cxx1112basic_stringIcSt11char_traitsIcESaIcEEC2IPcvEET_S7_RKS3_
                0x0000000008006c4e       0x36 Lib/overrided/overrided.o
                0x0000000008006c4e                std::__cxx11::basic_string<char, std::char_traits<char>, std::allocator<char> >::basic_string<char*, void>(char*, char*, std::allocator<char> const&)
                0x0000000008006c4e                std::__cxx11::basic_string<char, std::char_traits<char>, std::allocator<char> >::basic_string<char*, void>(char*, char*, std::allocator<char> const&)
 .text._ZSt4moveIRNSt7__cxx1112basic_stringIcSt11char_traitsIcESaIcEEEEONSt16remove_referenceIT_E4typeEOS8_
                0x0000000008006c84       0x16 Lib/overrided/overrided.o
                0x0000000008006c84                std::remove_reference<std::__cxx11::basic_string<char, std::char_traits<char>, std::allocator<char> >&>::type&& std::move<std::__cxx11::basic_string<char, std::char_traits<char>, std::allocator<char> >&>(std::__cxx11::basic_string<char, std::char_traits<char>, std::allocator<char> >&)
 .text._ZNSt7__cxx1112basic_stringIcSt11char_traitsIcESaIcEE12_M_constructIPcEEvT_S7_
                0x0000000008006c9a       0x1e Lib/overrided/overrided.o
                0x0000000008006c9a                void std::__cxx11::basic_string<char, std::char_traits<char>, std::allocator<char> >::_M_construct<char*>(char*, char*)
 .text._ZNSt7__cxx1112basic_stringIcSt11char_traitsIcESaIcEE16_M_construct_auxIPcEEvT_S7_St12__false_type
                0x0000000008006cb8       0x22 Lib/overrided/overrided.o
                0x0000000008006cb8                void std::__cxx11::basic_string<char, std::char_traits<char>, std::allocator<char> >::_M_construct_aux<char*>(char*, char*, std::__false_type)
 *fill*         0x0000000008006cda        0x2 
 .text._ZNSt7__cxx1112basic_stringIcSt11char_traitsIcESaIcEE12_M_constructIPcEEvT_S7_St20forward_iterator_tag
                0x0000000008006cdc       0x90 Lib/overrided/overrided.o
                0x0000000008006cdc                void std::__cxx11::basic_string<char, std::char_traits<char>, std::allocator<char> >::_M_construct<char*>(char*, char*, std::forward_iterator_tag)
 .text._ZN9__gnu_cxx17__is_null_pointerIcEEbPT_
                0x0000000008006d6c       0x20 Lib/overrided/overrided.o
                0x0000000008006d6c                bool __gnu_cxx::__is_null_pointer<char>(char*)
 .text._ZSt19__iterator_categoryIPcENSt15iterator_traitsIT_E17iterator_categoryERKS2_
                0x0000000008006d8c       0x14 Lib/overrided/overrided.o
                0x0000000008006d8c                std::iterator_traits<char*>::iterator_category std::__iterator_category<char*>(char* const&)
 .text._ZSt8distanceIPcENSt15iterator_traitsIT_E15difference_typeES2_S2_
                0x0000000008006da0       0x28 Lib/overrided/overrided.o
                0x0000000008006da0                std::iterator_traits<char*>::difference_type std::distance<char*>(char*, char*)
 .text._ZSt10__distanceIPcENSt15iterator_traitsIT_E15difference_typeES2_S2_St26random_access_iterator_tag
                0x0000000008006dc8       0x1e Lib/overrided/overrided.o
                0x0000000008006dc8                std::iterator_traits<char*>::difference_type std::__distance<char*>(char*, char*, std::random_access_iterator_tag)
 *fill*         0x0000000008006de6        0x2 
 .text._ZN10UartHelperC2Ev
                0x0000000008006de8       0x2c Lib/uart_helper/uart_helper.o
                0x0000000008006de8                UartHelper::UartHelper()
                0x0000000008006de8                UartHelper::UartHelper()
 .text._ZN10UartHelperD2Ev
                0x0000000008006e14       0x20 Lib/uart_helper/uart_helper.o
                0x0000000008006e14                UartHelper::~UartHelper()
                0x0000000008006e14                UartHelper::~UartHelper()
 .text._ZN10UartHelperD0Ev
                0x0000000008006e34       0x20 Lib/uart_helper/uart_helper.o
                0x0000000008006e34                UartHelper::~UartHelper()
 .text._ZN10UartHelper4initEP20__UART_HandleTypeDef
                0x0000000008006e54       0x1c Lib/uart_helper/uart_helper.o
                0x0000000008006e54                UartHelper::init(__UART_HandleTypeDef*)
 .text._ZN10UartHelper6printfEPKcz
                0x0000000008006e70       0x3e Lib/uart_helper/uart_helper.o
                0x0000000008006e70                UartHelper::printf(char const*, ...)
 .text._ZN10UartHelper8UARTTaskEv
                0x0000000008006eae       0x44 Lib/uart_helper/uart_helper.o
                0x0000000008006eae                UartHelper::UARTTask()
 *fill*         0x0000000008006ef2        0x2 
 .text._ZN12SocketClientC2Ev
                0x0000000008006ef4       0x38 Lib/udpClient/udp_client.o
                0x0000000008006ef4                SocketClient::SocketClient()
                0x0000000008006ef4                SocketClient::SocketClient()
 .text._ZN12SocketClient4initEP19__SPI_HandleTypeDefP10UartHelper
                0x0000000008006f2c       0x74 Lib/udpClient/udp_client.o
                0x0000000008006f2c                SocketClient::init(__SPI_HandleTypeDef*, UartHelper*)
 .text._ZN12SocketClientD2Ev
                0x0000000008006fa0       0x34 Lib/udpClient/udp_client.o
                0x0000000008006fa0                SocketClient::~SocketClient()
                0x0000000008006fa0                SocketClient::~SocketClient()
 .text._ZN12SocketClientD0Ev
                0x0000000008006fd4       0x20 Lib/udpClient/udp_client.o
                0x0000000008006fd4                SocketClient::~SocketClient()
 .text._ZN12SocketClient14socket_connectEv
                0x0000000008006ff4       0x2c Lib/udpClient/udp_client.o
                0x0000000008006ff4                SocketClient::socket_connect()
 .text._ZN12SocketClient11socket_sendEPht
                0x0000000008007020       0x78 Lib/udpClient/udp_client.o
                0x0000000008007020                SocketClient::socket_send(unsigned char*, unsigned short)
 .text._ZN12SocketClient14socket_receiveEPhtPm
                0x0000000008007098       0x98 Lib/udpClient/udp_client.o
                0x0000000008007098                SocketClient::socket_receive(unsigned char*, unsigned short, unsigned long*)
 .text._ZN12SocketClient12socket_closeEv
                0x0000000008007130       0x2c Lib/udpClient/udp_client.o
                0x0000000008007130                SocketClient::socket_close()
 .text._ZN12SocketClient11socket_initEv
                0x000000000800715c       0x60 Lib/udpClient/udp_client.o
                0x000000000800715c                SocketClient::socket_init()
 .text.makeFreeRtosPriority
                0x00000000080071bc       0x30 Middlewares/Third_Party/FreeRTOS/Source/CMSIS_RTOS/cmsis_os.o
 .text.osKernelStart
                0x00000000080071ec        0xe Middlewares/Third_Party/FreeRTOS/Source/CMSIS_RTOS/cmsis_os.o
                0x00000000080071ec                osKernelStart
 .text.osThreadCreate
                0x00000000080071fa       0x98 Middlewares/Third_Party/FreeRTOS/Source/CMSIS_RTOS/cmsis_os.o
                0x00000000080071fa                osThreadCreate
 .text.osDelay  0x0000000008007292       0x28 Middlewares/Third_Party/FreeRTOS/Source/CMSIS_RTOS/cmsis_os.o
                0x0000000008007292                osDelay
 .text.vListInitialise
                0x00000000080072ba       0x40 Middlewares/Third_Party/FreeRTOS/Source/list.o
                0x00000000080072ba                vListInitialise
 .text.vListInitialiseItem
                0x00000000080072fa       0x1a Middlewares/Third_Party/FreeRTOS/Source/list.o
                0x00000000080072fa                vListInitialiseItem
 .text.vListInsertEnd
                0x0000000008007314       0x48 Middlewares/Third_Party/FreeRTOS/Source/list.o
                0x0000000008007314                vListInsertEnd
 .text.vListInsert
                0x000000000800735c       0x72 Middlewares/Third_Party/FreeRTOS/Source/list.o
                0x000000000800735c                vListInsert
 .text.uxListRemove
                0x00000000080073ce       0x54 Middlewares/Third_Party/FreeRTOS/Source/list.o
                0x00000000080073ce                uxListRemove
 *fill*         0x0000000008007422        0x2 
 .text.xQueueGenericReset
                0x0000000008007424       0xd0 Middlewares/Third_Party/FreeRTOS/Source/queue.o
                0x0000000008007424                xQueueGenericReset
 .text.xQueueGenericCreate
                0x00000000080074f4       0x7a Middlewares/Third_Party/FreeRTOS/Source/queue.o
                0x00000000080074f4                xQueueGenericCreate
 .text.prvInitialiseNewQueue
                0x000000000800756e       0x3e Middlewares/Third_Party/FreeRTOS/Source/queue.o
 .text.xQueueGenericSend
                0x00000000080075ac      0x1f4 Middlewares/Third_Party/FreeRTOS/Source/queue.o
                0x00000000080075ac                xQueueGenericSend
 .text.xQueueReceive
                0x00000000080077a0      0x1b8 Middlewares/Third_Party/FreeRTOS/Source/queue.o
                0x00000000080077a0                xQueueReceive
 .text.prvCopyDataToQueue
                0x0000000008007958       0xd4 Middlewares/Third_Party/FreeRTOS/Source/queue.o
 .text.prvCopyDataFromQueue
                0x0000000008007a2c       0x4c Middlewares/Third_Party/FreeRTOS/Source/queue.o
 .text.prvUnlockQueue
                0x0000000008007a78       0xa4 Middlewares/Third_Party/FreeRTOS/Source/queue.o
 .text.prvIsQueueEmpty
                0x0000000008007b1c       0x2c Middlewares/Third_Party/FreeRTOS/Source/queue.o
 .text.prvIsQueueFull
                0x0000000008007b48       0x30 Middlewares/Third_Party/FreeRTOS/Source/queue.o
 .text.xTaskCreateStatic
                0x0000000008007b78       0xb2 Middlewares/Third_Party/FreeRTOS/Source/tasks.o
                0x0000000008007b78                xTaskCreateStatic
 .text.xTaskCreate
                0x0000000008007c2a       0x8a Middlewares/Third_Party/FreeRTOS/Source/tasks.o
                0x0000000008007c2a                xTaskCreate
 .text.prvInitialiseNewTask
                0x0000000008007cb4       0xfc Middlewares/Third_Party/FreeRTOS/Source/tasks.o
 .text.prvAddNewTaskToReadyList
                0x0000000008007db0       0xd4 Middlewares/Third_Party/FreeRTOS/Source/tasks.o
 .text.vTaskDelay
                0x0000000008007e84       0x68 Middlewares/Third_Party/FreeRTOS/Source/tasks.o
                0x0000000008007e84                vTaskDelay
 .text.vTaskStartScheduler
                0x0000000008007eec       0xbc Middlewares/Third_Party/FreeRTOS/Source/tasks.o
                0x0000000008007eec                vTaskStartScheduler
 .text.vTaskSuspendAll
                0x0000000008007fa8       0x1c Middlewares/Third_Party/FreeRTOS/Source/tasks.o
                0x0000000008007fa8                vTaskSuspendAll
 .text.xTaskResumeAll
                0x0000000008007fc4      0x138 Middlewares/Third_Party/FreeRTOS/Source/tasks.o
                0x0000000008007fc4                xTaskResumeAll
 .text.xTaskIncrementTick
                0x00000000080080fc      0x178 Middlewares/Third_Party/FreeRTOS/Source/tasks.o
                0x00000000080080fc                xTaskIncrementTick
 .text.vTaskSwitchContext
                0x0000000008008274       0xb4 Middlewares/Third_Party/FreeRTOS/Source/tasks.o
                0x0000000008008274                vTaskSwitchContext
 .text.vTaskPlaceOnEventList
                0x0000000008008328       0x48 Middlewares/Third_Party/FreeRTOS/Source/tasks.o
                0x0000000008008328                vTaskPlaceOnEventList
 .text.xTaskRemoveFromEventList
                0x0000000008008370       0xc4 Middlewares/Third_Party/FreeRTOS/Source/tasks.o
                0x0000000008008370                xTaskRemoveFromEventList
 .text.vTaskInternalSetTimeOutState
                0x0000000008008434       0x2c Middlewares/Third_Party/FreeRTOS/Source/tasks.o
                0x0000000008008434                vTaskInternalSetTimeOutState
 .text.xTaskCheckForTimeOut
                0x0000000008008460       0xc0 Middlewares/Third_Party/FreeRTOS/Source/tasks.o
                0x0000000008008460                xTaskCheckForTimeOut
 .text.vTaskMissedYield
                0x0000000008008520       0x18 Middlewares/Third_Party/FreeRTOS/Source/tasks.o
                0x0000000008008520                vTaskMissedYield
 .text.prvIdleTask
                0x0000000008008538       0x30 Middlewares/Third_Party/FreeRTOS/Source/tasks.o
 .text.prvInitialiseTaskLists
                0x0000000008008568       0x80 Middlewares/Third_Party/FreeRTOS/Source/tasks.o
 .text.prvCheckTasksWaitingTermination
                0x00000000080085e8       0x58 Middlewares/Third_Party/FreeRTOS/Source/tasks.o
 .text.prvDeleteTCB
                0x0000000008008640       0x5c Middlewares/Third_Party/FreeRTOS/Source/tasks.o
 .text.prvResetNextTaskUnblockTime
                0x000000000800869c       0x4c Middlewares/Third_Party/FreeRTOS/Source/tasks.o
 .text.xTaskGetSchedulerState
                0x00000000080086e8       0x3c Middlewares/Third_Party/FreeRTOS/Source/tasks.o
                0x00000000080086e8                xTaskGetSchedulerState
 .text.xTaskPriorityDisinherit
                0x0000000008008724      0x108 Middlewares/Third_Party/FreeRTOS/Source/tasks.o
                0x0000000008008724                xTaskPriorityDisinherit
 .text.prvAddCurrentTaskToDelayedList
                0x000000000800882c       0xcc Middlewares/Third_Party/FreeRTOS/Source/tasks.o
 .text.pxPortInitialiseStack
                0x00000000080088f8       0x68 Middlewares/Third_Party/FreeRTOS/Source/portable/GCC/ARM_CM4F/port.o
                0x00000000080088f8                pxPortInitialiseStack
 .text.prvTaskExitError
                0x0000000008008960       0x54 Middlewares/Third_Party/FreeRTOS/Source/portable/GCC/ARM_CM4F/port.o
 *fill*         0x00000000080089b4        0xc 
 .text.SVC_Handler
                0x00000000080089c0       0x28 Middlewares/Third_Party/FreeRTOS/Source/portable/GCC/ARM_CM4F/port.o
                0x00000000080089c0                SVC_Handler
 .text.prvPortStartFirstTask
                0x00000000080089e8       0x28 Middlewares/Third_Party/FreeRTOS/Source/portable/GCC/ARM_CM4F/port.o
 .text.xPortStartScheduler
                0x0000000008008a10      0x13c Middlewares/Third_Party/FreeRTOS/Source/portable/GCC/ARM_CM4F/port.o
                0x0000000008008a10                xPortStartScheduler
 .text.vPortEnterCritical
                0x0000000008008b4c       0x5c Middlewares/Third_Party/FreeRTOS/Source/portable/GCC/ARM_CM4F/port.o
                0x0000000008008b4c                vPortEnterCritical
 .text.vPortExitCritical
                0x0000000008008ba8       0x50 Middlewares/Third_Party/FreeRTOS/Source/portable/GCC/ARM_CM4F/port.o
                0x0000000008008ba8                vPortExitCritical
 *fill*         0x0000000008008bf8        0x8 
 .text.PendSV_Handler
                0x0000000008008c00       0x68 Middlewares/Third_Party/FreeRTOS/Source/portable/GCC/ARM_CM4F/port.o
                0x0000000008008c00                PendSV_Handler
 .text.SysTick_Handler
                0x0000000008008c68       0x40 Middlewares/Third_Party/FreeRTOS/Source/portable/GCC/ARM_CM4F/port.o
                0x0000000008008c68                SysTick_Handler
 .text.vPortSetupTimerInterrupt
                0x0000000008008ca8       0x48 Middlewares/Third_Party/FreeRTOS/Source/portable/GCC/ARM_CM4F/port.o
                0x0000000008008ca8                vPortSetupTimerInterrupt
 .text.vPortEnableVFP
                0x0000000008008cf0       0x14 Middlewares/Third_Party/FreeRTOS/Source/portable/GCC/ARM_CM4F/port.o
 .text.pvPortMalloc
                0x0000000008008d04      0x184 Middlewares/Third_Party/FreeRTOS/Source/portable/MemMang/heap_4.o
                0x0000000008008d04                pvPortMalloc
 .text.vPortFree
                0x0000000008008e88       0xb0 Middlewares/Third_Party/FreeRTOS/Source/portable/MemMang/heap_4.o
                0x0000000008008e88                vPortFree
 .text.prvHeapInit
                0x0000000008008f38       0xc4 Middlewares/Third_Party/FreeRTOS/Source/portable/MemMang/heap_4.o
 .text.prvInsertBlockIntoFreeList
                0x0000000008008ffc       0xb4 Middlewares/Third_Party/FreeRTOS/Source/portable/MemMang/heap_4.o
 .text.vApplicationGetIdleTaskMemory
                0x00000000080090b0       0x34 Src/freertos.o
                0x00000000080090b0                vApplicationGetIdleTaskMemory
 .text.main     0x00000000080090e4       0x80 Src/main.o
                0x00000000080090e4                main
 .text.SystemClock_Config
                0x0000000008009164       0xd4 Src/main.o
                0x0000000008009164                SystemClock_Config
 .text.MX_SPI1_Init
                0x0000000008009238       0x6c Src/main.o
 .text.MX_TIM1_Init
                0x00000000080092a4       0xb0 Src/main.o
 .text.MX_TIM2_Init
                0x0000000008009354       0xa8 Src/main.o
 .text.MX_TIM3_Init
                0x00000000080093fc      0x130 Src/main.o
 .text.MX_USART2_UART_Init
                0x000000000800952c       0x54 Src/main.o
 .text.MX_GPIO_Init
                0x0000000008009580      0x144 Src/main.o
 .text.malloc   0x00000000080096c4       0x18 Src/main.o
                0x00000000080096c4                malloc
 .text.StartDefaultTask
                0x00000000080096dc       0x10 Src/main.o
                0x00000000080096dc                StartDefaultTask
 .text.HAL_TIM_PeriodElapsedCallback
                0x00000000080096ec       0x24 Src/main.o
                0x00000000080096ec                HAL_TIM_PeriodElapsedCallback
 .text.Error_Handler
                0x0000000008009710        0xe Src/main.o
                0x0000000008009710                Error_Handler
 .text._ZN10ValueFieldC2Ev
                0x000000000800971e       0x1a Src/mainpp.o
                0x000000000800971e                ValueField::ValueField()
                0x000000000800971e                ValueField::ValueField()
 .text._ZN10ValueField8getValueEv
                0x0000000008009738       0x1c Src/mainpp.o
                0x0000000008009738                ValueField::getValue()
 .text._ZN10ValueFieldD2Ev
                0x0000000008009754       0x1a Src/mainpp.o
                0x0000000008009754                ValueField::~ValueField()
                0x0000000008009754                ValueField::~ValueField()
 .text._ZN10SLMPPacketC2Ev
                0x000000000800976e       0xb8 Src/mainpp.o
                0x000000000800976e                SLMPPacket::SLMPPacket()
                0x000000000800976e                SLMPPacket::SLMPPacket()
 *fill*         0x0000000008009826        0x2 
 .text._Z13StartUARTTaskPKv
                0x0000000008009828       0x1c Src/mainpp.o
                0x0000000008009828                StartUARTTask(void const*)
 .text._ZN10SLMPPacketD2Ev
                0x0000000008009844       0x1c Src/mainpp.o
                0x0000000008009844                SLMPPacket::~SLMPPacket()
                0x0000000008009844                SLMPPacket::~SLMPPacket()
 .text.__tcf_0  0x0000000008009860       0x10 Src/mainpp.o
 .text._Z19StartSocketSendTaskPKv
                0x0000000008009870      0x188 Src/mainpp.o
                0x0000000008009870                StartSocketSendTask(void const*)
 .text._ZN10ValueFieldaSEOS_
                0x00000000080099f8       0x28 Src/mainpp.o
                0x00000000080099f8                ValueField::operator=(ValueField&&)
 .text._ZN10SLMPPacketaSEOS_
                0x0000000008009a20       0xf2 Src/mainpp.o
                0x0000000008009a20                SLMPPacket::operator=(SLMPPacket&&)
 *fill*         0x0000000008009b12        0x2 
 .text.prepareSLMPRequest
                0x0000000008009b14      0x1a8 Src/mainpp.o
                0x0000000008009b14                prepareSLMPRequest
 .text.setup    0x0000000008009cbc       0xc8 Src/mainpp.o
                0x0000000008009cbc                setup
 .text._ZNSt6vectorIhSaIhEEC2ERKS1_
                0x0000000008009d84       0x7a Src/mainpp.o
                0x0000000008009d84                std::vector<unsigned char, std::allocator<unsigned char> >::vector(std::vector<unsigned char, std::allocator<unsigned char> > const&)
                0x0000000008009d84                std::vector<unsigned char, std::allocator<unsigned char> >::vector(std::vector<unsigned char, std::allocator<unsigned char> > const&)
 .text._ZNSt6vectorIhSaIhEED2Ev
                0x0000000008009dfe       0x36 Src/mainpp.o
                0x0000000008009dfe                std::vector<unsigned char, std::allocator<unsigned char> >::~vector()
                0x0000000008009dfe                std::vector<unsigned char, std::allocator<unsigned char> >::~vector()
 .text._ZNSt6vectorIhSaIhEEC2Ev
                0x0000000008009e34       0x1a Src/mainpp.o
                0x0000000008009e34                std::vector<unsigned char, std::allocator<unsigned char> >::vector()
                0x0000000008009e34                std::vector<unsigned char, std::allocator<unsigned char> >::vector()
 .text._ZN5FieldItLj2EEC2Ev
                0x0000000008009e4e       0x1c Src/mainpp.o
                0x0000000008009e4e                Field<unsigned short, 2u>::Field()
                0x0000000008009e4e                Field<unsigned short, 2u>::Field()
 .text._ZN5FieldIhLj1EEC2Ev
                0x0000000008009e6a       0x1c Src/mainpp.o
                0x0000000008009e6a                Field<unsigned char, 1u>::Field()
                0x0000000008009e6a                Field<unsigned char, 1u>::Field()
 .text._ZN5FieldIjLj3EEC2Ev
                0x0000000008009e86       0x1c Src/mainpp.o
                0x0000000008009e86                Field<unsigned int, 3u>::Field()
                0x0000000008009e86                Field<unsigned int, 3u>::Field()
 .text._ZSt4moveIRSt6vectorIhSaIhEEEONSt16remove_referenceIT_E4typeEOS5_
                0x0000000008009ea2       0x16 Src/mainpp.o
                0x0000000008009ea2                std::remove_reference<std::vector<unsigned char, std::allocator<unsigned char> >&>::type&& std::move<std::vector<unsigned char, std::allocator<unsigned char> >&>(std::vector<unsigned char, std::allocator<unsigned char> >&)
 .text._ZN5FieldIfLj4EEC2Ev
                0x0000000008009eb8       0x1c Src/mainpp.o
                0x0000000008009eb8                Field<float, 4u>::Field()
                0x0000000008009eb8                Field<float, 4u>::Field()
 .text._ZNSt6vectorIhSaIhEE5frontEv
                0x0000000008009ed4       0x26 Src/mainpp.o
                0x0000000008009ed4                std::vector<unsigned char, std::allocator<unsigned char> >::front()
 .text._ZN5FieldIfLj4EE11getFromDumpEPh
                0x0000000008009efa       0x2a Src/mainpp.o
                0x0000000008009efa                Field<float, 4u>::getFromDump(unsigned char*)
 .text._ZN5FieldIfLj4EE8getValueEv
                0x0000000008009f24       0x22 Src/mainpp.o
                0x0000000008009f24                Field<float, 4u>::getValue()
 .text._ZNSt6vectorIhSaIhEEaSEOS1_
                0x0000000008009f46       0x2a Src/mainpp.o
                0x0000000008009f46                std::vector<unsigned char, std::allocator<unsigned char> >::operator=(std::vector<unsigned char, std::allocator<unsigned char> >&&)
 .text._ZN5FieldIhLj1EEC2Eh
                0x0000000008009f70       0x26 Src/mainpp.o
                0x0000000008009f70                Field<unsigned char, 1u>::Field(unsigned char)
                0x0000000008009f70                Field<unsigned char, 1u>::Field(unsigned char)
 .text._ZN5FieldIjLj3EEC2Ej
                0x0000000008009f96       0x24 Src/mainpp.o
                0x0000000008009f96                Field<unsigned int, 3u>::Field(unsigned int)
                0x0000000008009f96                Field<unsigned int, 3u>::Field(unsigned int)
 .text._ZN9__gnu_cxx14__alloc_traitsISaIhEE17_S_select_on_copyERKS1_
                0x0000000008009fba       0x1c Src/mainpp.o
                0x0000000008009fba                __gnu_cxx::__alloc_traits<std::allocator<unsigned char> >::_S_select_on_copy(std::allocator<unsigned char> const&)
 .text._ZNSaIhED2Ev
                0x0000000008009fd6       0x18 Src/mainpp.o
                0x0000000008009fd6                std::allocator<unsigned char>::~allocator()
                0x0000000008009fd6                std::allocator<unsigned char>::~allocator()
 .text._ZNSt12_Vector_baseIhSaIhEE12_Vector_implD2Ev
                0x0000000008009fee       0x18 Src/mainpp.o
                0x0000000008009fee                std::_Vector_base<unsigned char, std::allocator<unsigned char> >::_Vector_impl::~_Vector_impl()
                0x0000000008009fee                std::_Vector_base<unsigned char, std::allocator<unsigned char> >::_Vector_impl::~_Vector_impl()
 .text._ZNSt12_Vector_baseIhSaIhEEC2EjRKS0_
                0x000000000800a006       0x28 Src/mainpp.o
                0x000000000800a006                std::_Vector_base<unsigned char, std::allocator<unsigned char> >::_Vector_base(unsigned int, std::allocator<unsigned char> const&)
                0x000000000800a006                std::_Vector_base<unsigned char, std::allocator<unsigned char> >::_Vector_base(unsigned int, std::allocator<unsigned char> const&)
 .text._ZNSt12_Vector_baseIhSaIhEED2Ev
                0x000000000800a02e       0x32 Src/mainpp.o
                0x000000000800a02e                std::_Vector_base<unsigned char, std::allocator<unsigned char> >::~_Vector_base()
                0x000000000800a02e                std::_Vector_base<unsigned char, std::allocator<unsigned char> >::~_Vector_base()
 .text._ZNKSt6vectorIhSaIhEE5beginEv
                0x000000000800a060       0x28 Src/mainpp.o
                0x000000000800a060                std::vector<unsigned char, std::allocator<unsigned char> >::begin() const
 .text._ZNKSt6vectorIhSaIhEE3endEv
                0x000000000800a088       0x28 Src/mainpp.o
                0x000000000800a088                std::vector<unsigned char, std::allocator<unsigned char> >::end() const
 .text._ZSt22__uninitialized_copy_aIN9__gnu_cxx17__normal_iteratorIPKhSt6vectorIhSaIhEEEEPhhET0_T_SA_S9_RSaIT1_E
                0x000000000800a0b0       0x22 Src/mainpp.o
                0x000000000800a0b0                unsigned char* std::__uninitialized_copy_a<__gnu_cxx::__normal_iterator<unsigned char const*, std::vector<unsigned char, std::allocator<unsigned char> > >, unsigned char*, unsigned char>(__gnu_cxx::__normal_iterator<unsigned char const*, std::vector<unsigned char, std::allocator<unsigned char> > >, __gnu_cxx::__normal_iterator<unsigned char const*, std::vector<unsigned char, std::allocator<unsigned char> > >, unsigned char*, std::allocator<unsigned char>&)
 .text._ZNSt12_Vector_baseIhSaIhEEC2Ev
                0x000000000800a0d2       0x1a Src/mainpp.o
                0x000000000800a0d2                std::_Vector_base<unsigned char, std::allocator<unsigned char> >::_Vector_base()
                0x000000000800a0d2                std::_Vector_base<unsigned char, std::allocator<unsigned char> >::_Vector_base()
 .text._ZNK9__gnu_cxx17__normal_iteratorIPhSt6vectorIhSaIhEEEdeEv
                0x000000000800a0ec       0x18 Src/mainpp.o
                0x000000000800a0ec                __gnu_cxx::__normal_iterator<unsigned char*, std::vector<unsigned char, std::allocator<unsigned char> > >::operator*() const
 .text._ZNSt5arrayIhLj4EE5beginEv
                0x000000000800a104       0x18 Src/mainpp.o
                0x000000000800a104                std::array<unsigned char, 4u>::begin()
 .text._ZNSt6vectorIhSaIhEE14_M_move_assignEOS1_St17integral_constantIbLb1EE
                0x000000000800a11c       0x7c Src/mainpp.o
                0x000000000800a11c                std::vector<unsigned char, std::allocator<unsigned char> >::_M_move_assign(std::vector<unsigned char, std::allocator<unsigned char> >&&, std::integral_constant<bool, true>)
 .text._ZNSt16allocator_traitsISaIhEE37select_on_container_copy_constructionERKS0_
                0x000000000800a198       0x1a Src/mainpp.o
                0x000000000800a198                std::allocator_traits<std::allocator<unsigned char> >::select_on_container_copy_construction(std::allocator<unsigned char> const&)
 .text._ZNSaIhEC2ERKS_
                0x000000000800a1b2       0x1c Src/mainpp.o
                0x000000000800a1b2                std::allocator<unsigned char>::allocator(std::allocator<unsigned char> const&)
                0x000000000800a1b2                std::allocator<unsigned char>::allocator(std::allocator<unsigned char> const&)
 .text._ZN9__gnu_cxx13new_allocatorIhED2Ev
                0x000000000800a1ce       0x16 Src/mainpp.o
                0x000000000800a1ce                __gnu_cxx::new_allocator<unsigned char>::~new_allocator()
                0x000000000800a1ce                __gnu_cxx::new_allocator<unsigned char>::~new_allocator()
 .text._ZNSt12_Vector_baseIhSaIhEE12_Vector_implC2ERKS0_
                0x000000000800a1e4       0x2e Src/mainpp.o
                0x000000000800a1e4                std::_Vector_base<unsigned char, std::allocator<unsigned char> >::_Vector_impl::_Vector_impl(std::allocator<unsigned char> const&)
                0x000000000800a1e4                std::_Vector_base<unsigned char, std::allocator<unsigned char> >::_Vector_impl::_Vector_impl(std::allocator<unsigned char> const&)
 .text._ZNSt12_Vector_baseIhSaIhEE17_M_create_storageEj
                0x000000000800a212       0x34 Src/mainpp.o
                0x000000000800a212                std::_Vector_base<unsigned char, std::allocator<unsigned char> >::_M_create_storage(unsigned int)
 .text._ZN9__gnu_cxx17__normal_iteratorIPKhSt6vectorIhSaIhEEEC2ERKS2_
                0x000000000800a246       0x20 Src/mainpp.o
                0x000000000800a246                __gnu_cxx::__normal_iterator<unsigned char const*, std::vector<unsigned char, std::allocator<unsigned char> > >::__normal_iterator(unsigned char const* const&)
                0x000000000800a246                __gnu_cxx::__normal_iterator<unsigned char const*, std::vector<unsigned char, std::allocator<unsigned char> > >::__normal_iterator(unsigned char const* const&)
 .text._ZSt18uninitialized_copyIN9__gnu_cxx17__normal_iteratorIPKhSt6vectorIhSaIhEEEEPhET0_T_SA_S9_
                0x000000000800a266       0x24 Src/mainpp.o
                0x000000000800a266                unsigned char* std::uninitialized_copy<__gnu_cxx::__normal_iterator<unsigned char const*, std::vector<unsigned char, std::allocator<unsigned char> > >, unsigned char*>(__gnu_cxx::__normal_iterator<unsigned char const*, std::vector<unsigned char, std::allocator<unsigned char> > >, __gnu_cxx::__normal_iterator<unsigned char const*, std::vector<unsigned char, std::allocator<unsigned char> > >, unsigned char*)
 .text._ZNSt12_Vector_baseIhSaIhEE12_Vector_implC2Ev
                0x000000000800a28a       0x2a Src/mainpp.o
                0x000000000800a28a                std::_Vector_base<unsigned char, std::allocator<unsigned char> >::_Vector_impl::_Vector_impl()
                0x000000000800a28a                std::_Vector_base<unsigned char, std::allocator<unsigned char> >::_Vector_impl::_Vector_impl()
 .text._ZSt12__miter_baseIN9__gnu_cxx17__normal_iteratorIPKhSt6vectorIhSaIhEEEEET_S8_
                0x000000000800a2b4       0x16 Src/mainpp.o
                0x000000000800a2b4                __gnu_cxx::__normal_iterator<unsigned char const*, std::vector<unsigned char, std::allocator<unsigned char> > > std::__miter_base<__gnu_cxx::__normal_iterator<unsigned char const*, std::vector<unsigned char, std::allocator<unsigned char> > > >(__gnu_cxx::__normal_iterator<unsigned char const*, std::vector<unsigned char, std::allocator<unsigned char> > >)
 .text._ZSt4moveIRSaIhEEONSt16remove_referenceIT_E4typeEOS3_
                0x000000000800a2ca       0x16 Src/mainpp.o
                0x000000000800a2ca                std::remove_reference<std::allocator<unsigned char>&>::type&& std::move<std::allocator<unsigned char>&>(std::allocator<unsigned char>&)
 .text._ZNSt12_Vector_baseIhSaIhEE12_Vector_impl12_M_swap_dataERS2_
                0x000000000800a2e0       0x40 Src/mainpp.o
                0x000000000800a2e0                std::_Vector_base<unsigned char, std::allocator<unsigned char> >::_Vector_impl::_M_swap_data(std::_Vector_base<unsigned char, std::allocator<unsigned char> >::_Vector_impl&)
 .text._ZNSt5arrayIhLj4EE4dataEv
                0x000000000800a320       0x1a Src/mainpp.o
                0x000000000800a320                std::array<unsigned char, 4u>::data()
 .text._ZNKSt12_Vector_baseIhSaIhEE13get_allocatorEv
                0x000000000800a33a       0x22 Src/mainpp.o
                0x000000000800a33a                std::_Vector_base<unsigned char, std::allocator<unsigned char> >::get_allocator() const
 .text._ZNSt6vectorIhSaIhEEC2ERKS0_
                0x000000000800a35c       0x1e Src/mainpp.o
                0x000000000800a35c                std::vector<unsigned char, std::allocator<unsigned char> >::vector(std::allocator<unsigned char> const&)
                0x000000000800a35c                std::vector<unsigned char, std::allocator<unsigned char> >::vector(std::allocator<unsigned char> const&)
 .text._ZSt15__alloc_on_moveISaIhEEvRT_S2_
                0x000000000800a37a       0x1c Src/mainpp.o
                0x000000000800a37a                void std::__alloc_on_move<std::allocator<unsigned char> >(std::allocator<unsigned char>&, std::allocator<unsigned char>&)
 .text._ZN9__gnu_cxx13new_allocatorIhEC2ERKS1_
                0x000000000800a396       0x18 Src/mainpp.o
                0x000000000800a396                __gnu_cxx::new_allocator<unsigned char>::new_allocator(__gnu_cxx::new_allocator<unsigned char> const&)
                0x000000000800a396                __gnu_cxx::new_allocator<unsigned char>::new_allocator(__gnu_cxx::new_allocator<unsigned char> const&)
 .text._ZNSt20__uninitialized_copyILb1EE13__uninit_copyIN9__gnu_cxx17__normal_iteratorIPKhSt6vectorIhSaIhEEEEPhEET0_T_SC_SB_
                0x000000000800a3ae       0x20 Src/mainpp.o
                0x000000000800a3ae                unsigned char* std::__uninitialized_copy<true>::__uninit_copy<__gnu_cxx::__normal_iterator<unsigned char const*, std::vector<unsigned char, std::allocator<unsigned char> > >, unsigned char*>(__gnu_cxx::__normal_iterator<unsigned char const*, std::vector<unsigned char, std::allocator<unsigned char> > >, __gnu_cxx::__normal_iterator<unsigned char const*, std::vector<unsigned char, std::allocator<unsigned char> > >, unsigned char*)
 .text._ZNSaIhEC2Ev
                0x000000000800a3ce       0x18 Src/mainpp.o
                0x000000000800a3ce                std::allocator<unsigned char>::allocator()
                0x000000000800a3ce                std::allocator<unsigned char>::allocator()
 .text._ZSt12__niter_baseIPKhSt6vectorIhSaIhEEET_N9__gnu_cxx17__normal_iteratorIS5_T0_EE
                0x000000000800a3e6       0x1c Src/mainpp.o
                0x000000000800a3e6                unsigned char const* std::__niter_base<unsigned char const*, std::vector<unsigned char, std::allocator<unsigned char> > >(__gnu_cxx::__normal_iterator<unsigned char const*, std::vector<unsigned char, std::allocator<unsigned char> > >)
 .text._ZSt13__copy_move_aILb0EPKhPhET1_T0_S4_S3_